Archive member included to satisfy reference by file (symbol)

/home/chris/st/stm32cubeide_1.2.0/plugins/com.st.stm32cube.ide.mcu.externaltools.gnu-tools-for-stm32.7-2018-q2-update.linux64_1.0.0.201904181610/tools/bin/../lib/gcc/arm-none-eabi/7.3.1/../../../../arm-none-eabi/lib/thumb/v6-m/libc_nano.a(lib_a-errno.o)
                              Core/Src/syscalls.o (__errno)
/home/chris/st/stm32cubeide_1.2.0/plugins/com.st.stm32cube.ide.mcu.externaltools.gnu-tools-for-stm32.7-2018-q2-update.linux64_1.0.0.201904181610/tools/bin/../lib/gcc/arm-none-eabi/7.3.1/../../../../arm-none-eabi/lib/thumb/v6-m/libc_nano.a(lib_a-exit.o)
                              /home/chris/st/stm32cubeide_1.2.0/plugins/com.st.stm32cube.ide.mcu.externaltools.gnu-tools-for-stm32.7-2018-q2-update.linux64_1.0.0.201904181610/tools/bin/../lib/gcc/arm-none-eabi/7.3.1/../../../../arm-none-eabi/lib/thumb/v6-m/crt0.o (exit)
/home/chris/st/stm32cubeide_1.2.0/plugins/com.st.stm32cube.ide.mcu.externaltools.gnu-tools-for-stm32.7-2018-q2-update.linux64_1.0.0.201904181610/tools/bin/../lib/gcc/arm-none-eabi/7.3.1/../../../../arm-none-eabi/lib/thumb/v6-m/libc_nano.a(lib_a-impure.o)
                              /home/chris/st/stm32cubeide_1.2.0/plugins/com.st.stm32cube.ide.mcu.externaltools.gnu-tools-for-stm32.7-2018-q2-update.linux64_1.0.0.201904181610/tools/bin/../lib/gcc/arm-none-eabi/7.3.1/../../../../arm-none-eabi/lib/thumb/v6-m/libc_nano.a(lib_a-exit.o) (_global_impure_ptr)
/home/chris/st/stm32cubeide_1.2.0/plugins/com.st.stm32cube.ide.mcu.externaltools.gnu-tools-for-stm32.7-2018-q2-update.linux64_1.0.0.201904181610/tools/bin/../lib/gcc/arm-none-eabi/7.3.1/../../../../arm-none-eabi/lib/thumb/v6-m/libc_nano.a(lib_a-init.o)
                              /home/chris/st/stm32cubeide_1.2.0/plugins/com.st.stm32cube.ide.mcu.externaltools.gnu-tools-for-stm32.7-2018-q2-update.linux64_1.0.0.201904181610/tools/bin/../lib/gcc/arm-none-eabi/7.3.1/../../../../arm-none-eabi/lib/thumb/v6-m/crt0.o (__libc_init_array)
/home/chris/st/stm32cubeide_1.2.0/plugins/com.st.stm32cube.ide.mcu.externaltools.gnu-tools-for-stm32.7-2018-q2-update.linux64_1.0.0.201904181610/tools/bin/../lib/gcc/arm-none-eabi/7.3.1/../../../../arm-none-eabi/lib/thumb/v6-m/libc_nano.a(lib_a-memmove.o)
                              ssd1306/ssd1306_tests.o (memmove)
/home/chris/st/stm32cubeide_1.2.0/plugins/com.st.stm32cube.ide.mcu.externaltools.gnu-tools-for-stm32.7-2018-q2-update.linux64_1.0.0.201904181610/tools/bin/../lib/gcc/arm-none-eabi/7.3.1/../../../../arm-none-eabi/lib/thumb/v6-m/libc_nano.a(lib_a-memset.o)
                              /home/chris/st/stm32cubeide_1.2.0/plugins/com.st.stm32cube.ide.mcu.externaltools.gnu-tools-for-stm32.7-2018-q2-update.linux64_1.0.0.201904181610/tools/bin/../lib/gcc/arm-none-eabi/7.3.1/../../../../arm-none-eabi/lib/thumb/v6-m/crt0.o (memset)
/home/chris/st/stm32cubeide_1.2.0/plugins/com.st.stm32cube.ide.mcu.externaltools.gnu-tools-for-stm32.7-2018-q2-update.linux64_1.0.0.201904181610/tools/bin/../lib/gcc/arm-none-eabi/7.3.1/../../../../arm-none-eabi/lib/thumb/v6-m/libc_nano.a(lib_a-snprintf.o)
                              Core/Src/stm32f0xx_it.o (snprintf)
/home/chris/st/stm32cubeide_1.2.0/plugins/com.st.stm32cube.ide.mcu.externaltools.gnu-tools-for-stm32.7-2018-q2-update.linux64_1.0.0.201904181610/tools/bin/../lib/gcc/arm-none-eabi/7.3.1/../../../../arm-none-eabi/lib/thumb/v6-m/libc_nano.a(lib_a-nano-svfprintf.o)
                              /home/chris/st/stm32cubeide_1.2.0/plugins/com.st.stm32cube.ide.mcu.externaltools.gnu-tools-for-stm32.7-2018-q2-update.linux64_1.0.0.201904181610/tools/bin/../lib/gcc/arm-none-eabi/7.3.1/../../../../arm-none-eabi/lib/thumb/v6-m/libc_nano.a(lib_a-snprintf.o) (_svfprintf_r)
/home/chris/st/stm32cubeide_1.2.0/plugins/com.st.stm32cube.ide.mcu.externaltools.gnu-tools-for-stm32.7-2018-q2-update.linux64_1.0.0.201904181610/tools/bin/../lib/gcc/arm-none-eabi/7.3.1/../../../../arm-none-eabi/lib/thumb/v6-m/libc_nano.a(lib_a-nano-vfprintf_i.o)
                              /home/chris/st/stm32cubeide_1.2.0/plugins/com.st.stm32cube.ide.mcu.externaltools.gnu-tools-for-stm32.7-2018-q2-update.linux64_1.0.0.201904181610/tools/bin/../lib/gcc/arm-none-eabi/7.3.1/../../../../arm-none-eabi/lib/thumb/v6-m/libc_nano.a(lib_a-nano-svfprintf.o) (_printf_i)
/home/chris/st/stm32cubeide_1.2.0/plugins/com.st.stm32cube.ide.mcu.externaltools.gnu-tools-for-stm32.7-2018-q2-update.linux64_1.0.0.201904181610/tools/bin/../lib/gcc/arm-none-eabi/7.3.1/../../../../arm-none-eabi/lib/thumb/v6-m/libc_nano.a(lib_a-memchr-stub.o)
                              /home/chris/st/stm32cubeide_1.2.0/plugins/com.st.stm32cube.ide.mcu.externaltools.gnu-tools-for-stm32.7-2018-q2-update.linux64_1.0.0.201904181610/tools/bin/../lib/gcc/arm-none-eabi/7.3.1/../../../../arm-none-eabi/lib/thumb/v6-m/libc_nano.a(lib_a-nano-svfprintf.o) (memchr)
[...]
Memory Configuration

Name             Origin             Length             Attributes
RAM              0x0000000020000000 0x0000000000004000 xrw
FLASH            0x0000000008000000 0x0000000000020000 xr
*default*        0x0000000000000000 0xffffffffffffffff

Linker script and memory map

LOAD /home/chris/st/stm32cubeide_1.2.0/plugins/com.st.stm32cube.ide.mcu.externaltools.gnu-tools-for-stm32.7-2018-q2-update.linux64_1.0.0.201904181610/tools/bin/../lib/gcc/arm-none-eabi/7.3.1/thumb/v6-m/crti.o
LOAD /home/chris/st/stm32cubeide_1.2.0/plugins/com.st.stm32cube.ide.mcu.externaltools.gnu-tools-for-stm32.7-2018-q2-update.linux64_1.0.0.201904181610/tools/bin/../lib/gcc/arm-none-eabi/7.3.1/thumb/v6-m/crtbegin.o
LOAD /home/chris/st/stm32cubeide_1.2.0/plugins/com.st.stm32cube.ide.mcu.externaltools.gnu-tools-for-stm32.7-2018-q2-update.linux64_1.0.0.201904181610/tools/bin/../lib/gcc/arm-none-eabi/7.3.1/../../../../arm-none-eabi/lib/thumb/v6-m/crt0.o
LOAD Core/Src/dac.o
LOAD Core/Src/dma.o
LOAD Core/Src/gpio.o
LOAD Core/Src/i2c.o
LOAD Core/Src/main.o
LOAD Core/Src/stm32f0xx_hal_msp.o
LOAD Core/Src/stm32f0xx_it.o
LOAD Core/Src/syscalls.o
LOAD Core/Src/sysmem.o
LOAD Core/Src/system_stm32f0xx.o
LOAD Core/Src/tim.o
LOAD Core/Startup/startup_stm32f072rbtx.o
LOAD Drivers/STM32F0xx_HAL_Driver/Src/stm32f0xx_hal.o
LOAD Drivers/STM32F0xx_HAL_Driver/Src/stm32f0xx_hal_cortex.o
LOAD Drivers/STM32F0xx_HAL_Driver/Src/stm32f0xx_hal_dac.o
LOAD Drivers/STM32F0xx_HAL_Driver/Src/stm32f0xx_hal_dac_ex.o
LOAD Drivers/STM32F0xx_HAL_Driver/Src/stm32f0xx_hal_dma.o
LOAD Drivers/STM32F0xx_HAL_Driver/Src/stm32f0xx_hal_exti.o
LOAD Drivers/STM32F0xx_HAL_Driver/Src/stm32f0xx_hal_flash.o
LOAD Drivers/STM32F0xx_HAL_Driver/Src/stm32f0xx_hal_flash_ex.o
LOAD Drivers/STM32F0xx_HAL_Driver/Src/stm32f0xx_hal_gpio.o
LOAD Drivers/STM32F0xx_HAL_Driver/Src/stm32f0xx_hal_i2c.o
LOAD Drivers/STM32F0xx_HAL_Driver/Src/stm32f0xx_hal_i2c_ex.o
LOAD Drivers/STM32F0xx_HAL_Driver/Src/stm32f0xx_hal_pwr.o
LOAD Drivers/STM32F0xx_HAL_Driver/Src/stm32f0xx_hal_pwr_ex.o
LOAD Drivers/STM32F0xx_HAL_Driver/Src/stm32f0xx_hal_rcc.o
LOAD Drivers/STM32F0xx_HAL_Driver/Src/stm32f0xx_hal_rcc_ex.o
LOAD Drivers/STM32F0xx_HAL_Driver/Src/stm32f0xx_hal_tim.o
LOAD Drivers/STM32F0xx_HAL_Driver/Src/stm32f0xx_hal_tim_ex.o
LOAD ssd1306/ssd1306.o
LOAD ssd1306/ssd1306_fonts.o
LOAD ssd1306/ssd1306_tests.o
START GROUP
LOAD /home/chris/st/stm32cubeide_1.2.0/plugins/com.st.stm32cube.ide.mcu.externaltools.gnu-tools-for-stm32.7-2018-q2-update.linux64_1.0.0.201904181610/tools/bin/../lib/gcc/arm-none-eabi/7.3.1/../../../../arm-none-eabi/lib/thumb/v6-m/libc_nano.a
LOAD /home/chris/st/stm32cubeide_1.2.0/plugins/com.st.stm32cube.ide.mcu.externaltools.gnu-tools-for-stm32.7-2018-q2-update.linux64_1.0.0.201904181610/tools/bin/../lib/gcc/arm-none-eabi/7.3.1/../../../../arm-none-eabi/lib/thumb/v6-m/libm.a
END GROUP
START GROUP
LOAD /home/chris/st/stm32cubeide_1.2.0/plugins/com.st.stm32cube.ide.mcu.externaltools.gnu-tools-for-stm32.7-2018-q2-update.linux64_1.0.0.201904181610/tools/bin/../lib/gcc/arm-none-eabi/7.3.1/thumb/v6-m/libgcc.a
LOAD /home/chris/st/stm32cubeide_1.2.0/plugins/com.st.stm32cube.ide.mcu.externaltools.gnu-tools-for-stm32.7-2018-q2-update.linux64_1.0.0.201904181610/tools/bin/../lib/gcc/arm-none-eabi/7.3.1/../../../../arm-none-eabi/lib/thumb/v6-m/libc_nano.a
END GROUP
START GROUP
LOAD /home/chris/st/stm32cubeide_1.2.0/plugins/com.st.stm32cube.ide.mcu.externaltools.gnu-tools-for-stm32.7-2018-q2-update.linux64_1.0.0.201904181610/tools/bin/../lib/gcc/arm-none-eabi/7.3.1/thumb/v6-m/libgcc.a
LOAD /home/chris/st/stm32cubeide_1.2.0/plugins/com.st.stm32cube.ide.mcu.externaltools.gnu-tools-for-stm32.7-2018-q2-update.linux64_1.0.0.201904181610/tools/bin/../lib/gcc/arm-none-eabi/7.3.1/../../../../arm-none-eabi/lib/thumb/v6-m/libc_nano.a
LOAD /home/chris/st/stm32cubeide_1.2.0/plugins/com.st.stm32cube.ide.mcu.externaltools.gnu-tools-for-stm32.7-2018-q2-update.linux64_1.0.0.201904181610/tools/bin/../lib/gcc/arm-none-eabi/7.3.1/../../../../arm-none-eabi/lib/thumb/v6-m/libnosys.a
END GROUP
START GROUP
LOAD /home/chris/st/stm32cubeide_1.2.0/plugins/com.st.stm32cube.ide.mcu.externaltools.gnu-tools-for-stm32.7-2018-q2-update.linux64_1.0.0.201904181610/tools/bin/../lib/gcc/arm-none-eabi/7.3.1/thumb/v6-m/libgcc.a
LOAD /home/chris/st/stm32cubeide_1.2.0/plugins/com.st.stm32cube.ide.mcu.externaltools.gnu-tools-for-stm32.7-2018-q2-update.linux64_1.0.0.201904181610/tools/bin/../lib/gcc/arm-none-eabi/7.3.1/../../../../arm-none-eabi/lib/thumb/v6-m/libc_nano.a
LOAD /home/chris/st/stm32cubeide_1.2.0/plugins/com.st.stm32cube.ide.mcu.externaltools.gnu-tools-for-stm32.7-2018-q2-update.linux64_1.0.0.201904181610/tools/bin/../lib/gcc/arm-none-eabi/7.3.1/../../../../arm-none-eabi/lib/thumb/v6-m/libnosys.a
END GROUP
LOAD /home/chris/st/stm32cubeide_1.2.0/plugins/com.st.stm32cube.ide.mcu.externaltools.gnu-tools-for-stm32.7-2018-q2-update.linux64_1.0.0.201904181610/tools/bin/../lib/gcc/arm-none-eabi/7.3.1/thumb/v6-m/crtend.o
LOAD /home/chris/st/stm32cubeide_1.2.0/plugins/com.st.stm32cube.ide.mcu.externaltools.gnu-tools-for-stm32.7-2018-q2-update.linux64_1.0.0.201904181610/tools/bin/../lib/gcc/arm-none-eabi/7.3.1/thumb/v6-m/crtn.o
                0x0000000020004000                _estack = (ORIGIN (RAM) + LENGTH (RAM))
                0x0000000000000200                _Min_Heap_Size = 0x200
                0x0000000000000400                _Min_Stack_Size = 0x400

.isr_vector     0x0000000008000000       0xc0
                0x0000000008000000                . = ALIGN (0x4)
 *(.isr_vector)
 .isr_vector    0x0000000008000000       0xc0 Core/Startup/startup_stm32f072rbtx.o
                0x0000000008000000                g_pfnVectors
                0x00000000080000c0                . = ALIGN (0x4)

.text           0x00000000080000c0     0x4a4c
                0x00000000080000c0                . = ALIGN (0x4)
 *(.text)
 .text          0x00000000080000c0       0x48 /home/chris/st/stm32cubeide_1.2.0/plugins/com.st.stm32cube.ide.mcu.externaltools.gnu-tools-for-stm32.7-2018-q2-update.linux64_1.0.0.201904181610/tools/bin/../lib/gcc/arm-none-eabi/7.3.1/thumb/v6-m/crtbegin.o
 .text          0x0000000008000108      0x114 /home/chris/st/stm32cubeide_1.2.0/plugins/com.st.stm32cube.ide.mcu.externaltools.gnu-tools-for-stm32.7-2018-q2-update.linux64_1.0.0.201904181610/tools/bin/../lib/gcc/arm-none-eabi/7.3.1/thumb/v6-m/libgcc.a(_udivsi3.o)
                0x0000000008000108                __udivsi3
                0x0000000008000108                __aeabi_uidiv
                0x0000000008000214                __aeabi_uidivmod
 .text          0x000000000800021c        0x4 /home/chris/st/stm32cubeide_1.2.0/plugins/com.st.stm32cube.ide.mcu.externaltools.gnu-tools-for-stm32.7-2018-q2-update.linux64_1.0.0.201904181610/tools/bin/../lib/gcc/arm-none-eabi/7.3.1/thumb/v6-m/libgcc.a(_dvmd_tls.o)
                0x000000000800021c                __aeabi_ldiv0
                0x000000000800021c                __aeabi_idiv0
 *(.text*)
 .text.MX_DAC_Init
                0x0000000008000220       0x74 Core/Src/dac.o
                0x0000000008000220                MX_DAC_Init
 .text.HAL_DAC_MspInit
                0x0000000008000294      0x140 Core/Src/dac.o
                0x0000000008000294                HAL_DAC_MspInit
 .text.MX_DMA_Init
                0x00000000080003d4       0x4c Core/Src/dma.o
                0x00000000080003d4                MX_DMA_Init
 .text.MX_GPIO_Init
                0x0000000008000420       0xd0 Core/Src/gpio.o
                0x0000000008000420                MX_GPIO_Init
 .text.MX_I2C1_Init
                0x00000000080004f0       0x80 Core/Src/i2c.o
                0x00000000080004f0                MX_I2C1_Init
 .text.HAL_I2C_MspInit
                0x0000000008000570       0x9c Core/Src/i2c.o
                0x0000000008000570                HAL_I2C_MspInit
 .text.Utils_i2c_scan
                0x000000000800060c       0x68 Core/Src/main.o
                0x000000000800060c                Utils_i2c_scan
 .text.main     0x0000000008000674       0xcc Core/Src/main.o
                0x0000000008000674                main
 .text.SystemClock_Config
                0x0000000008000740       0xc4 Core/Src/main.o
                0x0000000008000740                SystemClock_Config
 .text.Error_Handler
                0x0000000008000804        0xa Core/Src/main.o
                0x0000000008000804                Error_Handler
 *fill*         0x000000000800080e        0x2 
 .text.HAL_MspInit
                0x0000000008000810       0x48 Core/Src/stm32f0xx_hal_msp.o
                0x0000000008000810                HAL_MspInit
 .text.NMI_Handler
                0x0000000008000858        0xa Core/Src/stm32f0xx_it.o
                0x0000000008000858                NMI_Handler
 .text.HardFault_Handler
                0x0000000008000862        0x6 Core/Src/stm32f0xx_it.o
                0x0000000008000862                HardFault_Handler
 .text.SVC_Handler
                0x0000000008000868        0xa Core/Src/stm32f0xx_it.o
                0x0000000008000868                SVC_Handler
 .text.PendSV_Handler
                0x0000000008000872        0xa Core/Src/stm32f0xx_it.o
                0x0000000008000872                PendSV_Handler
 .text.SysTick_Handler
                0x000000000800087c        0xe Core/Src/stm32f0xx_it.o
                0x000000000800087c                SysTick_Handler
 *fill*         0x000000000800088a        0x2 
 .text.EXTI0_1_IRQHandler
                0x000000000800088c       0x20 Core/Src/stm32f0xx_it.o
                0x000000000800088c                EXTI0_1_IRQHandler
 .text.EXTI2_3_IRQHandler
                0x00000000080008ac       0x20 Core/Src/stm32f0xx_it.o
                0x00000000080008ac                EXTI2_3_IRQHandler
 .text.EXTI4_15_IRQHandler
                0x00000000080008cc       0x84 Core/Src/stm32f0xx_it.o
                0x00000000080008cc                EXTI4_15_IRQHandler
 .text.DMA1_Channel2_3_IRQHandler
                0x0000000008000950       0x18 Core/Src/stm32f0xx_it.o
                0x0000000008000950                DMA1_Channel2_3_IRQHandler
 .text.DMA1_Channel4_5_6_7_IRQHandler
                0x0000000008000968       0x18 Core/Src/stm32f0xx_it.o
                0x0000000008000968                DMA1_Channel4_5_6_7_IRQHandler
 .text.TIM14_IRQHandler
                0x0000000008000980      0x128 Core/Src/stm32f0xx_it.o
                0x0000000008000980                TIM14_IRQHandler
 .text._sbrk    0x0000000008000aa8       0x58 Core/Src/sysmem.o
                0x0000000008000aa8                _sbrk
 .text.SystemInit
                0x0000000008000b00        0xa Core/Src/system_stm32f0xx.o
                0x0000000008000b00                SystemInit
 *fill*         0x0000000008000b0a        0x2 
 .text.MX_TIM2_Init
                0x0000000008000b0c       0xc4 Core/Src/tim.o
                0x0000000008000b0c                MX_TIM2_Init
 .text.MX_TIM3_Init
                0x0000000008000bd0       0xc8 Core/Src/tim.o
                0x0000000008000bd0                MX_TIM3_Init
 .text.MX_TIM6_Init
                0x0000000008000c98       0x74 Core/Src/tim.o
                0x0000000008000c98                MX_TIM6_Init
 .text.MX_TIM7_Init
                0x0000000008000d0c       0x74 Core/Src/tim.o
                0x0000000008000d0c                MX_TIM7_Init
 .text.MX_TIM14_Init
                0x0000000008000d80       0x4c Core/Src/tim.o
                0x0000000008000d80                MX_TIM14_Init
 .text.MX_TIM15_Init
                0x0000000008000dcc       0xb0 Core/Src/tim.o
                0x0000000008000dcc                MX_TIM15_Init
 .text.HAL_TIM_Encoder_MspInit
                0x0000000008000e7c      0x104 Core/Src/tim.o
                0x0000000008000e7c                HAL_TIM_Encoder_MspInit
 .text.HAL_TIM_Base_MspInit
                0x0000000008000f80       0xcc Core/Src/tim.o
                0x0000000008000f80                HAL_TIM_Base_MspInit
 .text.Reset_Handler
                0x000000000800104c       0x50 Core/Startup/startup_stm32f072rbtx.o
                0x000000000800104c                Reset_Handler
 .text.Default_Handler
                0x000000000800109c        0x2 Core/Startup/startup_stm32f072rbtx.o
                0x000000000800109c                TIM1_CC_IRQHandler
                0x000000000800109c                TSC_IRQHandler
                0x000000000800109c                ADC1_COMP_IRQHandler
                0x000000000800109c                I2C1_IRQHandler
                0x000000000800109c                RCC_CRS_IRQHandler
                0x000000000800109c                SPI1_IRQHandler
                0x000000000800109c                TIM6_DAC_IRQHandler
                0x000000000800109c                USART3_4_IRQHandler
                0x000000000800109c                I2C2_IRQHandler
                0x000000000800109c                TIM17_IRQHandler
                0x000000000800109c                CEC_CAN_IRQHandler
                0x000000000800109c                RTC_IRQHandler
                0x000000000800109c                PVD_VDDIO2_IRQHandler
                0x000000000800109c                TIM16_IRQHandler
                0x000000000800109c                TIM3_IRQHandler
                0x000000000800109c                DMA1_Channel1_IRQHandler
                0x000000000800109c                Default_Handler
                0x000000000800109c                TIM7_IRQHandler
                0x000000000800109c                TIM15_IRQHandler
                0x000000000800109c                USB_IRQHandler
                0x000000000800109c                SPI2_IRQHandler
                0x000000000800109c                WWDG_IRQHandler
                0x000000000800109c                TIM2_IRQHandler
                0x000000000800109c                USART2_IRQHandler
                0x000000000800109c                FLASH_IRQHandler
                0x000000000800109c                USART1_IRQHandler
                0x000000000800109c                TIM1_BRK_UP_TRG_COM_IRQHandler
 *fill*         0x000000000800109e        0x2 
 .text.HAL_Init
                0x00000000080010a0       0x28 Drivers/STM32F0xx_HAL_Driver/Src/stm32f0xx_hal.o
                0x00000000080010a0                HAL_Init
 .text.HAL_InitTick
                0x00000000080010c8       0x68 Drivers/STM32F0xx_HAL_Driver/Src/stm32f0xx_hal.o
                0x00000000080010c8                HAL_InitTick
 .text.HAL_IncTick
                0x0000000008001130       0x24 Drivers/STM32F0xx_HAL_Driver/Src/stm32f0xx_hal.o
                0x0000000008001130                HAL_IncTick
 .text.HAL_GetTick
                0x0000000008001154       0x14 Drivers/STM32F0xx_HAL_Driver/Src/stm32f0xx_hal.o
                0x0000000008001154                HAL_GetTick
 .text.HAL_Delay
                0x0000000008001168       0x44 Drivers/STM32F0xx_HAL_Driver/Src/stm32f0xx_hal.o
                0x0000000008001168                HAL_Delay
 .text.__NVIC_EnableIRQ
                0x00000000080011ac       0x34 Drivers/STM32F0xx_HAL_Driver/Src/stm32f0xx_hal_cortex.o
 .text.__NVIC_SetPriority
                0x00000000080011e0       0xdc Drivers/STM32F0xx_HAL_Driver/Src/stm32f0xx_hal_cortex.o
 .text.SysTick_Config
                0x00000000080012bc       0x48 Drivers/STM32F0xx_HAL_Driver/Src/stm32f0xx_hal_cortex.o
 .text.HAL_NVIC_SetPriority
                0x0000000008001304       0x2a Drivers/STM32F0xx_HAL_Driver/Src/stm32f0xx_hal_cortex.o
                0x0000000008001304                HAL_NVIC_SetPriority
 .text.HAL_NVIC_EnableIRQ
                0x000000000800132e       0x20 Drivers/STM32F0xx_HAL_Driver/Src/stm32f0xx_hal_cortex.o
                0x000000000800132e                HAL_NVIC_EnableIRQ
 .text.HAL_SYSTICK_Config
                0x000000000800134e       0x1a Drivers/STM32F0xx_HAL_Driver/Src/stm32f0xx_hal_cortex.o
                0x000000000800134e                HAL_SYSTICK_Config
 .text.HAL_DAC_Init
                0x0000000008001368       0x46 Drivers/STM32F0xx_HAL_Driver/Src/stm32f0xx_hal_dac.o
                0x0000000008001368                HAL_DAC_Init
 .text.HAL_DAC_ConvCpltCallbackCh1
                0x00000000080013ae       0x10 Drivers/STM32F0xx_HAL_Driver/Src/stm32f0xx_hal_dac.o
                0x00000000080013ae                HAL_DAC_ConvCpltCallbackCh1
 .text.HAL_DAC_ConvHalfCpltCallbackCh1
                0x00000000080013be       0x10 Drivers/STM32F0xx_HAL_Driver/Src/stm32f0xx_hal_dac.o
                0x00000000080013be                HAL_DAC_ConvHalfCpltCallbackCh1
 .text.HAL_DAC_ErrorCallbackCh1
                0x00000000080013ce       0x10 Drivers/STM32F0xx_HAL_Driver/Src/stm32f0xx_hal_dac.o
                0x00000000080013ce                HAL_DAC_ErrorCallbackCh1
 *fill*         0x00000000080013de        0x2 
 .text.HAL_DAC_ConfigChannel
                0x00000000080013e0       0x80 Drivers/STM32F0xx_HAL_Driver/Src/stm32f0xx_hal_dac_ex.o
                0x00000000080013e0                HAL_DAC_ConfigChannel
 .text.HAL_DAC_Start_DMA
                0x0000000008001460      0x164 Drivers/STM32F0xx_HAL_Driver/Src/stm32f0xx_hal_dac_ex.o
                0x0000000008001460                HAL_DAC_Start_DMA
 .text.DAC_DMAConvCpltCh1
                0x00000000080015c4       0x24 Drivers/STM32F0xx_HAL_Driver/Src/stm32f0xx_hal_dac_ex.o
 .text.DAC_DMAHalfConvCpltCh1
                0x00000000080015e8       0x1e Drivers/STM32F0xx_HAL_Driver/Src/stm32f0xx_hal_dac_ex.o
 .text.DAC_DMAErrorCh1
                0x0000000008001606       0x30 Drivers/STM32F0xx_HAL_Driver/Src/stm32f0xx_hal_dac_ex.o
 .text.DAC_DMAConvCpltCh2
                0x0000000008001636       0x24 Drivers/STM32F0xx_HAL_Driver/Src/stm32f0xx_hal_dac_ex.o
                0x0000000008001636                DAC_DMAConvCpltCh2
 .text.DAC_DMAHalfConvCpltCh2
                0x000000000800165a       0x1e Drivers/STM32F0xx_HAL_Driver/Src/stm32f0xx_hal_dac_ex.o
                0x000000000800165a                DAC_DMAHalfConvCpltCh2
 .text.DAC_DMAErrorCh2
                0x0000000008001678       0x30 Drivers/STM32F0xx_HAL_Driver/Src/stm32f0xx_hal_dac_ex.o
                0x0000000008001678                DAC_DMAErrorCh2
 .text.HAL_DACEx_ConvCpltCallbackCh2
                0x00000000080016a8       0x10 Drivers/STM32F0xx_HAL_Driver/Src/stm32f0xx_hal_dac_ex.o
                0x00000000080016a8                HAL_DACEx_ConvCpltCallbackCh2
 .text.HAL_DACEx_ConvHalfCpltCallbackCh2
                0x00000000080016b8       0x10 Drivers/STM32F0xx_HAL_Driver/Src/stm32f0xx_hal_dac_ex.o
                0x00000000080016b8                HAL_DACEx_ConvHalfCpltCallbackCh2
 .text.HAL_DACEx_ErrorCallbackCh2
                0x00000000080016c8       0x10 Drivers/STM32F0xx_HAL_Driver/Src/stm32f0xx_hal_dac_ex.o
                0x00000000080016c8                HAL_DACEx_ErrorCallbackCh2
 .text.HAL_DMA_Init
                0x00000000080016d8       0x90 Drivers/STM32F0xx_HAL_Driver/Src/stm32f0xx_hal_dma.o
                0x00000000080016d8                HAL_DMA_Init
 .text.HAL_DMA_Start_IT
                0x0000000008001768       0xcc Drivers/STM32F0xx_HAL_Driver/Src/stm32f0xx_hal_dma.o
                0x0000000008001768                HAL_DMA_Start_IT
 .text.HAL_DMA_IRQHandler
                0x0000000008001834      0x144 Drivers/STM32F0xx_HAL_Driver/Src/stm32f0xx_hal_dma.o
                0x0000000008001834                HAL_DMA_IRQHandler
 .text.DMA_SetConfig
                0x0000000008001978       0x58 Drivers/STM32F0xx_HAL_Driver/Src/stm32f0xx_hal_dma.o
 .text.DMA_CalcBaseAndBitshift
                0x00000000080019d0       0x38 Drivers/STM32F0xx_HAL_Driver/Src/stm32f0xx_hal_dma.o
 .text.HAL_GPIO_Init
                0x0000000008001a08      0x2f0 Drivers/STM32F0xx_HAL_Driver/Src/stm32f0xx_hal_gpio.o
                0x0000000008001a08                HAL_GPIO_Init
 .text.HAL_GPIO_WritePin
                0x0000000008001cf8       0x3a Drivers/STM32F0xx_HAL_Driver/Src/stm32f0xx_hal_gpio.o
                0x0000000008001cf8                HAL_GPIO_WritePin
 *fill*         0x0000000008001d32        0x2 
 .text.HAL_GPIO_EXTI_IRQHandler
                0x0000000008001d34       0x38 Drivers/STM32F0xx_HAL_Driver/Src/stm32f0xx_hal_gpio.o
                0x0000000008001d34                HAL_GPIO_EXTI_IRQHandler
 .text.HAL_GPIO_EXTI_Callback
                0x0000000008001d6c       0x14 Drivers/STM32F0xx_HAL_Driver/Src/stm32f0xx_hal_gpio.o
                0x0000000008001d6c                HAL_GPIO_EXTI_Callback
 .text.HAL_I2C_Init
                0x0000000008001d80      0x12c Drivers/STM32F0xx_HAL_Driver/Src/stm32f0xx_hal_i2c.o
                0x0000000008001d80                HAL_I2C_Init
 .text.HAL_I2C_Mem_Write
                0x0000000008001eac      0x25c Drivers/STM32F0xx_HAL_Driver/Src/stm32f0xx_hal_i2c.o
                0x0000000008001eac                HAL_I2C_Mem_Write
 .text.HAL_I2C_IsDeviceReady
                0x0000000008002108      0x234 Drivers/STM32F0xx_HAL_Driver/Src/stm32f0xx_hal_i2c.o
                0x0000000008002108                HAL_I2C_IsDeviceReady
 .text.I2C_RequestMemoryWrite
                0x000000000800233c       0xc8 Drivers/STM32F0xx_HAL_Driver/Src/stm32f0xx_hal_i2c.o
 .text.I2C_Flush_TXDR
                0x0000000008002404       0x44 Drivers/STM32F0xx_HAL_Driver/Src/stm32f0xx_hal_i2c.o
 .text.I2C_WaitOnFlagUntilTimeout
                0x0000000008002448       0x7e Drivers/STM32F0xx_HAL_Driver/Src/stm32f0xx_hal_i2c.o
 .text.I2C_WaitOnTXISFlagUntilTimeout
                0x00000000080024c6       0x7e Drivers/STM32F0xx_HAL_Driver/Src/stm32f0xx_hal_i2c.o
 .text.I2C_WaitOnSTOPFlagUntilTimeout
                0x0000000008002544       0x78 Drivers/STM32F0xx_HAL_Driver/Src/stm32f0xx_hal_i2c.o
 .text.I2C_IsAcknowledgeFailed
                0x00000000080025bc       0xcc Drivers/STM32F0xx_HAL_Driver/Src/stm32f0xx_hal_i2c.o
 .text.I2C_TransferConfig
                0x0000000008002688       0x6c Drivers/STM32F0xx_HAL_Driver/Src/stm32f0xx_hal_i2c.o
 .text.HAL_I2CEx_ConfigAnalogFilter
                0x00000000080026f4       0x98 Drivers/STM32F0xx_HAL_Driver/Src/stm32f0xx_hal_i2c_ex.o
                0x00000000080026f4                HAL_I2CEx_ConfigAnalogFilter
 .text.HAL_I2CEx_ConfigDigitalFilter
                0x000000000800278c       0x98 Drivers/STM32F0xx_HAL_Driver/Src/stm32f0xx_hal_i2c_ex.o
                0x000000000800278c                HAL_I2CEx_ConfigDigitalFilter
 .text.HAL_RCC_OscConfig
                0x0000000008002824      0x70c Drivers/STM32F0xx_HAL_Driver/Src/stm32f0xx_hal_rcc.o
                0x0000000008002824                HAL_RCC_OscConfig
 .text.HAL_RCC_ClockConfig
                0x0000000008002f30      0x1b4 Drivers/STM32F0xx_HAL_Driver/Src/stm32f0xx_hal_rcc.o
                0x0000000008002f30                HAL_RCC_ClockConfig
 .text.HAL_RCC_GetSysClockFreq
                0x00000000080030e4       0xfc Drivers/STM32F0xx_HAL_Driver/Src/stm32f0xx_hal_rcc.o
                0x00000000080030e4                HAL_RCC_GetSysClockFreq
 .text.HAL_RCCEx_PeriphCLKConfig
                0x00000000080031e0      0x200 Drivers/STM32F0xx_HAL_Driver/Src/stm32f0xx_hal_rcc_ex.o
                0x00000000080031e0                HAL_RCCEx_PeriphCLKConfig
 .text.HAL_TIM_Base_Init
                0x00000000080033e0       0x58 Drivers/STM32F0xx_HAL_Driver/Src/stm32f0xx_hal_tim.o
                0x00000000080033e0                HAL_TIM_Base_Init
 .text.HAL_TIM_Base_Start
                0x0000000008003438       0x44 Drivers/STM32F0xx_HAL_Driver/Src/stm32f0xx_hal_tim.o
                0x0000000008003438                HAL_TIM_Base_Start
 .text.HAL_TIM_Base_Start_IT
                0x000000000800347c       0x44 Drivers/STM32F0xx_HAL_Driver/Src/stm32f0xx_hal_tim.o
                0x000000000800347c                HAL_TIM_Base_Start_IT
 .text.HAL_TIM_Encoder_Init
                0x00000000080034c0      0x128 Drivers/STM32F0xx_HAL_Driver/Src/stm32f0xx_hal_tim.o
                0x00000000080034c0                HAL_TIM_Encoder_Init
 .text.HAL_TIM_IRQHandler
                0x00000000080035e8      0x22c Drivers/STM32F0xx_HAL_Driver/Src/stm32f0xx_hal_tim.o
                0x00000000080035e8                HAL_TIM_IRQHandler
 .text.HAL_TIM_ConfigClockSource
                0x0000000008003814      0x17c Drivers/STM32F0xx_HAL_Driver/Src/stm32f0xx_hal_tim.o
                0x0000000008003814                HAL_TIM_ConfigClockSource
 .text.HAL_TIM_PeriodElapsedCallback
                0x0000000008003990       0x10 Drivers/STM32F0xx_HAL_Driver/Src/stm32f0xx_hal_tim.o
                0x0000000008003990                HAL_TIM_PeriodElapsedCallback
 .text.HAL_TIM_OC_DelayElapsedCallback
                0x00000000080039a0       0x10 Drivers/STM32F0xx_HAL_Driver/Src/stm32f0xx_hal_tim.o
                0x00000000080039a0                HAL_TIM_OC_DelayElapsedCallback
 .text.HAL_TIM_IC_CaptureCallback
                0x00000000080039b0       0x10 Drivers/STM32F0xx_HAL_Driver/Src/stm32f0xx_hal_tim.o
                0x00000000080039b0                HAL_TIM_IC_CaptureCallback
 .text.HAL_TIM_PWM_PulseFinishedCallback
                0x00000000080039c0       0x10 Drivers/STM32F0xx_HAL_Driver/Src/stm32f0xx_hal_tim.o
                0x00000000080039c0                HAL_TIM_PWM_PulseFinishedCallback
 .text.HAL_TIM_TriggerCallback
                0x00000000080039d0       0x10 Drivers/STM32F0xx_HAL_Driver/Src/stm32f0xx_hal_tim.o
                0x00000000080039d0                HAL_TIM_TriggerCallback
 .text.TIM_Base_SetConfig
                0x00000000080039e0      0x100 Drivers/STM32F0xx_HAL_Driver/Src/stm32f0xx_hal_tim.o
                0x00000000080039e0                TIM_Base_SetConfig
 .text.TIM_TI1_ConfigInputStage
                0x0000000008003ae0       0x5c Drivers/STM32F0xx_HAL_Driver/Src/stm32f0xx_hal_tim.o
 .text.TIM_TI2_ConfigInputStage
                0x0000000008003b3c       0x64 Drivers/STM32F0xx_HAL_Driver/Src/stm32f0xx_hal_tim.o
 .text.TIM_ITRx_SetConfig
                0x0000000008003ba0       0x32 Drivers/STM32F0xx_HAL_Driver/Src/stm32f0xx_hal_tim.o
 *fill*         0x0000000008003bd2        0x2 
 .text.TIM_ETR_SetConfig
                0x0000000008003bd4       0x40 Drivers/STM32F0xx_HAL_Driver/Src/stm32f0xx_hal_tim.o
                0x0000000008003bd4                TIM_ETR_SetConfig
 .text.HAL_TIMEx_MasterConfigSynchronization
                0x0000000008003c14       0xbc Drivers/STM32F0xx_HAL_Driver/Src/stm32f0xx_hal_tim_ex.o
                0x0000000008003c14                HAL_TIMEx_MasterConfigSynchronization
 .text.HAL_TIMEx_CommutCallback
                0x0000000008003cd0       0x10 Drivers/STM32F0xx_HAL_Driver/Src/stm32f0xx_hal_tim_ex.o
                0x0000000008003cd0                HAL_TIMEx_CommutCallback
 .text.HAL_TIMEx_BreakCallback
                0x0000000008003ce0       0x10 Drivers/STM32F0xx_HAL_Driver/Src/stm32f0xx_hal_tim_ex.o
                0x0000000008003ce0                HAL_TIMEx_BreakCallback
 .text.ssd1306_SetI2CAddress
                0x0000000008003cf0       0x3c ssd1306/ssd1306.o
                0x0000000008003cf0                ssd1306_SetI2CAddress
 .text.ssd1306_Reset
                0x0000000008003d2c        0xa ssd1306/ssd1306.o
                0x0000000008003d2c                ssd1306_Reset
 *fill*         0x0000000008003d36        0x2 
 .text.ssd1306_WriteCommand
                0x0000000008003d38       0x60 ssd1306/ssd1306.o
                0x0000000008003d38                ssd1306_WriteCommand
 .text.ssd1306_WriteData
                0x0000000008003d98       0x60 ssd1306/ssd1306.o
                0x0000000008003d98                ssd1306_WriteData
 .text.ssd1306_Init
                0x0000000008003df8       0xdc ssd1306/ssd1306.o
                0x0000000008003df8                ssd1306_Init
 .text.ssd1306_Fill
                0x0000000008003ed4       0x48 ssd1306/ssd1306.o
                0x0000000008003ed4                ssd1306_Fill
 .text.ssd1306_UpdateScreen
                0x0000000008003f1c       0x58 ssd1306/ssd1306.o
                0x0000000008003f1c                ssd1306_UpdateScreen
 .text.ssd1306_DrawPixel
                0x0000000008003f74       0xe0 ssd1306/ssd1306.o
                0x0000000008003f74                ssd1306_DrawPixel
 .text.ssd1306_WriteChar
                0x0000000008004054      0x178 ssd1306/ssd1306.o
                0x0000000008004054                ssd1306_WriteChar
 .text.ssd1306_WriteString
                0x00000000080041cc       0x5a ssd1306/ssd1306.o
                0x00000000080041cc                ssd1306_WriteString
 *fill*         0x0000000008004226        0x2 
 .text.ssd1306_SetCursor
                0x0000000008004228       0x34 ssd1306/ssd1306.o
                0x0000000008004228                ssd1306_SetCursor
 .text.__errno  0x000000000800425c        0xc /home/chris/st/stm32cubeide_1.2.0/plugins/com.st.stm32cube.ide.mcu.externaltools.gnu-tools-for-stm32.7-2018-q2-update.linux64_1.0.0.201904181610/tools/bin/../lib/gcc/arm-none-eabi/7.3.1/../../../../arm-none-eabi/lib/thumb/v6-m/libc_nano.a(lib_a-errno.o)
                0x000000000800425c                __errno
 .text.__libc_init_array
                0x0000000008004268       0x48 /home/chris/st/stm32cubeide_1.2.0/plugins/com.st.stm32cube.ide.mcu.externaltools.gnu-tools-for-stm32.7-2018-q2-update.linux64_1.0.0.201904181610/tools/bin/../lib/gcc/arm-none-eabi/7.3.1/../../../../arm-none-eabi/lib/thumb/v6-m/libc_nano.a(lib_a-init.o)
                0x0000000008004268                __libc_init_array
 .text.memmove  0x00000000080042b0       0x26 /home/chris/st/stm32cubeide_1.2.0/plugins/com.st.stm32cube.ide.mcu.externaltools.gnu-tools-for-stm32.7-2018-q2-update.linux64_1.0.0.201904181610/tools/bin/../lib/gcc/arm-none-eabi/7.3.1/../../../../arm-none-eabi/lib/thumb/v6-m/libc_nano.a(lib_a-memmove.o)
                0x00000000080042b0                memmove
 .text.memset   0x00000000080042d6       0x10 /home/chris/st/stm32cubeide_1.2.0/plugins/com.st.stm32cube.ide.mcu.externaltools.gnu-tools-for-stm32.7-2018-q2-update.linux64_1.0.0.201904181610/tools/bin/../lib/gcc/arm-none-eabi/7.3.1/../../../../arm-none-eabi/lib/thumb/v6-m/libc_nano.a(lib_a-memset.o)
                0x00000000080042d6                memset
 *fill*         0x00000000080042e6        0x2 
 .text.snprintf
                0x00000000080042e8       0x64 /home/chris/st/stm32cubeide_1.2.0/plugins/com.st.stm32cube.ide.mcu.externaltools.gnu-tools-for-stm32.7-2018-q2-update.linux64_1.0.0.201904181610/tools/bin/../lib/gcc/arm-none-eabi/7.3.1/../../../../arm-none-eabi/lib/thumb/v6-m/libc_nano.a(lib_a-snprintf.o)
                0x00000000080042e8                snprintf
                0x00000000080042e8                sniprintf
 .text.__ssputs_r
                0x000000000800434c       0xc4 /home/chris/st/stm32cubeide_1.2.0/plugins/com.st.stm32cube.ide.mcu.externaltools.gnu-tools-for-stm32.7-2018-q2-update.linux64_1.0.0.201904181610/tools/bin/../lib/gcc/arm-none-eabi/7.3.1/../../../../arm-none-eabi/lib/thumb/v6-m/libc_nano.a(lib_a-nano-svfprintf.o)
                0x000000000800434c                __ssputs_r
 .text._svfprintf_r
                0x0000000008004410      0x1fc /home/chris/st/stm32cubeide_1.2.0/plugins/com.st.stm32cube.ide.mcu.externaltools.gnu-tools-for-stm32.7-2018-q2-update.linux64_1.0.0.201904181610/tools/bin/../lib/gcc/arm-none-eabi/7.3.1/../../../../arm-none-eabi/lib/thumb/v6-m/libc_nano.a(lib_a-nano-svfprintf.o)
                0x0000000008004410                _svfprintf_r
                0x0000000008004410                _svfiprintf_r
 .text._printf_common
                0x000000000800460c       0xda /home/chris/st/stm32cubeide_1.2.0/plugins/com.st.stm32cube.ide.mcu.externaltools.gnu-tools-for-stm32.7-2018-q2-update.linux64_1.0.0.201904181610/tools/bin/../lib/gcc/arm-none-eabi/7.3.1/../../../../arm-none-eabi/lib/thumb/v6-m/libc_nano.a(lib_a-nano-vfprintf_i.o)
                0x000000000800460c                _printf_common
 *fill*         0x00000000080046e6        0x2 
 .text._printf_i
                0x00000000080046e8      0x210 /home/chris/st/stm32cubeide_1.2.0/plugins/com.st.stm32cube.ide.mcu.externaltools.gnu-tools-for-stm32.7-2018-q2-update.linux64_1.0.0.201904181610/tools/bin/../lib/gcc/arm-none-eabi/7.3.1/../../../../arm-none-eabi/lib/thumb/v6-m/libc_nano.a(lib_a-nano-vfprintf_i.o)
                0x00000000080046e8                _printf_i
 .text.memchr   0x00000000080048f8       0x16 /home/chris/st/stm32cubeide_1.2.0/plugins/com.st.stm32cube.ide.mcu.externaltools.gnu-tools-for-stm32.7-2018-q2-update.linux64_1.0.0.201904181610/tools/bin/../lib/gcc/arm-none-eabi/7.3.1/../../../../arm-none-eabi/lib/thumb/v6-m/libc_nano.a(lib_a-memchr-stub.o)
                0x00000000080048f8                memchr
 .text.memcpy   0x000000000800490e       0x12 /home/chris/st/stm32cubeide_1.2.0/plugins/com.st.stm32cube.ide.mcu.externaltools.gnu-tools-for-stm32.7-2018-q2-update.linux64_1.0.0.201904181610/tools/bin/../lib/gcc/arm-none-eabi/7.3.1/../../../../arm-none-eabi/lib/thumb/v6-m/libc_nano.a(lib_a-memcpy-stub.o)
                0x000000000800490e                memcpy
 .text._free_r  0x0000000008004920       0x94 /home/chris/st/stm32cubeide_1.2.0/plugins/com.st.stm32cube.ide.mcu.externaltools.gnu-tools-for-stm32.7-2018-q2-update.linux64_1.0.0.201904181610/tools/bin/../lib/gcc/arm-none-eabi/7.3.1/../../../../arm-none-eabi/lib/thumb/v6-m/libc_nano.a(lib_a-nano-freer.o)
                0x0000000008004920                _free_r
 .text._malloc_r
                0x00000000080049b4       0xbc /home/chris/st/stm32cubeide_1.2.0/plugins/com.st.stm32cube.ide.mcu.externaltools.gnu-tools-for-stm32.7-2018-q2-update.linux64_1.0.0.201904181610/tools/bin/../lib/gcc/arm-none-eabi/7.3.1/../../../../arm-none-eabi/lib/thumb/v6-m/libc_nano.a(lib_a-nano-mallocr.o)
                0x00000000080049b4                _malloc_r
 .text._realloc_r
                0x0000000008004a70       0x4c /home/chris/st/stm32cubeide_1.2.0/plugins/com.st.stm32cube.ide.mcu.externaltools.gnu-tools-for-stm32.7-2018-q2-update.linux64_1.0.0.201904181610/tools/bin/../lib/gcc/arm-none-eabi/7.3.1/../../../../arm-none-eabi/lib/thumb/v6-m/libc_nano.a(lib_a-nano-reallocr.o)
                0x0000000008004a70                _realloc_r
 .text._sbrk_r  0x0000000008004abc       0x24 /home/chris/st/stm32cubeide_1.2.0/plugins/com.st.stm32cube.ide.mcu.externaltools.gnu-tools-for-stm32.7-2018-q2-update.linux64_1.0.0.201904181610/tools/bin/../lib/gcc/arm-none-eabi/7.3.1/../../../../arm-none-eabi/lib/thumb/v6-m/libc_nano.a(lib_a-sbrkr.o)
                0x0000000008004abc                _sbrk_r
 .text.__malloc_lock
                0x0000000008004ae0        0x2 /home/chris/st/stm32cubeide_1.2.0/plugins/com.st.stm32cube.ide.mcu.externaltools.gnu-tools-for-stm32.7-2018-q2-update.linux64_1.0.0.201904181610/tools/bin/../lib/gcc/arm-none-eabi/7.3.1/../../../../arm-none-eabi/lib/thumb/v6-m/libc_nano.a(lib_a-mlock.o)
                0x0000000008004ae0                __malloc_lock
 .text.__malloc_unlock
                0x0000000008004ae2        0x2 /home/chris/st/stm32cubeide_1.2.0/plugins/com.st.stm32cube.ide.mcu.externaltools.gnu-tools-for-stm32.7-2018-q2-update.linux64_1.0.0.201904181610/tools/bin/../lib/gcc/arm-none-eabi/7.3.1/../../../../arm-none-eabi/lib/thumb/v6-m/libc_nano.a(lib_a-mlock.o)
                0x0000000008004ae2                __malloc_unlock
 .text._malloc_usable_size_r
                0x0000000008004ae4       0x10 /home/chris/st/stm32cubeide_1.2.0/plugins/com.st.stm32cube.ide.mcu.externaltools.gnu-tools-for-stm32.7-2018-q2-update.linux64_1.0.0.201904181610/tools/bin/../lib/gcc/arm-none-eabi/7.3.1/../../../../arm-none-eabi/lib/thumb/v6-m/libc_nano.a(lib_a-nano-msizer.o)
                0x0000000008004ae4                _malloc_usable_size_r
 *(.glue_7)
 .glue_7        0x0000000008004af4        0x0 linker stubs
 *(.glue_7t)
 .glue_7t       0x0000000008004af4        0x0 linker stubs
 *(.eh_frame)
 .eh_frame      0x0000000008004af4        0x0 /home/chris/st/stm32cubeide_1.2.0/plugins/com.st.stm32cube.ide.mcu.externaltools.gnu-tools-for-stm32.7-2018-q2-update.linux64_1.0.0.201904181610/tools/bin/../lib/gcc/arm-none-eabi/7.3.1/thumb/v6-m/crtbegin.o
 *(.init)
 .init          0x0000000008004af4        0x4 /home/chris/st/stm32cubeide_1.2.0/plugins/com.st.stm32cube.ide.mcu.externaltools.gnu-tools-for-stm32.7-2018-q2-update.linux64_1.0.0.201904181610/tools/bin/../lib/gcc/arm-none-eabi/7.3.1/thumb/v6-m/crti.o
                0x0000000008004af4                _init
 .init          0x0000000008004af8        0x8 /home/chris/st/stm32cubeide_1.2.0/plugins/com.st.stm32cube.ide.mcu.externaltools.gnu-tools-for-stm32.7-2018-q2-update.linux64_1.0.0.201904181610/tools/bin/../lib/gcc/arm-none-eabi/7.3.1/thumb/v6-m/crtn.o
 *(.fini)
 .fini          0x0000000008004b00        0x4 /home/chris/st/stm32cubeide_1.2.0/plugins/com.st.stm32cube.ide.mcu.externaltools.gnu-tools-for-stm32.7-2018-q2-update.linux64_1.0.0.201904181610/tools/bin/../lib/gcc/arm-none-eabi/7.3.1/thumb/v6-m/crti.o
                0x0000000008004b00                _fini
 .fini          0x0000000008004b04        0x8 /home/chris/st/stm32cubeide_1.2.0/plugins/com.st.stm32cube.ide.mcu.externaltools.gnu-tools-for-stm32.7-2018-q2-update.linux64_1.0.0.201904181610/tools/bin/../lib/gcc/arm-none-eabi/7.3.1/thumb/v6-m/crtn.o
                0x0000000008004b0c                . = ALIGN (0x4)
                0x0000000008004b0c                _etext = .

.vfp11_veneer   0x0000000008004b0c        0x0
 .vfp11_veneer  0x0000000008004b0c        0x0 linker stubs

.v4_bx          0x0000000008004b0c        0x0
 .v4_bx         0x0000000008004b0c        0x0 linker stubs

.iplt           0x0000000008004b0c        0x0
 .iplt          0x0000000008004b0c        0x0 /home/chris/st/stm32cubeide_1.2.0/plugins/com.st.stm32cube.ide.mcu.externaltools.gnu-tools-for-stm32.7-2018-q2-update.linux64_1.0.0.201904181610/tools/bin/../lib/gcc/arm-none-eabi/7.3.1/thumb/v6-m/crtbegin.o

.rodata         0x0000000008004b0c     0x2114
                0x0000000008004b0c                . = ALIGN (0x4)
 *(.rodata)
 .rodata        0x0000000008004b0c        0x8 Core/Src/stm32f0xx_it.o
 .rodata        0x0000000008004b14       0x20 Drivers/STM32F0xx_HAL_Driver/Src/stm32f0xx_hal_rcc.o
 *(.rodata*)
 .rodata.AHBPrescTable
                0x0000000008004b34       0x10 Core/Src/system_stm32f0xx.o
                0x0000000008004b34                AHBPrescTable
 .rodata.Font11x18
                0x0000000008004b44      0xd5c ssd1306/ssd1306_fonts.o
 .rodata.Font16x26
                0x00000000080058a0     0x134c ssd1306/ssd1306_fonts.o
 .rodata._svfprintf_r.str1.1
                0x0000000008006bec       0x11 /home/chris/st/stm32cubeide_1.2.0/plugins/com.st.stm32cube.ide.mcu.externaltools.gnu-tools-for-stm32.7-2018-q2-update.linux64_1.0.0.201904181610/tools/bin/../lib/gcc/arm-none-eabi/7.3.1/../../../../arm-none-eabi/lib/thumb/v6-m/libc_nano.a(lib_a-nano-svfprintf.o)
 .rodata._printf_i.str1.1
                0x0000000008006bfd       0x22 /home/chris/st/stm32cubeide_1.2.0/plugins/com.st.stm32cube.ide.mcu.externaltools.gnu-tools-for-stm32.7-2018-q2-update.linux64_1.0.0.201904181610/tools/bin/../lib/gcc/arm-none-eabi/7.3.1/../../../../arm-none-eabi/lib/thumb/v6-m/libc_nano.a(lib_a-nano-vfprintf_i.o)
                0x0000000008006c20                . = ALIGN (0x4)
 *fill*         0x0000000008006c1f        0x1 

.rel.dyn        0x0000000008006c20        0x0
 .rel.iplt      0x0000000008006c20        0x0 /home/chris/st/stm32cubeide_1.2.0/plugins/com.st.stm32cube.ide.mcu.externaltools.gnu-tools-for-stm32.7-2018-q2-update.linux64_1.0.0.201904181610/tools/bin/../lib/gcc/arm-none-eabi/7.3.1/thumb/v6-m/crtbegin.o

.ARM.extab      0x0000000008006c20        0x0
                0x0000000008006c20                . = ALIGN (0x4)
 *(.ARM.extab* .gnu.linkonce.armextab.*)
                0x0000000008006c20                . = ALIGN (0x4)

.ARM            0x0000000008006c20        0x0
                0x0000000008006c20                . = ALIGN (0x4)
                0x0000000008006c20                __exidx_start = .
 *(.ARM.exidx*)
                0x0000000008006c20                __exidx_end = .
                0x0000000008006c20                . = ALIGN (0x4)

.preinit_array  0x0000000008006c20        0x0
                0x0000000008006c20                . = ALIGN (0x4)
                0x0000000008006c20                PROVIDE (__preinit_array_start = .)
 *(.preinit_array*)
                0x0000000008006c20                PROVIDE (__preinit_array_end = .)
                0x0000000008006c20                . = ALIGN (0x4)

.init_array     0x0000000008006c20        0x4
                0x0000000008006c20                . = ALIGN (0x4)
                0x0000000008006c20                PROVIDE (__init_array_start = .)
 *(SORT_BY_NAME(.init_array.*))
 *(.init_array*)
 .init_array    0x0000000008006c20        0x4 /home/chris/st/stm32cubeide_1.2.0/plugins/com.st.stm32cube.ide.mcu.externaltools.gnu-tools-for-stm32.7-2018-q2-update.linux64_1.0.0.201904181610/tools/bin/../lib/gcc/arm-none-eabi/7.3.1/thumb/v6-m/crtbegin.o
                0x0000000008006c24                PROVIDE (__init_array_end = .)
                0x0000000008006c24                . = ALIGN (0x4)

.fini_array     0x0000000008006c24        0x4
                0x0000000008006c24                . = ALIGN (0x4)
                [!provide]                        PROVIDE (__fini_array_start = .)
 *(SORT_BY_NAME(.fini_array.*))
 *(.fini_array*)
 .fini_array    0x0000000008006c24        0x4 /home/chris/st/stm32cubeide_1.2.0/plugins/com.st.stm32cube.ide.mcu.externaltools.gnu-tools-for-stm32.7-2018-q2-update.linux64_1.0.0.201904181610/tools/bin/../lib/gcc/arm-none-eabi/7.3.1/thumb/v6-m/crtbegin.o
                [!provide]                        PROVIDE (__fini_array_end = .)
                0x0000000008006c28                . = ALIGN (0x4)
                0x0000000008006c28                _sidata = LOADADDR (.data)

.data           0x0000000020000000      0x884 load address 0x0000000008006c28
                0x0000000020000000                . = ALIGN (0x4)
                0x0000000020000000                _sdata = .
 *(.data)
 *(.data*)
 .data.sine_data_table
                0x0000000020000000      0x800 Core/Src/main.o
                0x0000000020000000                sine_data_table
 .data.sin1_max_arr
                0x0000000020000800        0x1 Core/Src/main.o
                0x0000000020000800                sin1_max_arr
 .data.sin2_max_arr
                0x0000000020000801        0x1 Core/Src/main.o
                0x0000000020000801                sin2_max_arr
 *fill*         0x0000000020000802        0x2 
 .data.SystemCoreClock
                0x0000000020000804        0x4 Core/Src/system_stm32f0xx.o
                0x0000000020000804                SystemCoreClock
 .data.uwTickPrio
                0x0000000020000808        0x4 Drivers/STM32F0xx_HAL_Driver/Src/stm32f0xx_hal.o
                0x0000000020000808                uwTickPrio
 .data.uwTickFreq
                0x000000002000080c        0x1 Drivers/STM32F0xx_HAL_Driver/Src/stm32f0xx_hal.o
                0x000000002000080c                uwTickFreq
 *fill*         0x000000002000080d        0x1 
 .data.SSD1306_I2C_ADDR
                0x000000002000080e        0x2 ssd1306/ssd1306.o
                0x000000002000080e                SSD1306_I2C_ADDR
 .data.Font_11x18
                0x0000000020000810        0x8 ssd1306/ssd1306_fonts.o
                0x0000000020000810                Font_11x18
 .data.Font_16x26
                0x0000000020000818        0x8 ssd1306/ssd1306_fonts.o
                0x0000000020000818                Font_16x26
 .data._impure_ptr
                0x0000000020000820        0x4 /home/chris/st/stm32cubeide_1.2.0/plugins/com.st.stm32cube.ide.mcu.externaltools.gnu-tools-for-stm32.7-2018-q2-update.linux64_1.0.0.201904181610/tools/bin/../lib/gcc/arm-none-eabi/7.3.1/../../../../arm-none-eabi/lib/thumb/v6-m/libc_nano.a(lib_a-impure.o)
                0x0000000020000820                _impure_ptr
 .data.impure_data
                0x0000000020000824       0x60 /home/chris/st/stm32cubeide_1.2.0/plugins/com.st.stm32cube.ide.mcu.externaltools.gnu-tools-for-stm32.7-2018-q2-update.linux64_1.0.0.201904181610/tools/bin/../lib/gcc/arm-none-eabi/7.3.1/../../../../arm-none-eabi/lib/thumb/v6-m/libc_nano.a(lib_a-impure.o)
                0x0000000020000884                . = ALIGN (0x4)
                0x0000000020000884                _edata = .

.igot.plt       0x0000000020000884        0x0 load address 0x00000000080074ac
 .igot.plt      0x0000000020000884        0x0 /home/chris/st/stm32cubeide_1.2.0/plugins/com.st.stm32cube.ide.mcu.externaltools.gnu-tools-for-stm32.7-2018-q2-update.linux64_1.0.0.201904181610/tools/bin/../lib/gcc/arm-none-eabi/7.3.1/thumb/v6-m/crtbegin.o
                0x0000000020000884                . = ALIGN (0x4)

.bss            0x0000000020000884      0x6a8 load address 0x00000000080074ac
                0x0000000020000884                _sbss = .
                0x0000000020000884                __bss_start__ = _sbss
 *(.bss)
 .bss           0x0000000020000884       0x1c /home/chris/st/stm32cubeide_1.2.0/plugins/com.st.stm32cube.ide.mcu.externaltools.gnu-tools-for-stm32.7-2018-q2-update.linux64_1.0.0.201904181610/tools/bin/../lib/gcc/arm-none-eabi/7.3.1/thumb/v6-m/crtbegin.o
 *(.bss*)
 .bss.tap_count
                0x00000000200008a0        0x4 Core/Src/main.o
                0x00000000200008a0                tap_count
 .bss.display_flash
                0x00000000200008a4        0x1 Core/Src/main.o
                0x00000000200008a4                display_flash
 *fill*         0x00000000200008a5        0x3 
 .bss.heap_end.5149
                0x00000000200008a8        0x4 Core/Src/sysmem.o
 .bss.SSD1306_Buffer
                0x00000000200008ac      0x400 ssd1306/ssd1306.o
 .bss.SSD1306   0x0000000020000cac        0x6 ssd1306/ssd1306.o
 *fill*         0x0000000020000cb2        0x2 
 .bss.__malloc_free_list
                0x0000000020000cb4        0x4 /home/chris/st/stm32cubeide_1.2.0/plugins/com.st.stm32cube.ide.mcu.externaltools.gnu-tools-for-stm32.7-2018-q2-update.linux64_1.0.0.201904181610/tools/bin/../lib/gcc/arm-none-eabi/7.3.1/../../../../arm-none-eabi/lib/thumb/v6-m/libc_nano.a(lib_a-nano-mallocr.o)
                0x0000000020000cb4                __malloc_free_list
 .bss.__malloc_sbrk_start
                0x0000000020000cb8        0x4 /home/chris/st/stm32cubeide_1.2.0/plugins/com.st.stm32cube.ide.mcu.externaltools.gnu-tools-for-stm32.7-2018-q2-update.linux64_1.0.0.201904181610/tools/bin/../lib/gcc/arm-none-eabi/7.3.1/../../../../arm-none-eabi/lib/thumb/v6-m/libc_nano.a(lib_a-nano-mallocr.o)
                0x0000000020000cb8                __malloc_sbrk_start
 *(COMMON)
 COMMON         0x0000000020000cbc       0x9c Core/Src/dac.o
                0x0000000020000cbc                hdma_dac_ch1
                0x0000000020000d00                hdac
                0x0000000020000d14                hdma_dac_ch2
 COMMON         0x0000000020000d58       0x4c Core/Src/i2c.o
                0x0000000020000d58                hi2c1
 COMMON         0x0000000020000da4      0x180 Core/Src/tim.o
                0x0000000020000da4                htim15
                0x0000000020000de4                htim3
                0x0000000020000e24                htim6
                0x0000000020000e64                htim2
                0x0000000020000ea4                htim14
                0x0000000020000ee4                htim7
 COMMON         0x0000000020000f24        0x4 Drivers/STM32F0xx_HAL_Driver/Src/stm32f0xx_hal.o
                0x0000000020000f24                uwTick
 COMMON         0x0000000020000f28        0x4 /home/chris/st/stm32cubeide_1.2.0/plugins/com.st.stm32cube.ide.mcu.externaltools.gnu-tools-for-stm32.7-2018-q2-update.linux64_1.0.0.201904181610/tools/bin/../lib/gcc/arm-none-eabi/7.3.1/../../../../arm-none-eabi/lib/thumb/v6-m/libc_nano.a(lib_a-reent.o)
                0x0000000020000f28                errno
                0x0000000020000f2c                . = ALIGN (0x4)
                0x0000000020000f2c                _ebss = .
                0x0000000020000f2c                __bss_end__ = _ebss

._user_heap_stack
                0x0000000020000f2c      0x604 load address 0x00000000080074ac
                0x0000000020000f30                . = ALIGN (0x8)
 *fill*         0x0000000020000f2c        0x4 
                0x0000000020000f30                PROVIDE (end = .)
                [!provide]                        PROVIDE (_end = .)
                0x0000000020001130                . = (. + _Min_Heap_Size)
 *fill*         0x0000000020000f30      0x200 
                0x0000000020001530                . = (. + _Min_Stack_Size)
 *fill*         0x0000000020001130      0x400 
                0x0000000020001530                . = ALIGN (0x8)

/DISCARD/
 libc.a(*)
 libm.a(*)
 libgcc.a(*)

.ARM.attributes
                0x0000000000000000       0x28
 *(.ARM.attributes)
 .ARM.attributes
                0x0000000000000000       0x1e /home/chris/st/stm32cubeide_1.2.0/plugins/com.st.stm32cube.ide.mcu.externaltools.gnu-tools-for-stm32.7-2018-q2-update.linux64_1.0.0.201904181610/tools/bin/../lib/gcc/arm-none-eabi/7.3.1/thumb/v6-m/crti.o
 .ARM.attributes
                0x000000000000001e       0x2c /home/chris/st/stm32cubeide_1.2.0/plugins/com.st.stm32cube.ide.mcu.externaltools.gnu-tools-for-stm32.7-2018-q2-update.linux64_1.0.0.201904181610/tools/bin/../lib/gcc/arm-none-eabi/7.3.1/thumb/v6-m/crtbegin.o
 .ARM.attributes
                0x000000000000004a       0x31 Core/Src/dac.o
 .ARM.attributes
                0x000000000000007b       0x31 Core/Src/dma.o
 .ARM.attributes
                0x00000000000000ac       0x31 Core/Src/gpio.o
 .ARM.attributes
                0x00000000000000dd       0x31 Core/Src/i2c.o
 .ARM.attributes
                0x000000000000010e       0x31 Core/Src/main.o
 .ARM.attributes
                0x000000000000013f       0x31 Core/Src/stm32f0xx_hal_msp.o
 .ARM.attributes
                0x0000000000000170       0x31 Core/Src/stm32f0xx_it.o
 .ARM.attributes
                0x00000000000001a1       0x31 Core/Src/sysmem.o
 .ARM.attributes
                0x00000000000001d2       0x31 Core/Src/system_stm32f0xx.o
 .ARM.attributes
                0x0000000000000203       0x31 Core/Src/tim.o
 .ARM.attributes
                0x0000000000000234       0x21 Core/Startup/startup_stm32f072rbtx.o
 .ARM.attributes
                0x0000000000000255       0x31 Drivers/STM32F0xx_HAL_Driver/Src/stm32f0xx_hal.o
 .ARM.attributes
                0x0000000000000286       0x31 Drivers/STM32F0xx_HAL_Driver/Src/stm32f0xx_hal_cortex.o
 .ARM.attributes
                0x00000000000002b7       0x31 Drivers/STM32F0xx_HAL_Driver/Src/stm32f0xx_hal_dac.o
 .ARM.attributes
                0x00000000000002e8       0x31 Drivers/STM32F0xx_HAL_Driver/Src/stm32f0xx_hal_dac_ex.o
 .ARM.attributes
                0x0000000000000319       0x31 Drivers/STM32F0xx_HAL_Driver/Src/stm32f0xx_hal_dma.o
 .ARM.attributes
                0x000000000000034a       0x31 Drivers/STM32F0xx_HAL_Driver/Src/stm32f0xx_hal_gpio.o
 .ARM.attributes
                0x000000000000037b       0x31 Drivers/STM32F0xx_HAL_Driver/Src/stm32f0xx_hal_i2c.o
 .ARM.attributes
                0x00000000000003ac       0x31 Drivers/STM32F0xx_HAL_Driver/Src/stm32f0xx_hal_i2c_ex.o
 .ARM.attributes
                0x00000000000003dd       0x31 Drivers/STM32F0xx_HAL_Driver/Src/stm32f0xx_hal_rcc.o
 .ARM.attributes
                0x000000000000040e       0x31 Drivers/STM32F0xx_HAL_Driver/Src/stm32f0xx_hal_rcc_ex.o
 .ARM.attributes
                0x000000000000043f       0x31 Drivers/STM32F0xx_HAL_Driver/Src/stm32f0xx_hal_tim.o
 .ARM.attributes
                0x0000000000000470       0x31 Drivers/STM32F0xx_HAL_Driver/Src/stm32f0xx_hal_tim_ex.o
 .ARM.attributes
                0x00000000000004a1       0x31 ssd1306/ssd1306.o
 .ARM.attributes
                0x00000000000004d2       0x31 ssd1306/ssd1306_fonts.o
 .ARM.attributes
                0x0000000000000503       0x2c /home/chris/st/stm32cubeide_1.2.0/plugins/com.st.stm32cube.ide.mcu.externaltools.gnu-tools-for-stm32.7-2018-q2-update.linux64_1.0.0.201904181610/tools/bin/../lib/gcc/arm-none-eabi/7.3.1/../../../../arm-none-eabi/lib/thumb/v6-m/libc_nano.a(lib_a-errno.o)
 .ARM.attributes
                0x000000000000052f       0x2c /home/chris/st/stm32cubeide_1.2.0/plugins/com.st.stm32cube.ide.mcu.externaltools.gnu-tools-for-stm32.7-2018-q2-update.linux64_1.0.0.201904181610/tools/bin/../lib/gcc/arm-none-eabi/7.3.1/../../../../arm-none-eabi/lib/thumb/v6-m/libc_nano.a(lib_a-impure.o)
 .ARM.attributes
                0x000000000000055b       0x2c /home/chris/st/stm32cubeide_1.2.0/plugins/com.st.stm32cube.ide.mcu.externaltools.gnu-tools-for-stm32.7-2018-q2-update.linux64_1.0.0.201904181610/tools/bin/../lib/gcc/arm-none-eabi/7.3.1/../../../../arm-none-eabi/lib/thumb/v6-m/libc_nano.a(lib_a-init.o)
 .ARM.attributes
                0x0000000000000587       0x2c /home/chris/st/stm32cubeide_1.2.0/plugins/com.st.stm32cube.ide.mcu.externaltools.gnu-tools-for-stm32.7-2018-q2-update.linux64_1.0.0.201904181610/tools/bin/../lib/gcc/arm-none-eabi/7.3.1/../../../../arm-none-eabi/lib/thumb/v6-m/libc_nano.a(lib_a-memmove.o)
 .ARM.attributes
                0x00000000000005b3       0x2c /home/chris/st/stm32cubeide_1.2.0/plugins/com.st.stm32cube.ide.mcu.externaltools.gnu-tools-for-stm32.7-2018-q2-update.linux64_1.0.0.201904181610/tools/bin/../lib/gcc/arm-none-eabi/7.3.1/../../../../arm-none-eabi/lib/thumb/v6-m/libc_nano.a(lib_a-memset.o)
 .ARM.attributes
                0x00000000000005df       0x2c /home/chris/st/stm32cubeide_1.2.0/plugins/com.st.stm32cube.ide.mcu.externaltools.gnu-tools-for-stm32.7-2018-q2-update.linux64_1.0.0.201904181610/tools/bin/../lib/gcc/arm-none-eabi/7.3.1/../../../../arm-none-eabi/lib/thumb/v6-m/libc_nano.a(lib_a-snprintf.o)
 .ARM.attributes
                0x000000000000060b       0x2c /home/chris/st/stm32cubeide_1.2.0/plugins/com.st.stm32cube.ide.mcu.externaltools.gnu-tools-for-stm32.7-2018-q2-update.linux64_1.0.0.201904181610/tools/bin/../lib/gcc/arm-none-eabi/7.3.1/../../../../arm-none-eabi/lib/thumb/v6-m/libc_nano.a(lib_a-nano-svfprintf.o)
 .ARM.attributes
                0x0000000000000637       0x2c /home/chris/st/stm32cubeide_1.2.0/plugins/com.st.stm32cube.ide.mcu.externaltools.gnu-tools-for-stm32.7-2018-q2-update.linux64_1.0.0.201904181610/tools/bin/../lib/gcc/arm-none-eabi/7.3.1/../../../../arm-none-eabi/lib/thumb/v6-m/libc_nano.a(lib_a-nano-vfprintf_i.o)
 .ARM.attributes
                0x0000000000000663       0x2c /home/chris/st/stm32cubeide_1.2.0/plugins/com.st.stm32cube.ide.mcu.externaltools.gnu-tools-for-stm32.7-2018-q2-update.linux64_1.0.0.201904181610/tools/bin/../lib/gcc/arm-none-eabi/7.3.1/../../../../arm-none-eabi/lib/thumb/v6-m/libc_nano.a(lib_a-memchr-stub.o)
 .ARM.attributes
                0x000000000000068f       0x2c /home/chris/st/stm32cubeide_1.2.0/plugins/com.st.stm32cube.ide.mcu.externaltools.gnu-tools-for-stm32.7-2018-q2-update.linux64_1.0.0.201904181610/tools/bin/../lib/gcc/arm-none-eabi/7.3.1/../../../../arm-none-eabi/lib/thumb/v6-m/libc_nano.a(lib_a-memcpy-stub.o)
 .ARM.attributes
                0x00000000000006bb       0x2c /home/chris/st/stm32cubeide_1.2.0/plugins/com.st.stm32cube.ide.mcu.externaltools.gnu-tools-for-stm32.7-2018-q2-update.linux64_1.0.0.201904181610/tools/bin/../lib/gcc/arm-none-eabi/7.3.1/../../../../arm-none-eabi/lib/thumb/v6-m/libc_nano.a(lib_a-nano-freer.o)
 .ARM.attributes
                0x00000000000006e7       0x2c /home/chris/st/stm32cubeide_1.2.0/plugins/com.st.stm32cube.ide.mcu.externaltools.gnu-tools-for-stm32.7-2018-q2-update.linux64_1.0.0.201904181610/tools/bin/../lib/gcc/arm-none-eabi/7.3.1/../../../../arm-none-eabi/lib/thumb/v6-m/libc_nano.a(lib_a-nano-mallocr.o)
 .ARM.attributes
                0x0000000000000713       0x2c /home/chris/st/stm32cubeide_1.2.0/plugins/com.st.stm32cube.ide.mcu.externaltools.gnu-tools-for-stm32.7-2018-q2-update.linux64_1.0.0.201904181610/tools/bin/../lib/gcc/arm-none-eabi/7.3.1/../../../../arm-none-eabi/lib/thumb/v6-m/libc_nano.a(lib_a-nano-reallocr.o)
 .ARM.attributes
                0x000000000000073f       0x2c /home/chris/st/stm32cubeide_1.2.0/plugins/com.st.stm32cube.ide.mcu.externaltools.gnu-tools-for-stm32.7-2018-q2-update.linux64_1.0.0.201904181610/tools/bin/../lib/gcc/arm-none-eabi/7.3.1/../../../../arm-none-eabi/lib/thumb/v6-m/libc_nano.a(lib_a-sbrkr.o)
 .ARM.attributes
                0x000000000000076b       0x2c /home/chris/st/stm32cubeide_1.2.0/plugins/com.st.stm32cube.ide.mcu.externaltools.gnu-tools-for-stm32.7-2018-q2-update.linux64_1.0.0.201904181610/tools/bin/../lib/gcc/arm-none-eabi/7.3.1/../../../../arm-none-eabi/lib/thumb/v6-m/libc_nano.a(lib_a-mlock.o)
 .ARM.attributes
                0x0000000000000797       0x2c /home/chris/st/stm32cubeide_1.2.0/plugins/com.st.stm32cube.ide.mcu.externaltools.gnu-tools-for-stm32.7-2018-q2-update.linux64_1.0.0.201904181610/tools/bin/../lib/gcc/arm-none-eabi/7.3.1/../../../../arm-none-eabi/lib/thumb/v6-m/libc_nano.a(lib_a-nano-msizer.o)
 .ARM.attributes
                0x00000000000007c3       0x2c /home/chris/st/stm32cubeide_1.2.0/plugins/com.st.stm32cube.ide.mcu.externaltools.gnu-tools-for-stm32.7-2018-q2-update.linux64_1.0.0.201904181610/tools/bin/../lib/gcc/arm-none-eabi/7.3.1/../../../../arm-none-eabi/lib/thumb/v6-m/libc_nano.a(lib_a-reent.o)
 .ARM.attributes
                0x00000000000007ef       0x1e /home/chris/st/stm32cubeide_1.2.0/plugins/com.st.stm32cube.ide.mcu.externaltools.gnu-tools-for-stm32.7-2018-q2-update.linux64_1.0.0.201904181610/tools/bin/../lib/gcc/arm-none-eabi/7.3.1/thumb/v6-m/libgcc.a(_udivsi3.o)
 .ARM.attributes
                0x000000000000080d       0x1e /home/chris/st/stm32cubeide_1.2.0/plugins/com.st.stm32cube.ide.mcu.externaltools.gnu-tools-for-stm32.7-2018-q2-update.linux64_1.0.0.201904181610/tools/bin/../lib/gcc/arm-none-eabi/7.3.1/thumb/v6-m/libgcc.a(_dvmd_tls.o)
 .ARM.attributes
                0x000000000000082b       0x1e /home/chris/st/stm32cubeide_1.2.0/plugins/com.st.stm32cube.ide.mcu.externaltools.gnu-tools-for-stm32.7-2018-q2-update.linux64_1.0.0.201904181610/tools/bin/../lib/gcc/arm-none-eabi/7.3.1/thumb/v6-m/crtn.o
OUTPUT(DigitalOTATremolo_SW.elf elf32-littlearm)

.debug_info     0x0000000000000000    0x10f86
 .debug_info    0x0000000000000000      0x825 Core/Src/dac.o
 .debug_info    0x0000000000000825      0x370 Core/Src/dma.o
 .debug_info    0x0000000000000b95      0x4c9 Core/Src/gpio.o
 .debug_info    0x000000000000105e      0x918 Core/Src/i2c.o
 .debug_info    0x0000000000001976     0x15fd Core/Src/main.o
 .debug_info    0x0000000000002f73      0x2a0 Core/Src/stm32f0xx_hal_msp.o
 .debug_info    0x0000000000003213     0x1328 Core/Src/stm32f0xx_it.o
 .debug_info    0x000000000000453b      0x91c Core/Src/sysmem.o
 .debug_info    0x0000000000004e57      0x29e Core/Src/system_stm32f0xx.o
 .debug_info    0x00000000000050f5      0xcef Core/Src/tim.o
 .debug_info    0x0000000000005de4       0x22 Core/Startup/startup_stm32f072rbtx.o
 .debug_info    0x0000000000005e06      0x6c0 Drivers/STM32F0xx_HAL_Driver/Src/stm32f0xx_hal.o
 .debug_info    0x00000000000064c6      0x78c Drivers/STM32F0xx_HAL_Driver/Src/stm32f0xx_hal_cortex.o
 .debug_info    0x0000000000006c52      0x8ed Drivers/STM32F0xx_HAL_Driver/Src/stm32f0xx_hal_dac.o
 .debug_info    0x000000000000753f      0x9b6 Drivers/STM32F0xx_HAL_Driver/Src/stm32f0xx_hal_dac_ex.o
 .debug_info    0x0000000000007ef5      0x7a9 Drivers/STM32F0xx_HAL_Driver/Src/stm32f0xx_hal_dma.o
 .debug_info    0x000000000000869e      0x67a Drivers/STM32F0xx_HAL_Driver/Src/stm32f0xx_hal_gpio.o
 .debug_info    0x0000000000008d18     0x1f43 Drivers/STM32F0xx_HAL_Driver/Src/stm32f0xx_hal_i2c.o
 .debug_info    0x000000000000ac5b      0x8c9 Drivers/STM32F0xx_HAL_Driver/Src/stm32f0xx_hal_i2c_ex.o
 .debug_info    0x000000000000b524      0x82d Drivers/STM32F0xx_HAL_Driver/Src/stm32f0xx_hal_rcc.o
 .debug_info    0x000000000000bd51      0x677 Drivers/STM32F0xx_HAL_Driver/Src/stm32f0xx_hal_rcc_ex.o
 .debug_info    0x000000000000c3c8     0x252c Drivers/STM32F0xx_HAL_Driver/Src/stm32f0xx_hal_tim.o
 .debug_info    0x000000000000e8f4     0x10f0 Drivers/STM32F0xx_HAL_Driver/Src/stm32f0xx_hal_tim_ex.o
 .debug_info    0x000000000000f9e4     0x1384 ssd1306/ssd1306.o
 .debug_info    0x0000000000010d68      0x21e ssd1306/ssd1306_fonts.o

.debug_abbrev   0x0000000000000000     0x2b26
 .debug_abbrev  0x0000000000000000      0x1aa Core/Src/dac.o
 .debug_abbrev  0x00000000000001aa      0x107 Core/Src/dma.o
 .debug_abbrev  0x00000000000002b1      0x13d Core/Src/gpio.o
 .debug_abbrev  0x00000000000003ee      0x1a4 Core/Src/i2c.o
 .debug_abbrev  0x0000000000000592      0x24b Core/Src/main.o
 .debug_abbrev  0x00000000000007dd      0x109 Core/Src/stm32f0xx_hal_msp.o
 .debug_abbrev  0x00000000000008e6      0x213 Core/Src/stm32f0xx_it.o
 .debug_abbrev  0x0000000000000af9      0x1bb Core/Src/sysmem.o
 .debug_abbrev  0x0000000000000cb4      0x12b Core/Src/system_stm32f0xx.o
 .debug_abbrev  0x0000000000000ddf      0x203 Core/Src/tim.o
 .debug_abbrev  0x0000000000000fe2       0x12 Core/Startup/startup_stm32f072rbtx.o
 .debug_abbrev  0x0000000000000ff4      0x1c7 Drivers/STM32F0xx_HAL_Driver/Src/stm32f0xx_hal.o
 .debug_abbrev  0x00000000000011bb      0x273 Drivers/STM32F0xx_HAL_Driver/Src/stm32f0xx_hal_cortex.o
 .debug_abbrev  0x000000000000142e      0x1b2 Drivers/STM32F0xx_HAL_Driver/Src/stm32f0xx_hal_dac.o
 .debug_abbrev  0x00000000000015e0      0x204 Drivers/STM32F0xx_HAL_Driver/Src/stm32f0xx_hal_dac_ex.o
 .debug_abbrev  0x00000000000017e4      0x216 Drivers/STM32F0xx_HAL_Driver/Src/stm32f0xx_hal_dma.o
 .debug_abbrev  0x00000000000019fa      0x1c0 Drivers/STM32F0xx_HAL_Driver/Src/stm32f0xx_hal_gpio.o
 .debug_abbrev  0x0000000000001bba      0x22a Drivers/STM32F0xx_HAL_Driver/Src/stm32f0xx_hal_i2c.o
 .debug_abbrev  0x0000000000001de4      0x1b9 Drivers/STM32F0xx_HAL_Driver/Src/stm32f0xx_hal_i2c_ex.o
 .debug_abbrev  0x0000000000001f9d      0x20f Drivers/STM32F0xx_HAL_Driver/Src/stm32f0xx_hal_rcc.o
 .debug_abbrev  0x00000000000021ac      0x1a7 Drivers/STM32F0xx_HAL_Driver/Src/stm32f0xx_hal_rcc_ex.o
 .debug_abbrev  0x0000000000002353      0x230 Drivers/STM32F0xx_HAL_Driver/Src/stm32f0xx_hal_tim.o
 .debug_abbrev  0x0000000000002583      0x21e Drivers/STM32F0xx_HAL_Driver/Src/stm32f0xx_hal_tim_ex.o
 .debug_abbrev  0x00000000000027a1      0x2d5 ssd1306/ssd1306.o
 .debug_abbrev  0x0000000000002a76       0xb0 ssd1306/ssd1306_fonts.o

.debug_aranges  0x0000000000000000      0xf70
 .debug_aranges
                0x0000000000000000       0x30 Core/Src/dac.o
 .debug_aranges
                0x0000000000000030       0x20 Core/Src/dma.o
 .debug_aranges
                0x0000000000000050       0x20 Core/Src/gpio.o
 .debug_aranges
                0x0000000000000070       0x30 Core/Src/i2c.o
 .debug_aranges
                0x00000000000000a0       0x38 Core/Src/main.o
 .debug_aranges
                0x00000000000000d8       0x20 Core/Src/stm32f0xx_hal_msp.o
 .debug_aranges
                0x00000000000000f8       0x78 Core/Src/stm32f0xx_it.o
 .debug_aranges
                0x0000000000000170       0x20 Core/Src/sysmem.o
 .debug_aranges
                0x0000000000000190       0x28 Core/Src/system_stm32f0xx.o
 .debug_aranges
                0x00000000000001b8       0x68 Core/Src/tim.o
 .debug_aranges
                0x0000000000000220       0x28 Core/Startup/startup_stm32f072rbtx.o
 .debug_aranges
                0x0000000000000248       0xd0 Drivers/STM32F0xx_HAL_Driver/Src/stm32f0xx_hal.o
 .debug_aranges
                0x0000000000000318       0xc0 Drivers/STM32F0xx_HAL_Driver/Src/stm32f0xx_hal_cortex.o
 .debug_aranges
                0x00000000000003d8       0xa8 Drivers/STM32F0xx_HAL_Driver/Src/stm32f0xx_hal_dac.o
 .debug_aranges
                0x0000000000000480       0xb0 Drivers/STM32F0xx_HAL_Driver/Src/stm32f0xx_hal_dac_ex.o
 .debug_aranges
                0x0000000000000530       0x88 Drivers/STM32F0xx_HAL_Driver/Src/stm32f0xx_hal_dma.o
 .debug_aranges
                0x00000000000005b8       0x58 Drivers/STM32F0xx_HAL_Driver/Src/stm32f0xx_hal_gpio.o
 .debug_aranges
                0x0000000000000610      0x288 Drivers/STM32F0xx_HAL_Driver/Src/stm32f0xx_hal_i2c.o
 .debug_aranges
                0x0000000000000898       0x48 Drivers/STM32F0xx_HAL_Driver/Src/stm32f0xx_hal_i2c_ex.o
 .debug_aranges
                0x00000000000008e0       0x80 Drivers/STM32F0xx_HAL_Driver/Src/stm32f0xx_hal_rcc.o
 .debug_aranges
                0x0000000000000960       0x78 Drivers/STM32F0xx_HAL_Driver/Src/stm32f0xx_hal_rcc_ex.o
 .debug_aranges
                0x00000000000009d8      0x3b8 Drivers/STM32F0xx_HAL_Driver/Src/stm32f0xx_hal_tim.o
 .debug_aranges
                0x0000000000000d90      0x150 Drivers/STM32F0xx_HAL_Driver/Src/stm32f0xx_hal_tim_ex.o
 .debug_aranges
                0x0000000000000ee0       0x78 ssd1306/ssd1306.o
 .debug_aranges
                0x0000000000000f58       0x18 ssd1306/ssd1306_fonts.o

.debug_ranges   0x0000000000000000      0xde0
 .debug_ranges  0x0000000000000000       0x20 Core/Src/dac.o
 .debug_ranges  0x0000000000000020       0x10 Core/Src/dma.o
 .debug_ranges  0x0000000000000030       0x10 Core/Src/gpio.o
 .debug_ranges  0x0000000000000040       0x20 Core/Src/i2c.o
 .debug_ranges  0x0000000000000060       0x28 Core/Src/main.o
 .debug_ranges  0x0000000000000088       0x10 Core/Src/stm32f0xx_hal_msp.o
 .debug_ranges  0x0000000000000098       0x68 Core/Src/stm32f0xx_it.o
 .debug_ranges  0x0000000000000100       0x10 Core/Src/sysmem.o
 .debug_ranges  0x0000000000000110       0x18 Core/Src/system_stm32f0xx.o
 .debug_ranges  0x0000000000000128       0x58 Core/Src/tim.o
 .debug_ranges  0x0000000000000180       0x20 Core/Startup/startup_stm32f072rbtx.o
 .debug_ranges  0x00000000000001a0       0xc0 Drivers/STM32F0xx_HAL_Driver/Src/stm32f0xx_hal.o
 .debug_ranges  0x0000000000000260       0xb0 Drivers/STM32F0xx_HAL_Driver/Src/stm32f0xx_hal_cortex.o
 .debug_ranges  0x0000000000000310       0x98 Drivers/STM32F0xx_HAL_Driver/Src/stm32f0xx_hal_dac.o
 .debug_ranges  0x00000000000003a8       0xa0 Drivers/STM32F0xx_HAL_Driver/Src/stm32f0xx_hal_dac_ex.o
 .debug_ranges  0x0000000000000448       0x78 Drivers/STM32F0xx_HAL_Driver/Src/stm32f0xx_hal_dma.o
 .debug_ranges  0x00000000000004c0       0x48 Drivers/STM32F0xx_HAL_Driver/Src/stm32f0xx_hal_gpio.o
 .debug_ranges  0x0000000000000508      0x278 Drivers/STM32F0xx_HAL_Driver/Src/stm32f0xx_hal_i2c.o
 .debug_ranges  0x0000000000000780       0x38 Drivers/STM32F0xx_HAL_Driver/Src/stm32f0xx_hal_i2c_ex.o
 .debug_ranges  0x00000000000007b8       0x70 Drivers/STM32F0xx_HAL_Driver/Src/stm32f0xx_hal_rcc.o
 .debug_ranges  0x0000000000000828       0x68 Drivers/STM32F0xx_HAL_Driver/Src/stm32f0xx_hal_rcc_ex.o
 .debug_ranges  0x0000000000000890      0x3a8 Drivers/STM32F0xx_HAL_Driver/Src/stm32f0xx_hal_tim.o
 .debug_ranges  0x0000000000000c38      0x140 Drivers/STM32F0xx_HAL_Driver/Src/stm32f0xx_hal_tim_ex.o
 .debug_ranges  0x0000000000000d78       0x68 ssd1306/ssd1306.o

.debug_macro    0x0000000000000000    0x17af7
 .debug_macro   0x0000000000000000      0x1d2 Core/Src/dac.o
 .debug_macro   0x00000000000001d2      0xa4e Core/Src/dac.o
 .debug_macro   0x0000000000000c20      0x133 Core/Src/dac.o
 .debug_macro   0x0000000000000d53       0x2e Core/Src/dac.o
 .debug_macro   0x0000000000000d81       0x22 Core/Src/dac.o
 .debug_macro   0x0000000000000da3       0x22 Core/Src/dac.o
 .debug_macro   0x0000000000000dc5       0x8e Core/Src/dac.o
 .debug_macro   0x0000000000000e53       0x51 Core/Src/dac.o
 .debug_macro   0x0000000000000ea4       0xef Core/Src/dac.o
 .debug_macro   0x0000000000000f93       0x6a Core/Src/dac.o
 .debug_macro   0x0000000000000ffd      0x1df Core/Src/dac.o
 .debug_macro   0x00000000000011dc       0x1c Core/Src/dac.o
 .debug_macro   0x00000000000011f8       0x22 Core/Src/dac.o
 .debug_macro   0x000000000000121a       0xb5 Core/Src/dac.o
 .debug_macro   0x00000000000012cf      0x391 Core/Src/dac.o
 .debug_macro   0x0000000000001660     0xfe50 Core/Src/dac.o
 .debug_macro   0x00000000000114b0       0x3c Core/Src/dac.o
 .debug_macro   0x00000000000114ec      0x174 Core/Src/dac.o
 .debug_macro   0x0000000000011660       0x53 Core/Src/dac.o
 .debug_macro   0x00000000000116b3      0x946 Core/Src/dac.o
 .debug_macro   0x0000000000011ff9      0x5f3 Core/Src/dac.o
 .debug_macro   0x00000000000125ec      0x12f Core/Src/dac.o
 .debug_macro   0x000000000001271b      0x1a7 Core/Src/dac.o
 .debug_macro   0x00000000000128c2      0x1a7 Core/Src/dac.o
 .debug_macro   0x0000000000012a69      0x22c Core/Src/dac.o
 .debug_macro   0x0000000000012c95       0x34 Core/Src/dac.o
 .debug_macro   0x0000000000012cc9       0x43 Core/Src/dac.o
 .debug_macro   0x0000000000012d0c       0x28 Core/Src/dac.o
 .debug_macro   0x0000000000012d34       0xd5 Core/Src/dac.o
 .debug_macro   0x0000000000012e09       0xed Core/Src/dac.o
 .debug_macro   0x0000000000012ef6       0xb0 Core/Src/dac.o
 .debug_macro   0x0000000000012fa6      0x217 Core/Src/dac.o
 .debug_macro   0x00000000000131bd      0x22c Core/Src/dac.o
 .debug_macro   0x00000000000133e9       0x5f Core/Src/dac.o
 .debug_macro   0x0000000000013448       0xa5 Core/Src/dac.o
 .debug_macro   0x00000000000134ed       0x4c Core/Src/dac.o
 .debug_macro   0x0000000000013539      0x16d Core/Src/dac.o
 .debug_macro   0x00000000000136a6      0x8ae Core/Src/dac.o
 .debug_macro   0x0000000000013f54       0x28 Core/Src/dac.o
 .debug_macro   0x0000000000013f7c      0x130 Core/Src/dac.o
 .debug_macro   0x00000000000140ac       0x3a Core/Src/dac.o
 .debug_macro   0x00000000000140e6      0x1d2 Core/Src/dma.o
 .debug_macro   0x00000000000142b8      0x1d2 Core/Src/gpio.o
 .debug_macro   0x000000000001448a      0x1d2 Core/Src/i2c.o
 .debug_macro   0x000000000001465c      0x376 Core/Src/main.o
 .debug_macro   0x00000000000149d2       0x10 Core/Src/main.o
 .debug_macro   0x00000000000149e2       0x46 Core/Src/main.o
 .debug_macro   0x0000000000014a28       0x18 Core/Src/main.o
 .debug_macro   0x0000000000014a40       0x3c Core/Src/main.o
 .debug_macro   0x0000000000014a7c       0x34 Core/Src/main.o
 .debug_macro   0x0000000000014ab0       0x16 Core/Src/main.o
 .debug_macro   0x0000000000014ac6       0x35 Core/Src/main.o
 .debug_macro   0x0000000000014afb      0x32a Core/Src/main.o
 .debug_macro   0x0000000000014e25       0x10 Core/Src/main.o
 .debug_macro   0x0000000000014e35       0x52 Core/Src/main.o
 .debug_macro   0x0000000000014e87       0x1f Core/Src/main.o
 .debug_macro   0x0000000000014ea6       0x43 Core/Src/main.o
 .debug_macro   0x0000000000014ee9       0x20 Core/Src/main.o
 .debug_macro   0x0000000000014f09      0x1a3 Core/Src/main.o
 .debug_macro   0x00000000000150ac       0x10 Core/Src/main.o
 .debug_macro   0x00000000000150bc       0x1c Core/Src/main.o
 .debug_macro   0x00000000000150d8       0x52 Core/Src/main.o
 .debug_macro   0x000000000001512a       0x40 Core/Src/main.o
 .debug_macro   0x000000000001516a       0x10 Core/Src/main.o
 .debug_macro   0x000000000001517a       0x40 Core/Src/main.o
 .debug_macro   0x00000000000151ba       0xd7 Core/Src/main.o
 .debug_macro   0x0000000000015291       0x1c Core/Src/main.o
 .debug_macro   0x00000000000152ad       0x3d Core/Src/main.o
 .debug_macro   0x00000000000152ea       0x16 Core/Src/main.o
 .debug_macro   0x0000000000015300      0x145 Core/Src/main.o
 .debug_macro   0x0000000000015445       0x4c Core/Src/main.o
 .debug_macro   0x0000000000015491      0x1c8 Core/Src/stm32f0xx_hal_msp.o
 .debug_macro   0x0000000000015659      0x34f Core/Src/stm32f0xx_it.o
 .debug_macro   0x00000000000159a8      0x1ae Core/Src/sysmem.o
 .debug_macro   0x0000000000015b56      0x23b Core/Src/sysmem.o
 .debug_macro   0x0000000000015d91      0x1b9 Core/Src/system_stm32f0xx.o
 .debug_macro   0x0000000000015f4a      0x1d2 Core/Src/tim.o
 .debug_macro   0x000000000001611c      0x1dd Drivers/STM32F0xx_HAL_Driver/Src/stm32f0xx_hal.o
 .debug_macro   0x00000000000162f9      0x1b9 Drivers/STM32F0xx_HAL_Driver/Src/stm32f0xx_hal_cortex.o
 .debug_macro   0x00000000000164b2      0x1ba Drivers/STM32F0xx_HAL_Driver/Src/stm32f0xx_hal_dac.o
 .debug_macro   0x000000000001666c      0x1b9 Drivers/STM32F0xx_HAL_Driver/Src/stm32f0xx_hal_dac_ex.o
 .debug_macro   0x0000000000016825      0x1b9 Drivers/STM32F0xx_HAL_Driver/Src/stm32f0xx_hal_dma.o
 .debug_macro   0x00000000000169de      0x1f1 Drivers/STM32F0xx_HAL_Driver/Src/stm32f0xx_hal_gpio.o
 .debug_macro   0x0000000000016bcf      0x27e Drivers/STM32F0xx_HAL_Driver/Src/stm32f0xx_hal_i2c.o
 .debug_macro   0x0000000000016e4d      0x1b9 Drivers/STM32F0xx_HAL_Driver/Src/stm32f0xx_hal_i2c_ex.o
 .debug_macro   0x0000000000017006      0x1cb Drivers/STM32F0xx_HAL_Driver/Src/stm32f0xx_hal_rcc.o
 .debug_macro   0x00000000000171d1      0x1cb Drivers/STM32F0xx_HAL_Driver/Src/stm32f0xx_hal_rcc_ex.o
 .debug_macro   0x000000000001739c      0x1ba Drivers/STM32F0xx_HAL_Driver/Src/stm32f0xx_hal_tim.o
 .debug_macro   0x0000000000017556      0x1b9 Drivers/STM32F0xx_HAL_Driver/Src/stm32f0xx_hal_tim_ex.o
 .debug_macro   0x000000000001770f      0x33b ssd1306/ssd1306.o
 .debug_macro   0x0000000000017a4a       0x40 ssd1306/ssd1306.o
 .debug_macro   0x0000000000017a8a       0x6d ssd1306/ssd1306_fonts.o

.debug_line     0x0000000000000000     0xe4d2
 .debug_line    0x0000000000000000      0x6d8 Core/Src/dac.o
 .debug_line    0x00000000000006d8      0x68f Core/Src/dma.o
 .debug_line    0x0000000000000d67      0x69a Core/Src/gpio.o
 .debug_line    0x0000000000001401      0x6c7 Core/Src/i2c.o
 .debug_line    0x0000000000001ac8      0x9b0 Core/Src/main.o
 .debug_line    0x0000000000002478      0x692 Core/Src/stm32f0xx_hal_msp.o
 .debug_line    0x0000000000002b0a      0x9ca Core/Src/stm32f0xx_it.o
 .debug_line    0x00000000000034d4      0x554 Core/Src/sysmem.o
 .debug_line    0x0000000000003a28      0x6b5 Core/Src/system_stm32f0xx.o
 .debug_line    0x00000000000040dd      0x7d7 Core/Src/tim.o
 .debug_line    0x00000000000048b4       0x89 Core/Startup/startup_stm32f072rbtx.o
 .debug_line    0x000000000000493d      0x848 Drivers/STM32F0xx_HAL_Driver/Src/stm32f0xx_hal.o
 .debug_line    0x0000000000005185      0x860 Drivers/STM32F0xx_HAL_Driver/Src/stm32f0xx_hal_cortex.o
 .debug_line    0x00000000000059e5      0x7f8 Drivers/STM32F0xx_HAL_Driver/Src/stm32f0xx_hal_dac.o
 .debug_line    0x00000000000061dd      0x8f0 Drivers/STM32F0xx_HAL_Driver/Src/stm32f0xx_hal_dac_ex.o
 .debug_line    0x0000000000006acd      0x8a6 Drivers/STM32F0xx_HAL_Driver/Src/stm32f0xx_hal_dma.o
 .debug_line    0x0000000000007373      0x822 Drivers/STM32F0xx_HAL_Driver/Src/stm32f0xx_hal_gpio.o
 .debug_line    0x0000000000007b95     0x1a15 Drivers/STM32F0xx_HAL_Driver/Src/stm32f0xx_hal_i2c.o
 .debug_line    0x00000000000095aa      0x7d6 Drivers/STM32F0xx_HAL_Driver/Src/stm32f0xx_hal_i2c_ex.o
 .debug_line    0x0000000000009d80      0x935 Drivers/STM32F0xx_HAL_Driver/Src/stm32f0xx_hal_rcc.o
 .debug_line    0x000000000000a6b5      0x8e1 Drivers/STM32F0xx_HAL_Driver/Src/stm32f0xx_hal_rcc_ex.o
 .debug_line    0x000000000000af96     0x1a7a Drivers/STM32F0xx_HAL_Driver/Src/stm32f0xx_hal_tim.o
 .debug_line    0x000000000000ca10      0xc94 Drivers/STM32F0xx_HAL_Driver/Src/stm32f0xx_hal_tim_ex.o
 .debug_line    0x000000000000d6a4      0xa6b ssd1306/ssd1306.o
 .debug_line    0x000000000000e10f      0x3c3 ssd1306/ssd1306_fonts.o

.debug_str      0x0000000000000000    0x7e979
 .debug_str     0x0000000000000000    0x76086 Core/Src/dac.o
                                      0x762c2 (size before relaxing)
 .debug_str     0x0000000000076086      0x159 Core/Src/dma.o
                                      0x7608a (size before relaxing)
 .debug_str     0x00000000000761df       0x2a Core/Src/gpio.o
                                      0x7610e (size before relaxing)
 .debug_str     0x0000000000076209      0x2de Core/Src/i2c.o
                                      0x76400 (size before relaxing)
 .debug_str     0x00000000000764e7     0x4633 Core/Src/main.o
                                      0x7aae7 (size before relaxing)
 .debug_str     0x000000000007ab1a       0x2c Core/Src/stm32f0xx_hal_msp.o
                                      0x75eac (size before relaxing)
 .debug_str     0x000000000007ab46       0xfa Core/Src/stm32f0xx_it.o
                                      0x7a899 (size before relaxing)
 .debug_str     0x000000000007ac40      0x4d1 Core/Src/sysmem.o
                                       0x7a6b (size before relaxing)
 .debug_str     0x000000000007b111       0x5f Core/Src/system_stm32f0xx.o
                                      0x75d2d (size before relaxing)
 .debug_str     0x000000000007b170      0x202 Core/Src/tim.o
                                      0x766fc (size before relaxing)
 .debug_str     0x000000000007b372       0x36 Core/Startup/startup_stm32f072rbtx.o
                                         0x84 (size before relaxing)
 .debug_str     0x000000000007b3a8      0x38a Drivers/STM32F0xx_HAL_Driver/Src/stm32f0xx_hal.o
                                      0x7629b (size before relaxing)
 .debug_str     0x000000000007b732      0x220 Drivers/STM32F0xx_HAL_Driver/Src/stm32f0xx_hal_cortex.o
                                      0x7614f (size before relaxing)
 .debug_str     0x000000000007b952      0x179 Drivers/STM32F0xx_HAL_Driver/Src/stm32f0xx_hal_dac.o
                                      0x761a6 (size before relaxing)
 .debug_str     0x000000000007bacb      0x1ae Drivers/STM32F0xx_HAL_Driver/Src/stm32f0xx_hal_dac_ex.o
                                      0x7622a (size before relaxing)
 .debug_str     0x000000000007bc79      0x257 Drivers/STM32F0xx_HAL_Driver/Src/stm32f0xx_hal_dma.o
                                      0x76105 (size before relaxing)
 .debug_str     0x000000000007bed0      0x22a Drivers/STM32F0xx_HAL_Driver/Src/stm32f0xx_hal_gpio.o
                                      0x75fc9 (size before relaxing)
 .debug_str     0x000000000007c0fa      0xdeb Drivers/STM32F0xx_HAL_Driver/Src/stm32f0xx_hal_i2c.o
                                      0x76f8c (size before relaxing)
 .debug_str     0x000000000007cee5       0xf3 Drivers/STM32F0xx_HAL_Driver/Src/stm32f0xx_hal_i2c_ex.o
                                      0x762cb (size before relaxing)
 .debug_str     0x000000000007cfd8      0x249 Drivers/STM32F0xx_HAL_Driver/Src/stm32f0xx_hal_rcc.o
                                      0x76142 (size before relaxing)
 .debug_str     0x000000000007d221      0x2c9 Drivers/STM32F0xx_HAL_Driver/Src/stm32f0xx_hal_rcc_ex.o
                                      0x7611f (size before relaxing)
 .debug_str     0x000000000007d4ea      0xd0e Drivers/STM32F0xx_HAL_Driver/Src/stm32f0xx_hal_tim.o
                                      0x76f26 (size before relaxing)
 .debug_str     0x000000000007e1f8      0x52f Drivers/STM32F0xx_HAL_Driver/Src/stm32f0xx_hal_tim_ex.o
                                      0x766da (size before relaxing)
 .debug_str     0x000000000007e727      0x1cc ssd1306/ssd1306.o
                                      0x7a777 (size before relaxing)
 .debug_str     0x000000000007e8f3       0x86 ssd1306/ssd1306_fonts.o
                                       0x3c6e (size before relaxing)

.comment        0x0000000000000000       0x7b
 .comment       0x0000000000000000       0x7b Core/Src/dac.o
                                         0x7c (size before relaxing)
 .comment       0x000000000000007b       0x7c Core/Src/dma.o
 .comment       0x000000000000007b       0x7c Core/Src/gpio.o
 .comment       0x000000000000007b       0x7c Core/Src/i2c.o
 .comment       0x000000000000007b       0x7c Core/Src/main.o
 .comment       0x000000000000007b       0x7c Core/Src/stm32f0xx_hal_msp.o
 .comment       0x000000000000007b       0x7c Core/Src/stm32f0xx_it.o
 .comment       0x000000000000007b       0x7c Core/Src/sysmem.o
 .comment       0x000000000000007b       0x7c Core/Src/system_stm32f0xx.o
 .comment       0x000000000000007b       0x7c Core/Src/tim.o
 .comment       0x000000000000007b       0x7c Drivers/STM32F0xx_HAL_Driver/Src/stm32f0xx_hal.o
 .comment       0x000000000000007b       0x7c Drivers/STM32F0xx_HAL_Driver/Src/stm32f0xx_hal_cortex.o
 .comment       0x000000000000007b       0x7c Drivers/STM32F0xx_HAL_Driver/Src/stm32f0xx_hal_dac.o
 .comment       0x000000000000007b       0x7c Drivers/STM32F0xx_HAL_Driver/Src/stm32f0xx_hal_dac_ex.o
 .comment       0x000000000000007b       0x7c Drivers/STM32F0xx_HAL_Driver/Src/stm32f0xx_hal_dma.o
 .comment       0x000000000000007b       0x7c Drivers/STM32F0xx_HAL_Driver/Src/stm32f0xx_hal_gpio.o
 .comment       0x000000000000007b       0x7c Drivers/STM32F0xx_HAL_Driver/Src/stm32f0xx_hal_i2c.o
 .comment       0x000000000000007b       0x7c Drivers/STM32F0xx_HAL_Driver/Src/stm32f0xx_hal_i2c_ex.o
 .comment       0x000000000000007b       0x7c Drivers/STM32F0xx_HAL_Driver/Src/stm32f0xx_hal_rcc.o
 .comment       0x000000000000007b       0x7c Drivers/STM32F0xx_HAL_Driver/Src/stm32f0xx_hal_rcc_ex.o
 .comment       0x000000000000007b       0x7c Drivers/STM32F0xx_HAL_Driver/Src/stm32f0xx_hal_tim.o
 .comment       0x000000000000007b       0x7c Drivers/STM32F0xx_HAL_Driver/Src/stm32f0xx_hal_tim_ex.o
 .comment       0x000000000000007b       0x7c ssd1306/ssd1306.o
 .comment       0x000000000000007b       0x7c ssd1306/ssd1306_fonts.o

.debug_frame    0x0000000000000000     0x3868
 .debug_frame   0x0000000000000000       0x70 Core/Src/dac.o
 .debug_frame   0x0000000000000070       0x30 Core/Src/dma.o
 .debug_frame   0x00000000000000a0       0x30 Core/Src/gpio.o
 .debug_frame   0x00000000000000d0       0x6c Core/Src/i2c.o
 .debug_frame   0x000000000000013c       0x8c Core/Src/main.o
 .debug_frame   0x00000000000001c8       0x30 Core/Src/stm32f0xx_hal_msp.o
 .debug_frame   0x00000000000001f8      0x168 Core/Src/stm32f0xx_it.o
 .debug_frame   0x0000000000000360       0x30 Core/Src/sysmem.o
 .debug_frame   0x0000000000000390       0x4c Core/Src/system_stm32f0xx.o
 .debug_frame   0x00000000000003dc      0x14c Core/Src/tim.o
 .debug_frame   0x0000000000000528      0x2a4 Drivers/STM32F0xx_HAL_Driver/Src/stm32f0xx_hal.o
 .debug_frame   0x00000000000007cc      0x2a0 Drivers/STM32F0xx_HAL_Driver/Src/stm32f0xx_hal_cortex.o
 .debug_frame   0x0000000000000a6c      0x250 Drivers/STM32F0xx_HAL_Driver/Src/stm32f0xx_hal_dac.o
 .debug_frame   0x0000000000000cbc      0x270 Drivers/STM32F0xx_HAL_Driver/Src/stm32f0xx_hal_dac_ex.o
 .debug_frame   0x0000000000000f2c      0x1d0 Drivers/STM32F0xx_HAL_Driver/Src/stm32f0xx_hal_dma.o
 .debug_frame   0x00000000000010fc      0x110 Drivers/STM32F0xx_HAL_Driver/Src/stm32f0xx_hal_gpio.o
 .debug_frame   0x000000000000120c      0xa00 Drivers/STM32F0xx_HAL_Driver/Src/stm32f0xx_hal_i2c.o
 .debug_frame   0x0000000000001c0c       0xd0 Drivers/STM32F0xx_HAL_Driver/Src/stm32f0xx_hal_i2c_ex.o
 .debug_frame   0x0000000000001cdc      0x198 Drivers/STM32F0xx_HAL_Driver/Src/stm32f0xx_hal_rcc.o
 .debug_frame   0x0000000000001e74      0x180 Drivers/STM32F0xx_HAL_Driver/Src/stm32f0xx_hal_rcc_ex.o
 .debug_frame   0x0000000000001ff4      0xe90 Drivers/STM32F0xx_HAL_Driver/Src/stm32f0xx_hal_tim.o
 .debug_frame   0x0000000000002e84      0x4f0 Drivers/STM32F0xx_HAL_Driver/Src/stm32f0xx_hal_tim_ex.o
 .debug_frame   0x0000000000003374      0x194 ssd1306/ssd1306.o
 .debug_frame   0x0000000000003508       0x20 /home/chris/st/stm32cubeide_1.2.0/plugins/com.st.stm32cube.ide.mcu.externaltools.gnu-tools-for-stm32.7-2018-q2-update.linux64_1.0.0.201904181610/tools/bin/../lib/gcc/arm-none-eabi/7.3.1/../../../../arm-none-eabi/lib/thumb/v6-m/libc_nano.a(lib_a-errno.o)
 .debug_frame   0x0000000000003528       0x2c /home/chris/st/stm32cubeide_1.2.0/plugins/com.st.stm32cube.ide.mcu.externaltools.gnu-tools-for-stm32.7-2018-q2-update.linux64_1.0.0.201904181610/tools/bin/../lib/gcc/arm-none-eabi/7.3.1/../../../../arm-none-eabi/lib/thumb/v6-m/libc_nano.a(lib_a-init.o)
 .debug_frame   0x0000000000003554       0x28 /home/chris/st/stm32cubeide_1.2.0/plugins/com.st.stm32cube.ide.mcu.externaltools.gnu-tools-for-stm32.7-2018-q2-update.linux64_1.0.0.201904181610/tools/bin/../lib/gcc/arm-none-eabi/7.3.1/../../../../arm-none-eabi/lib/thumb/v6-m/libc_nano.a(lib_a-memmove.o)
 .debug_frame   0x000000000000357c       0x20 /home/chris/st/stm32cubeide_1.2.0/plugins/com.st.stm32cube.ide.mcu.externaltools.gnu-tools-for-stm32.7-2018-q2-update.linux64_1.0.0.201904181610/tools/bin/../lib/gcc/arm-none-eabi/7.3.1/../../../../arm-none-eabi/lib/thumb/v6-m/libc_nano.a(lib_a-memset.o)
 .debug_frame   0x000000000000359c       0x50 /home/chris/st/stm32cubeide_1.2.0/plugins/com.st.stm32cube.ide.mcu.externaltools.gnu-tools-for-stm32.7-2018-q2-update.linux64_1.0.0.201904181610/tools/bin/../lib/gcc/arm-none-eabi/7.3.1/../../../../arm-none-eabi/lib/thumb/v6-m/libc_nano.a(lib_a-snprintf.o)
 .debug_frame   0x00000000000035ec       0x74 /home/chris/st/stm32cubeide_1.2.0/plugins/com.st.stm32cube.ide.mcu.externaltools.gnu-tools-for-stm32.7-2018-q2-update.linux64_1.0.0.201904181610/tools/bin/../lib/gcc/arm-none-eabi/7.3.1/../../../../arm-none-eabi/lib/thumb/v6-m/libc_nano.a(lib_a-nano-svfprintf.o)
 .debug_frame   0x0000000000003660       0x54 /home/chris/st/stm32cubeide_1.2.0/plugins/com.st.stm32cube.ide.mcu.externaltools.gnu-tools-for-stm32.7-2018-q2-update.linux64_1.0.0.201904181610/tools/bin/../lib/gcc/arm-none-eabi/7.3.1/../../../../arm-none-eabi/lib/thumb/v6-m/libc_nano.a(lib_a-nano-vfprintf_i.o)
 .debug_frame   0x00000000000036b4       0x20 /home/chris/st/stm32cubeide_1.2.0/plugins/com.st.stm32cube.ide.mcu.externaltools.gnu-tools-for-stm32.7-2018-q2-update.linux64_1.0.0.201904181610/tools/bin/../lib/gcc/arm-none-eabi/7.3.1/../../../../arm-none-eabi/lib/thumb/v6-m/libc_nano.a(lib_a-memchr-stub.o)
 .debug_frame   0x00000000000036d4       0x28 /home/chris/st/stm32cubeide_1.2.0/plugins/com.st.stm32cube.ide.mcu.externaltools.gnu-tools-for-stm32.7-2018-q2-update.linux64_1.0.0.201904181610/tools/bin/../lib/gcc/arm-none-eabi/7.3.1/../../../../arm-none-eabi/lib/thumb/v6-m/libc_nano.a(lib_a-memcpy-stub.o)
 .debug_frame   0x00000000000036fc       0x2c /home/chris/st/stm32cubeide_1.2.0/plugins/com.st.stm32cube.ide.mcu.externaltools.gnu-tools-for-stm32.7-2018-q2-update.linux64_1.0.0.201904181610/tools/bin/../lib/gcc/arm-none-eabi/7.3.1/../../../../arm-none-eabi/lib/thumb/v6-m/libc_nano.a(lib_a-nano-freer.o)
 .debug_frame   0x0000000000003728       0x2c /home/chris/st/stm32cubeide_1.2.0/plugins/com.st.stm32cube.ide.mcu.externaltools.gnu-tools-for-stm32.7-2018-q2-update.linux64_1.0.0.201904181610/tools/bin/../lib/gcc/arm-none-eabi/7.3.1/../../../../arm-none-eabi/lib/thumb/v6-m/libc_nano.a(lib_a-nano-mallocr.o)
 .debug_frame   0x0000000000003754       0x30 /home/chris/st/stm32cubeide_1.2.0/plugins/com.st.stm32cube.ide.mcu.externaltools.gnu-tools-for-stm32.7-2018-q2-update.linux64_1.0.0.201904181610/tools/bin/../lib/gcc/arm-none-eabi/7.3.1/../../../../arm-none-eabi/lib/thumb/v6-m/libc_nano.a(lib_a-nano-reallocr.o)
 .debug_frame   0x0000000000003784       0x2c /home/chris/st/stm32cubeide_1.2.0/plugins/com.st.stm32cube.ide.mcu.externaltools.gnu-tools-for-stm32.7-2018-q2-update.linux64_1.0.0.201904181610/tools/bin/../lib/gcc/arm-none-eabi/7.3.1/../../../../arm-none-eabi/lib/thumb/v6-m/libc_nano.a(lib_a-sbrkr.o)
 .debug_frame   0x00000000000037b0       0x30 /home/chris/st/stm32cubeide_1.2.0/plugins/com.st.stm32cube.ide.mcu.externaltools.gnu-tools-for-stm32.7-2018-q2-update.linux64_1.0.0.201904181610/tools/bin/../lib/gcc/arm-none-eabi/7.3.1/../../../../arm-none-eabi/lib/thumb/v6-m/libc_nano.a(lib_a-mlock.o)
 .debug_frame   0x00000000000037e0       0x20 /home/chris/st/stm32cubeide_1.2.0/plugins/com.st.stm32cube.ide.mcu.externaltools.gnu-tools-for-stm32.7-2018-q2-update.linux64_1.0.0.201904181610/tools/bin/../lib/gcc/arm-none-eabi/7.3.1/../../../../arm-none-eabi/lib/thumb/v6-m/libc_nano.a(lib_a-nano-msizer.o)
 .debug_frame   0x0000000000003800       0x48 /home/chris/st/stm32cubeide_1.2.0/plugins/com.st.stm32cube.ide.mcu.externaltools.gnu-tools-for-stm32.7-2018-q2-update.linux64_1.0.0.201904181610/tools/bin/../lib/gcc/arm-none-eabi/7.3.1/../../../../arm-none-eabi/lib/thumb/v6-m/libc_nano.a(lib_a-reent.o)
 .debug_frame   0x0000000000003848       0x20 /home/chris/st/stm32cubeide_1.2.0/plugins/com.st.stm32cube.ide.mcu.externaltools.gnu-tools-for-stm32.7-2018-q2-update.linux64_1.0.0.201904181610/tools/bin/../lib/gcc/arm-none-eabi/7.3.1/thumb/v6-m/libgcc.a(_udivsi3.o)
