Archive member included to satisfy reference by file (symbol)

/home/chris/st/stm32cubeide_1.2.0/plugins/com.st.stm32cube.ide.mcu.externaltools.gnu-tools-for-stm32.7-2018-q2-update.linux64_1.0.0.201904181610/tools/bin/../lib/gcc/arm-none-eabi/7.3.1/../../../../arm-none-eabi/lib/thumb/v6-m/libc_nano.a(lib_a-errno.o)
                              Core/Src/syscalls.o (__errno)
/home/chris/st/stm32cubeide_1.2.0/plugins/com.st.stm32cube.ide.mcu.externaltools.gnu-tools-for-stm32.7-2018-q2-update.linux64_1.0.0.201904181610/tools/bin/../lib/gcc/arm-none-eabi/7.3.1/../../../../arm-none-eabi/lib/thumb/v6-m/libc_nano.a(lib_a-exit.o)
                              /home/chris/st/stm32cubeide_1.2.0/plugins/com.st.stm32cube.ide.mcu.externaltools.gnu-tools-for-stm32.7-2018-q2-update.linux64_1.0.0.201904181610/tools/bin/../lib/gcc/arm-none-eabi/7.3.1/../../../../arm-none-eabi/lib/thumb/v6-m/crt0.o (exit)
/home/chris/st/stm32cubeide_1.2.0/plugins/com.st.stm32cube.ide.mcu.externaltools.gnu-tools-for-stm32.7-2018-q2-update.linux64_1.0.0.201904181610/tools/bin/../lib/gcc/arm-none-eabi/7.3.1/../../../../arm-none-eabi/lib/thumb/v6-m/libc_nano.a(lib_a-impure.o)
                              /home/chris/st/stm32cubeide_1.2.0/plugins/com.st.stm32cube.ide.mcu.externaltools.gnu-tools-for-stm32.7-2018-q2-update.linux64_1.0.0.201904181610/tools/bin/../lib/gcc/arm-none-eabi/7.3.1/../../../../arm-none-eabi/lib/thumb/v6-m/libc_nano.a(lib_a-exit.o) (_global_impure_ptr)
/home/chris/st/stm32cubeide_1.2.0/plugins/com.st.stm32cube.ide.mcu.externaltools.gnu-tools-for-stm32.7-2018-q2-update.linux64_1.0.0.201904181610/tools/bin/../lib/gcc/arm-none-eabi/7.3.1/../../../../arm-none-eabi/lib/thumb/v6-m/libc_nano.a(lib_a-init.o)
                              /home/chris/st/stm32cubeide_1.2.0/plugins/com.st.stm32cube.ide.mcu.externaltools.gnu-tools-for-stm32.7-2018-q2-update.linux64_1.0.0.201904181610/tools/bin/../lib/gcc/arm-none-eabi/7.3.1/../../../../arm-none-eabi/lib/thumb/v6-m/crt0.o (__libc_init_array)
/home/chris/st/stm32cubeide_1.2.0/plugins/com.st.stm32cube.ide.mcu.externaltools.gnu-tools-for-stm32.7-2018-q2-update.linux64_1.0.0.201904181610/tools/bin/../lib/gcc/arm-none-eabi/7.3.1/../../../../arm-none-eabi/lib/thumb/v6-m/libc_nano.a(lib_a-memset.o)
                              /home/chris/st/stm32cubeide_1.2.0/plugins/com.st.stm32cube.ide.mcu.externaltools.gnu-tools-for-stm32.7-2018-q2-update.linux64_1.0.0.201904181610/tools/bin/../lib/gcc/arm-none-eabi/7.3.1/../../../../arm-none-eabi/lib/thumb/v6-m/crt0.o (memset)
/home/chris/st/stm32cubeide_1.2.0/plugins/com.st.stm32cube.ide.mcu.externaltools.gnu-tools-for-stm32.7-2018-q2-update.linux64_1.0.0.201904181610/tools/bin/../lib/gcc/arm-none-eabi/7.3.1/thumb/v6-m/libgcc.a(_udivsi3.o)
                              Core/Src/system_stm32f0xx.o (__aeabi_uidiv)
/home/chris/st/stm32cubeide_1.2.0/plugins/com.st.stm32cube.ide.mcu.externaltools.gnu-tools-for-stm32.7-2018-q2-update.linux64_1.0.0.201904181610/tools/bin/../lib/gcc/arm-none-eabi/7.3.1/thumb/v6-m/libgcc.a(_dvmd_tls.o)
                              /home/chris/st/stm32cubeide_1.2.0/plugins/com.st.stm32cube.ide.mcu.externaltools.gnu-tools-for-stm32.7-2018-q2-update.linux64_1.0.0.201904181610/tools/bin/../lib/gcc/arm-none-eabi/7.3.1/thumb/v6-m/libgcc.a(_udivsi3.o) (__aeabi_idiv0)

Allocating common symbols
Common symbol       size              file

uwTick              0x4               Drivers/STM32F0xx_HAL_Driver/Src/stm32f0xx_hal.o
pFlash              0x20              Drivers/STM32F0xx_HAL_Driver/Src/stm32f0xx_hal_flash.o
hdma_dac_ch1        0x44              Core/Src/dac.o
hdac                0x14              Core/Src/dac.o
htim6               0x40              Core/Src/tim.o
hdma_dac_ch2        0x44              Core/Src/dac.o
htim7               0x40              Core/Src/tim.o

Discarded input sections

 .text          0x0000000000000000        0x0 /home/chris/st/stm32cubeide_1.2.0/plugins/com.st.stm32cube.ide.mcu.externaltools.gnu-tools-for-stm32.7-2018-q2-update.linux64_1.0.0.201904181610/tools/bin/../lib/gcc/arm-none-eabi/7.3.1/thumb/v6-m/crti.o
 .data          0x0000000000000000        0x0 /home/chris/st/stm32cubeide_1.2.0/plugins/com.st.stm32cube.ide.mcu.externaltools.gnu-tools-for-stm32.7-2018-q2-update.linux64_1.0.0.201904181610/tools/bin/../lib/gcc/arm-none-eabi/7.3.1/thumb/v6-m/crti.o
 .bss           0x0000000000000000        0x0 /home/chris/st/stm32cubeide_1.2.0/plugins/com.st.stm32cube.ide.mcu.externaltools.gnu-tools-for-stm32.7-2018-q2-update.linux64_1.0.0.201904181610/tools/bin/../lib/gcc/arm-none-eabi/7.3.1/thumb/v6-m/crti.o
 .data          0x0000000000000000        0x4 /home/chris/st/stm32cubeide_1.2.0/plugins/com.st.stm32cube.ide.mcu.externaltools.gnu-tools-for-stm32.7-2018-q2-update.linux64_1.0.0.201904181610/tools/bin/../lib/gcc/arm-none-eabi/7.3.1/thumb/v6-m/crtbegin.o
[...]
Memory Configuration

Name             Origin             Length             Attributes
RAM              0x0000000020000000 0x0000000000004000 xrw
FLASH            0x0000000008000000 0x0000000000020000 xr
*default*        0x0000000000000000 0xffffffffffffffff

Linker script and memory map

LOAD /home/chris/st/stm32cubeide_1.2.0/plugins/com.st.stm32cube.ide.mcu.externaltools.gnu-tools-for-stm32.7-2018-q2-update.linux64_1.0.0.201904181610/tools/bin/../lib/gcc/arm-none-eabi/7.3.1/thumb/v6-m/crti.o
LOAD /home/chris/st/stm32cubeide_1.2.0/plugins/com.st.stm32cube.ide.mcu.externaltools.gnu-tools-for-stm32.7-2018-q2-update.linux64_1.0.0.201904181610/tools/bin/../lib/gcc/arm-none-eabi/7.3.1/thumb/v6-m/crtbegin.o
LOAD /home/chris/st/stm32cubeide_1.2.0/plugins/com.st.stm32cube.ide.mcu.externaltools.gnu-tools-for-stm32.7-2018-q2-update.linux64_1.0.0.201904181610/tools/bin/../lib/gcc/arm-none-eabi/7.3.1/../../../../arm-none-eabi/lib/thumb/v6-m/crt0.o
LOAD Core/Src/dac.o
LOAD Core/Src/dma.o
LOAD Core/Src/gpio.o
LOAD Core/Src/main.o
LOAD Core/Src/stm32f0xx_hal_msp.o
LOAD Core/Src/stm32f0xx_it.o
LOAD Core/Src/syscalls.o
LOAD Core/Src/sysmem.o
LOAD Core/Src/system_stm32f0xx.o
LOAD Core/Src/tim.o
LOAD Core/Startup/startup_stm32f072rbtx.o
LOAD Drivers/STM32F0xx_HAL_Driver/Src/stm32f0xx_hal.o
LOAD Drivers/STM32F0xx_HAL_Driver/Src/stm32f0xx_hal_cortex.o
LOAD Drivers/STM32F0xx_HAL_Driver/Src/stm32f0xx_hal_dac.o
LOAD Drivers/STM32F0xx_HAL_Driver/Src/stm32f0xx_hal_dac_ex.o
LOAD Drivers/STM32F0xx_HAL_Driver/Src/stm32f0xx_hal_dma.o
LOAD Drivers/STM32F0xx_HAL_Driver/Src/stm32f0xx_hal_exti.o
LOAD Drivers/STM32F0xx_HAL_Driver/Src/stm32f0xx_hal_flash.o
LOAD Drivers/STM32F0xx_HAL_Driver/Src/stm32f0xx_hal_flash_ex.o
LOAD Drivers/STM32F0xx_HAL_Driver/Src/stm32f0xx_hal_gpio.o
LOAD Drivers/STM32F0xx_HAL_Driver/Src/stm32f0xx_hal_i2c.o
LOAD Drivers/STM32F0xx_HAL_Driver/Src/stm32f0xx_hal_i2c_ex.o
LOAD Drivers/STM32F0xx_HAL_Driver/Src/stm32f0xx_hal_pwr.o
LOAD Drivers/STM32F0xx_HAL_Driver/Src/stm32f0xx_hal_pwr_ex.o
LOAD Drivers/STM32F0xx_HAL_Driver/Src/stm32f0xx_hal_rcc.o
LOAD Drivers/STM32F0xx_HAL_Driver/Src/stm32f0xx_hal_rcc_ex.o
LOAD Drivers/STM32F0xx_HAL_Driver/Src/stm32f0xx_hal_tim.o
LOAD Drivers/STM32F0xx_HAL_Driver/Src/stm32f0xx_hal_tim_ex.o
START GROUP
LOAD /home/chris/st/stm32cubeide_1.2.0/plugins/com.st.stm32cube.ide.mcu.externaltools.gnu-tools-for-stm32.7-2018-q2-update.linux64_1.0.0.201904181610/tools/bin/../lib/gcc/arm-none-eabi/7.3.1/../../../../arm-none-eabi/lib/thumb/v6-m/libc_nano.a
LOAD /home/chris/st/stm32cubeide_1.2.0/plugins/com.st.stm32cube.ide.mcu.externaltools.gnu-tools-for-stm32.7-2018-q2-update.linux64_1.0.0.201904181610/tools/bin/../lib/gcc/arm-none-eabi/7.3.1/../../../../arm-none-eabi/lib/thumb/v6-m/libm.a
END GROUP
START GROUP
LOAD /home/chris/st/stm32cubeide_1.2.0/plugins/com.st.stm32cube.ide.mcu.externaltools.gnu-tools-for-stm32.7-2018-q2-update.linux64_1.0.0.201904181610/tools/bin/../lib/gcc/arm-none-eabi/7.3.1/thumb/v6-m/libgcc.a
LOAD /home/chris/st/stm32cubeide_1.2.0/plugins/com.st.stm32cube.ide.mcu.externaltools.gnu-tools-for-stm32.7-2018-q2-update.linux64_1.0.0.201904181610/tools/bin/../lib/gcc/arm-none-eabi/7.3.1/../../../../arm-none-eabi/lib/thumb/v6-m/libc_nano.a
END GROUP
START GROUP
LOAD /home/chris/st/stm32cubeide_1.2.0/plugins/com.st.stm32cube.ide.mcu.externaltools.gnu-tools-for-stm32.7-2018-q2-update.linux64_1.0.0.201904181610/tools/bin/../lib/gcc/arm-none-eabi/7.3.1/thumb/v6-m/libgcc.a
LOAD /home/chris/st/stm32cubeide_1.2.0/plugins/com.st.stm32cube.ide.mcu.externaltools.gnu-tools-for-stm32.7-2018-q2-update.linux64_1.0.0.201904181610/tools/bin/../lib/gcc/arm-none-eabi/7.3.1/../../../../arm-none-eabi/lib/thumb/v6-m/libc_nano.a
LOAD /home/chris/st/stm32cubeide_1.2.0/plugins/com.st.stm32cube.ide.mcu.externaltools.gnu-tools-for-stm32.7-2018-q2-update.linux64_1.0.0.201904181610/tools/bin/../lib/gcc/arm-none-eabi/7.3.1/../../../../arm-none-eabi/lib/thumb/v6-m/libnosys.a
END GROUP
START GROUP
LOAD /home/chris/st/stm32cubeide_1.2.0/plugins/com.st.stm32cube.ide.mcu.externaltools.gnu-tools-for-stm32.7-2018-q2-update.linux64_1.0.0.201904181610/tools/bin/../lib/gcc/arm-none-eabi/7.3.1/thumb/v6-m/libgcc.a
LOAD /home/chris/st/stm32cubeide_1.2.0/plugins/com.st.stm32cube.ide.mcu.externaltools.gnu-tools-for-stm32.7-2018-q2-update.linux64_1.0.0.201904181610/tools/bin/../lib/gcc/arm-none-eabi/7.3.1/../../../../arm-none-eabi/lib/thumb/v6-m/libc_nano.a
LOAD /home/chris/st/stm32cubeide_1.2.0/plugins/com.st.stm32cube.ide.mcu.externaltools.gnu-tools-for-stm32.7-2018-q2-update.linux64_1.0.0.201904181610/tools/bin/../lib/gcc/arm-none-eabi/7.3.1/../../../../arm-none-eabi/lib/thumb/v6-m/libnosys.a
END GROUP
LOAD /home/chris/st/stm32cubeide_1.2.0/plugins/com.st.stm32cube.ide.mcu.externaltools.gnu-tools-for-stm32.7-2018-q2-update.linux64_1.0.0.201904181610/tools/bin/../lib/gcc/arm-none-eabi/7.3.1/thumb/v6-m/crtend.o
LOAD /home/chris/st/stm32cubeide_1.2.0/plugins/com.st.stm32cube.ide.mcu.externaltools.gnu-tools-for-stm32.7-2018-q2-update.linux64_1.0.0.201904181610/tools/bin/../lib/gcc/arm-none-eabi/7.3.1/thumb/v6-m/crtn.o
                0x0000000020004000                _estack = (ORIGIN (RAM) + LENGTH (RAM))
                0x0000000000000200                _Min_Heap_Size = 0x200
                0x0000000000000400                _Min_Stack_Size = 0x400

.isr_vector     0x0000000008000000       0xc0
                0x0000000008000000                . = ALIGN (0x4)
 *(.isr_vector)
 .isr_vector    0x0000000008000000       0xc0 Core/Startup/startup_stm32f072rbtx.o
                0x0000000008000000                g_pfnVectors
                0x00000000080000c0                . = ALIGN (0x4)

.text           0x00000000080000c0     0x1f80
                0x00000000080000c0                . = ALIGN (0x4)
 *(.text)
 .text          0x00000000080000c0       0x48 /home/chris/st/stm32cubeide_1.2.0/plugins/com.st.stm32cube.ide.mcu.externaltools.gnu-tools-for-stm32.7-2018-q2-update.linux64_1.0.0.201904181610/tools/bin/../lib/gcc/arm-none-eabi/7.3.1/thumb/v6-m/crtbegin.o
 .text          0x0000000008000108      0x114 /home/chris/st/stm32cubeide_1.2.0/plugins/com.st.stm32cube.ide.mcu.externaltools.gnu-tools-for-stm32.7-2018-q2-update.linux64_1.0.0.201904181610/tools/bin/../lib/gcc/arm-none-eabi/7.3.1/thumb/v6-m/libgcc.a(_udivsi3.o)
                0x0000000008000108                __udivsi3
                0x0000000008000108                __aeabi_uidiv
                0x0000000008000214                __aeabi_uidivmod
 .text          0x000000000800021c        0x4 /home/chris/st/stm32cubeide_1.2.0/plugins/com.st.stm32cube.ide.mcu.externaltools.gnu-tools-for-stm32.7-2018-q2-update.linux64_1.0.0.201904181610/tools/bin/../lib/gcc/arm-none-eabi/7.3.1/thumb/v6-m/libgcc.a(_dvmd_tls.o)
                0x000000000800021c                __aeabi_ldiv0
                0x000000000800021c                __aeabi_idiv0
 *(.text*)
 .text.MX_DAC_Init
                0x0000000008000220       0x74 Core/Src/dac.o
                0x0000000008000220                MX_DAC_Init
 .text.HAL_DAC_MspInit
                0x0000000008000294      0x140 Core/Src/dac.o
                0x0000000008000294                HAL_DAC_MspInit
 .text.MX_DMA_Init
                0x00000000080003d4       0x4c Core/Src/dma.o
                0x00000000080003d4                MX_DMA_Init
 .text.MX_GPIO_Init
                0x0000000008000420       0x30 Core/Src/gpio.o
                0x0000000008000420                MX_GPIO_Init
 .text.main     0x0000000008000450       0x6c Core/Src/main.o
                0x0000000008000450                main
 .text.SystemClock_Config
                0x00000000080004bc       0x80 Core/Src/main.o
                0x00000000080004bc                SystemClock_Config
 .text.Error_Handler
                0x000000000800053c        0xa Core/Src/main.o
                0x000000000800053c                Error_Handler
 *fill*         0x0000000008000546        0x2 
 .text.HAL_MspInit
                0x0000000008000548       0x48 Core/Src/stm32f0xx_hal_msp.o
                0x0000000008000548                HAL_MspInit
 .text.NMI_Handler
                0x0000000008000590        0xa Core/Src/stm32f0xx_it.o
                0x0000000008000590                NMI_Handler
 .text.HardFault_Handler
                0x000000000800059a        0x6 Core/Src/stm32f0xx_it.o
                0x000000000800059a                HardFault_Handler
 .text.SVC_Handler
                0x00000000080005a0        0xa Core/Src/stm32f0xx_it.o
                0x00000000080005a0                SVC_Handler
 .text.PendSV_Handler
                0x00000000080005aa        0xa Core/Src/stm32f0xx_it.o
                0x00000000080005aa                PendSV_Handler
 .text.SysTick_Handler
                0x00000000080005b4        0xe Core/Src/stm32f0xx_it.o
                0x00000000080005b4                SysTick_Handler
 *fill*         0x00000000080005c2        0x2 
 .text.DMA1_Channel2_3_IRQHandler
                0x00000000080005c4       0x18 Core/Src/stm32f0xx_it.o
                0x00000000080005c4                DMA1_Channel2_3_IRQHandler
 .text.DMA1_Channel4_5_6_7_IRQHandler
                0x00000000080005dc       0x18 Core/Src/stm32f0xx_it.o
                0x00000000080005dc                DMA1_Channel4_5_6_7_IRQHandler
 .text.SystemInit
                0x00000000080005f4        0xa Core/Src/system_stm32f0xx.o
                0x00000000080005f4                SystemInit
 *fill*         0x00000000080005fe        0x2 
 .text.MX_TIM6_Init
                0x0000000008000600       0x78 Core/Src/tim.o
                0x0000000008000600                MX_TIM6_Init
 .text.MX_TIM7_Init
                0x0000000008000678       0x78 Core/Src/tim.o
                0x0000000008000678                MX_TIM7_Init
 .text.HAL_TIM_Base_MspInit
                0x00000000080006f0       0x64 Core/Src/tim.o
                0x00000000080006f0                HAL_TIM_Base_MspInit
 .text.Reset_Handler
                0x0000000008000754       0x50 Core/Startup/startup_stm32f072rbtx.o
                0x0000000008000754                Reset_Handler
 .text.Default_Handler
                0x00000000080007a4        0x2 Core/Startup/startup_stm32f072rbtx.o
                0x00000000080007a4                TIM1_CC_IRQHandler
                0x00000000080007a4                TSC_IRQHandler
                0x00000000080007a4                ADC1_COMP_IRQHandler
                0x00000000080007a4                I2C1_IRQHandler
                0x00000000080007a4                RCC_CRS_IRQHandler
                0x00000000080007a4                SPI1_IRQHandler
                0x00000000080007a4                TIM6_DAC_IRQHandler
                0x00000000080007a4                USART3_4_IRQHandler
                0x00000000080007a4                EXTI2_3_IRQHandler
                0x00000000080007a4                I2C2_IRQHandler
                0x00000000080007a4                TIM17_IRQHandler
                0x00000000080007a4                CEC_CAN_IRQHandler
                0x00000000080007a4                RTC_IRQHandler
                0x00000000080007a4                PVD_VDDIO2_IRQHandler
                0x00000000080007a4                TIM16_IRQHandler
                0x00000000080007a4                TIM3_IRQHandler
                0x00000000080007a4                EXTI4_15_IRQHandler
                0x00000000080007a4                DMA1_Channel1_IRQHandler
                0x00000000080007a4                Default_Handler
                0x00000000080007a4                TIM14_IRQHandler
                0x00000000080007a4                TIM7_IRQHandler
                0x00000000080007a4                TIM15_IRQHandler
                0x00000000080007a4                EXTI0_1_IRQHandler
                0x00000000080007a4                USB_IRQHandler
                0x00000000080007a4                SPI2_IRQHandler
                0x00000000080007a4                WWDG_IRQHandler
                0x00000000080007a4                TIM2_IRQHandler
                0x00000000080007a4                USART2_IRQHandler
                0x00000000080007a4                FLASH_IRQHandler
                0x00000000080007a4                USART1_IRQHandler
                0x00000000080007a4                TIM1_BRK_UP_TRG_COM_IRQHandler
 *fill*         0x00000000080007a6        0x2 
 .text.HAL_Init
                0x00000000080007a8       0x28 Drivers/STM32F0xx_HAL_Driver/Src/stm32f0xx_hal.o
                0x00000000080007a8                HAL_Init
 .text.HAL_InitTick
                0x00000000080007d0       0x68 Drivers/STM32F0xx_HAL_Driver/Src/stm32f0xx_hal.o
                0x00000000080007d0                HAL_InitTick
 .text.HAL_IncTick
                0x0000000008000838       0x24 Drivers/STM32F0xx_HAL_Driver/Src/stm32f0xx_hal.o
                0x0000000008000838                HAL_IncTick
 .text.HAL_GetTick
                0x000000000800085c       0x14 Drivers/STM32F0xx_HAL_Driver/Src/stm32f0xx_hal.o
                0x000000000800085c                HAL_GetTick
 .text.__NVIC_EnableIRQ
                0x0000000008000870       0x34 Drivers/STM32F0xx_HAL_Driver/Src/stm32f0xx_hal_cortex.o
 .text.__NVIC_SetPriority
                0x00000000080008a4       0xdc Drivers/STM32F0xx_HAL_Driver/Src/stm32f0xx_hal_cortex.o
 .text.SysTick_Config
                0x0000000008000980       0x48 Drivers/STM32F0xx_HAL_Driver/Src/stm32f0xx_hal_cortex.o
 .text.HAL_NVIC_SetPriority
                0x00000000080009c8       0x2a Drivers/STM32F0xx_HAL_Driver/Src/stm32f0xx_hal_cortex.o
                0x00000000080009c8                HAL_NVIC_SetPriority
 .text.HAL_NVIC_EnableIRQ
                0x00000000080009f2       0x20 Drivers/STM32F0xx_HAL_Driver/Src/stm32f0xx_hal_cortex.o
                0x00000000080009f2                HAL_NVIC_EnableIRQ
 .text.HAL_SYSTICK_Config
                0x0000000008000a12       0x1a Drivers/STM32F0xx_HAL_Driver/Src/stm32f0xx_hal_cortex.o
                0x0000000008000a12                HAL_SYSTICK_Config
 .text.HAL_DAC_Init
                0x0000000008000a2c       0x46 Drivers/STM32F0xx_HAL_Driver/Src/stm32f0xx_hal_dac.o
                0x0000000008000a2c                HAL_DAC_Init
 .text.HAL_DAC_ConvCpltCallbackCh1
                0x0000000008000a72       0x10 Drivers/STM32F0xx_HAL_Driver/Src/stm32f0xx_hal_dac.o
                0x0000000008000a72                HAL_DAC_ConvCpltCallbackCh1
 .text.HAL_DAC_ConvHalfCpltCallbackCh1
                0x0000000008000a82       0x10 Drivers/STM32F0xx_HAL_Driver/Src/stm32f0xx_hal_dac.o
                0x0000000008000a82                HAL_DAC_ConvHalfCpltCallbackCh1
 .text.HAL_DAC_ErrorCallbackCh1
                0x0000000008000a92       0x10 Drivers/STM32F0xx_HAL_Driver/Src/stm32f0xx_hal_dac.o
                0x0000000008000a92                HAL_DAC_ErrorCallbackCh1
 *fill*         0x0000000008000aa2        0x2 
 .text.HAL_DAC_ConfigChannel
                0x0000000008000aa4       0x80 Drivers/STM32F0xx_HAL_Driver/Src/stm32f0xx_hal_dac_ex.o
                0x0000000008000aa4                HAL_DAC_ConfigChannel
 .text.HAL_DAC_Start_DMA
                0x0000000008000b24      0x164 Drivers/STM32F0xx_HAL_Driver/Src/stm32f0xx_hal_dac_ex.o
                0x0000000008000b24                HAL_DAC_Start_DMA
 .text.DAC_DMAConvCpltCh1
                0x0000000008000c88       0x24 Drivers/STM32F0xx_HAL_Driver/Src/stm32f0xx_hal_dac_ex.o
 .text.DAC_DMAHalfConvCpltCh1
                0x0000000008000cac       0x1e Drivers/STM32F0xx_HAL_Driver/Src/stm32f0xx_hal_dac_ex.o
 .text.DAC_DMAErrorCh1
                0x0000000008000cca       0x30 Drivers/STM32F0xx_HAL_Driver/Src/stm32f0xx_hal_dac_ex.o
 .text.DAC_DMAConvCpltCh2
                0x0000000008000cfa       0x24 Drivers/STM32F0xx_HAL_Driver/Src/stm32f0xx_hal_dac_ex.o
                0x0000000008000cfa                DAC_DMAConvCpltCh2
 .text.DAC_DMAHalfConvCpltCh2
                0x0000000008000d1e       0x1e Drivers/STM32F0xx_HAL_Driver/Src/stm32f0xx_hal_dac_ex.o
                0x0000000008000d1e                DAC_DMAHalfConvCpltCh2
 .text.DAC_DMAErrorCh2
                0x0000000008000d3c       0x30 Drivers/STM32F0xx_HAL_Driver/Src/stm32f0xx_hal_dac_ex.o
                0x0000000008000d3c                DAC_DMAErrorCh2
 .text.HAL_DACEx_ConvCpltCallbackCh2
                0x0000000008000d6c       0x10 Drivers/STM32F0xx_HAL_Driver/Src/stm32f0xx_hal_dac_ex.o
                0x0000000008000d6c                HAL_DACEx_ConvCpltCallbackCh2
 .text.HAL_DACEx_ConvHalfCpltCallbackCh2
                0x0000000008000d7c       0x10 Drivers/STM32F0xx_HAL_Driver/Src/stm32f0xx_hal_dac_ex.o
                0x0000000008000d7c                HAL_DACEx_ConvHalfCpltCallbackCh2
 .text.HAL_DACEx_ErrorCallbackCh2
                0x0000000008000d8c       0x10 Drivers/STM32F0xx_HAL_Driver/Src/stm32f0xx_hal_dac_ex.o
                0x0000000008000d8c                HAL_DACEx_ErrorCallbackCh2
 .text.HAL_DMA_Init
                0x0000000008000d9c       0x90 Drivers/STM32F0xx_HAL_Driver/Src/stm32f0xx_hal_dma.o
                0x0000000008000d9c                HAL_DMA_Init
 .text.HAL_DMA_Start_IT
                0x0000000008000e2c       0xcc Drivers/STM32F0xx_HAL_Driver/Src/stm32f0xx_hal_dma.o
                0x0000000008000e2c                HAL_DMA_Start_IT
 .text.HAL_DMA_IRQHandler
                0x0000000008000ef8      0x144 Drivers/STM32F0xx_HAL_Driver/Src/stm32f0xx_hal_dma.o
                0x0000000008000ef8                HAL_DMA_IRQHandler
 .text.DMA_SetConfig
                0x000000000800103c       0x58 Drivers/STM32F0xx_HAL_Driver/Src/stm32f0xx_hal_dma.o
 .text.DMA_CalcBaseAndBitshift
                0x0000000008001094       0x38 Drivers/STM32F0xx_HAL_Driver/Src/stm32f0xx_hal_dma.o
 .text.HAL_GPIO_Init
                0x00000000080010cc      0x2f0 Drivers/STM32F0xx_HAL_Driver/Src/stm32f0xx_hal_gpio.o
                0x00000000080010cc                HAL_GPIO_Init
 .text.HAL_RCC_OscConfig
                0x00000000080013bc      0x70c Drivers/STM32F0xx_HAL_Driver/Src/stm32f0xx_hal_rcc.o
                0x00000000080013bc                HAL_RCC_OscConfig
 .text.HAL_RCC_ClockConfig
                0x0000000008001ac8      0x1b4 Drivers/STM32F0xx_HAL_Driver/Src/stm32f0xx_hal_rcc.o
                0x0000000008001ac8                HAL_RCC_ClockConfig
 .text.HAL_RCC_GetSysClockFreq
                0x0000000008001c7c       0xfc Drivers/STM32F0xx_HAL_Driver/Src/stm32f0xx_hal_rcc.o
                0x0000000008001c7c                HAL_RCC_GetSysClockFreq
 .text.HAL_TIM_Base_Init
                0x0000000008001d78       0x58 Drivers/STM32F0xx_HAL_Driver/Src/stm32f0xx_hal_tim.o
                0x0000000008001d78                HAL_TIM_Base_Init
 .text.HAL_TIM_Base_Start
                0x0000000008001dd0       0x44 Drivers/STM32F0xx_HAL_Driver/Src/stm32f0xx_hal_tim.o
                0x0000000008001dd0                HAL_TIM_Base_Start
 .text.TIM_Base_SetConfig
                0x0000000008001e14      0x100 Drivers/STM32F0xx_HAL_Driver/Src/stm32f0xx_hal_tim.o
                0x0000000008001e14                TIM_Base_SetConfig
 .text.HAL_TIMEx_MasterConfigSynchronization
                0x0000000008001f14       0xbc Drivers/STM32F0xx_HAL_Driver/Src/stm32f0xx_hal_tim_ex.o
                0x0000000008001f14                HAL_TIMEx_MasterConfigSynchronization
 .text.__libc_init_array
                0x0000000008001fd0       0x48 /home/chris/st/stm32cubeide_1.2.0/plugins/com.st.stm32cube.ide.mcu.externaltools.gnu-tools-for-stm32.7-2018-q2-update.linux64_1.0.0.201904181610/tools/bin/../lib/gcc/arm-none-eabi/7.3.1/../../../../arm-none-eabi/lib/thumb/v6-m/libc_nano.a(lib_a-init.o)
                0x0000000008001fd0                __libc_init_array
 .text.memset   0x0000000008002018       0x10 /home/chris/st/stm32cubeide_1.2.0/plugins/com.st.stm32cube.ide.mcu.externaltools.gnu-tools-for-stm32.7-2018-q2-update.linux64_1.0.0.201904181610/tools/bin/../lib/gcc/arm-none-eabi/7.3.1/../../../../arm-none-eabi/lib/thumb/v6-m/libc_nano.a(lib_a-memset.o)
                0x0000000008002018                memset
 *(.glue_7)
 .glue_7        0x0000000008002028        0x0 linker stubs
 *(.glue_7t)
 .glue_7t       0x0000000008002028        0x0 linker stubs
 *(.eh_frame)
 .eh_frame      0x0000000008002028        0x0 /home/chris/st/stm32cubeide_1.2.0/plugins/com.st.stm32cube.ide.mcu.externaltools.gnu-tools-for-stm32.7-2018-q2-update.linux64_1.0.0.201904181610/tools/bin/../lib/gcc/arm-none-eabi/7.3.1/thumb/v6-m/crtbegin.o
 *(.init)
 .init          0x0000000008002028        0x4 /home/chris/st/stm32cubeide_1.2.0/plugins/com.st.stm32cube.ide.mcu.externaltools.gnu-tools-for-stm32.7-2018-q2-update.linux64_1.0.0.201904181610/tools/bin/../lib/gcc/arm-none-eabi/7.3.1/thumb/v6-m/crti.o
                0x0000000008002028                _init
 .init          0x000000000800202c        0x8 /home/chris/st/stm32cubeide_1.2.0/plugins/com.st.stm32cube.ide.mcu.externaltools.gnu-tools-for-stm32.7-2018-q2-update.linux64_1.0.0.201904181610/tools/bin/../lib/gcc/arm-none-eabi/7.3.1/thumb/v6-m/crtn.o
 *(.fini)
 .fini          0x0000000008002034        0x4 /home/chris/st/stm32cubeide_1.2.0/plugins/com.st.stm32cube.ide.mcu.externaltools.gnu-tools-for-stm32.7-2018-q2-update.linux64_1.0.0.201904181610/tools/bin/../lib/gcc/arm-none-eabi/7.3.1/thumb/v6-m/crti.o
                0x0000000008002034                _fini
 .fini          0x0000000008002038        0x8 /home/chris/st/stm32cubeide_1.2.0/plugins/com.st.stm32cube.ide.mcu.externaltools.gnu-tools-for-stm32.7-2018-q2-update.linux64_1.0.0.201904181610/tools/bin/../lib/gcc/arm-none-eabi/7.3.1/thumb/v6-m/crtn.o
                0x0000000008002040                . = ALIGN (0x4)
                0x0000000008002040                _etext = .

.vfp11_veneer   0x0000000008002040        0x0
 .vfp11_veneer  0x0000000008002040        0x0 linker stubs

.v4_bx          0x0000000008002040        0x0
 .v4_bx         0x0000000008002040        0x0 linker stubs

.iplt           0x0000000008002040        0x0
 .iplt          0x0000000008002040        0x0 /home/chris/st/stm32cubeide_1.2.0/plugins/com.st.stm32cube.ide.mcu.externaltools.gnu-tools-for-stm32.7-2018-q2-update.linux64_1.0.0.201904181610/tools/bin/../lib/gcc/arm-none-eabi/7.3.1/thumb/v6-m/crtbegin.o

.rodata         0x0000000008002040       0x30
                0x0000000008002040                . = ALIGN (0x4)
 *(.rodata)
 .rodata        0x0000000008002040       0x20 Drivers/STM32F0xx_HAL_Driver/Src/stm32f0xx_hal_rcc.o
 *(.rodata*)
 .rodata.AHBPrescTable
                0x0000000008002060       0x10 Core/Src/system_stm32f0xx.o
                0x0000000008002060                AHBPrescTable
                0x0000000008002070                . = ALIGN (0x4)

.rel.dyn        0x0000000008002070        0x0
 .rel.iplt      0x0000000008002070        0x0 /home/chris/st/stm32cubeide_1.2.0/plugins/com.st.stm32cube.ide.mcu.externaltools.gnu-tools-for-stm32.7-2018-q2-update.linux64_1.0.0.201904181610/tools/bin/../lib/gcc/arm-none-eabi/7.3.1/thumb/v6-m/crtbegin.o

.ARM.extab      0x0000000008002070        0x0
                0x0000000008002070                . = ALIGN (0x4)
 *(.ARM.extab* .gnu.linkonce.armextab.*)
                0x0000000008002070                . = ALIGN (0x4)

.ARM            0x0000000008002070        0x0
                0x0000000008002070                . = ALIGN (0x4)
                0x0000000008002070                __exidx_start = .
 *(.ARM.exidx*)
                0x0000000008002070                __exidx_end = .
                0x0000000008002070                . = ALIGN (0x4)

.preinit_array  0x0000000008002070        0x0
                0x0000000008002070                . = ALIGN (0x4)
                0x0000000008002070                PROVIDE (__preinit_array_start = .)
 *(.preinit_array*)
                0x0000000008002070                PROVIDE (__preinit_array_end = .)
                0x0000000008002070                . = ALIGN (0x4)

.init_array     0x0000000008002070        0x4
                0x0000000008002070                . = ALIGN (0x4)
                0x0000000008002070                PROVIDE (__init_array_start = .)
 *(SORT_BY_NAME(.init_array.*))
 *(.init_array*)
 .init_array    0x0000000008002070        0x4 /home/chris/st/stm32cubeide_1.2.0/plugins/com.st.stm32cube.ide.mcu.externaltools.gnu-tools-for-stm32.7-2018-q2-update.linux64_1.0.0.201904181610/tools/bin/../lib/gcc/arm-none-eabi/7.3.1/thumb/v6-m/crtbegin.o
                0x0000000008002074                PROVIDE (__init_array_end = .)
                0x0000000008002074                . = ALIGN (0x4)

.fini_array     0x0000000008002074        0x4
                0x0000000008002074                . = ALIGN (0x4)
                [!provide]                        PROVIDE (__fini_array_start = .)
 *(SORT_BY_NAME(.fini_array.*))
 *(.fini_array*)
 .fini_array    0x0000000008002074        0x4 /home/chris/st/stm32cubeide_1.2.0/plugins/com.st.stm32cube.ide.mcu.externaltools.gnu-tools-for-stm32.7-2018-q2-update.linux64_1.0.0.201904181610/tools/bin/../lib/gcc/arm-none-eabi/7.3.1/thumb/v6-m/crtbegin.o
                [!provide]                        PROVIDE (__fini_array_end = .)
                0x0000000008002078                . = ALIGN (0x4)
                0x0000000008002078                _sidata = LOADADDR (.data)

.data           0x0000000020000000      0x80c load address 0x0000000008002078
                0x0000000020000000                . = ALIGN (0x4)
                0x0000000020000000                _sdata = .
 *(.data)
 *(.data*)
 .data.sine_data_table
                0x0000000020000000      0x800 Core/Src/main.o
                0x0000000020000000                sine_data_table
 .data.SystemCoreClock
                0x0000000020000800        0x4 Core/Src/system_stm32f0xx.o
                0x0000000020000800                SystemCoreClock
 .data.uwTickPrio
                0x0000000020000804        0x4 Drivers/STM32F0xx_HAL_Driver/Src/stm32f0xx_hal.o
                0x0000000020000804                uwTickPrio
 .data.uwTickFreq
                0x0000000020000808        0x1 Drivers/STM32F0xx_HAL_Driver/Src/stm32f0xx_hal.o
                0x0000000020000808                uwTickFreq
                0x000000002000080c                . = ALIGN (0x4)
 *fill*         0x0000000020000809        0x3 
                0x000000002000080c                _edata = .

.igot.plt       0x000000002000080c        0x0 load address 0x0000000008002884
 .igot.plt      0x000000002000080c        0x0 /home/chris/st/stm32cubeide_1.2.0/plugins/com.st.stm32cube.ide.mcu.externaltools.gnu-tools-for-stm32.7-2018-q2-update.linux64_1.0.0.201904181610/tools/bin/../lib/gcc/arm-none-eabi/7.3.1/thumb/v6-m/crtbegin.o
                0x000000002000080c                . = ALIGN (0x4)

.bss            0x000000002000080c      0x13c load address 0x0000000008002884
                0x000000002000080c                _sbss = .
                0x000000002000080c                __bss_start__ = _sbss
 *(.bss)
 .bss           0x000000002000080c       0x1c /home/chris/st/stm32cubeide_1.2.0/plugins/com.st.stm32cube.ide.mcu.externaltools.gnu-tools-for-stm32.7-2018-q2-update.linux64_1.0.0.201904181610/tools/bin/../lib/gcc/arm-none-eabi/7.3.1/thumb/v6-m/crtbegin.o
 *(.bss*)
 *(COMMON)
 COMMON         0x0000000020000828       0x9c Core/Src/dac.o
                0x0000000020000828                hdma_dac_ch1
                0x000000002000086c                hdac
                0x0000000020000880                hdma_dac_ch2
 COMMON         0x00000000200008c4       0x80 Core/Src/tim.o
                0x00000000200008c4                htim6
                0x0000000020000904                htim7
 COMMON         0x0000000020000944        0x4 Drivers/STM32F0xx_HAL_Driver/Src/stm32f0xx_hal.o
                0x0000000020000944                uwTick
                0x0000000020000948                . = ALIGN (0x4)
                0x0000000020000948                _ebss = .
                0x0000000020000948                __bss_end__ = _ebss

._user_heap_stack
                0x0000000020000948      0x600 load address 0x0000000008002884
                0x0000000020000948                . = ALIGN (0x8)
                0x0000000020000948                PROVIDE (end = .)
                [!provide]                        PROVIDE (_end = .)
                0x0000000020000b48                . = (. + _Min_Heap_Size)
 *fill*         0x0000000020000948      0x200 
                0x0000000020000f48                . = (. + _Min_Stack_Size)
 *fill*         0x0000000020000b48      0x400 
                0x0000000020000f48                . = ALIGN (0x8)

/DISCARD/
 libc.a(*)
 libm.a(*)
 libgcc.a(*)

.ARM.attributes
                0x0000000000000000       0x28
 *(.ARM.attributes)
 .ARM.attributes
                0x0000000000000000       0x1e /home/chris/st/stm32cubeide_1.2.0/plugins/com.st.stm32cube.ide.mcu.externaltools.gnu-tools-for-stm32.7-2018-q2-update.linux64_1.0.0.201904181610/tools/bin/../lib/gcc/arm-none-eabi/7.3.1/thumb/v6-m/crti.o
 .ARM.attributes
                0x000000000000001e       0x2c /home/chris/st/stm32cubeide_1.2.0/plugins/com.st.stm32cube.ide.mcu.externaltools.gnu-tools-for-stm32.7-2018-q2-update.linux64_1.0.0.201904181610/tools/bin/../lib/gcc/arm-none-eabi/7.3.1/thumb/v6-m/crtbegin.o
 .ARM.attributes
                0x000000000000004a       0x31 Core/Src/dac.o
 .ARM.attributes
                0x000000000000007b       0x31 Core/Src/dma.o
 .ARM.attributes
                0x00000000000000ac       0x31 Core/Src/gpio.o
 .ARM.attributes
                0x00000000000000dd       0x31 Core/Src/main.o
 .ARM.attributes
                0x000000000000010e       0x31 Core/Src/stm32f0xx_hal_msp.o
 .ARM.attributes
                0x000000000000013f       0x31 Core/Src/stm32f0xx_it.o
 .ARM.attributes
                0x0000000000000170       0x31 Core/Src/system_stm32f0xx.o
 .ARM.attributes
                0x00000000000001a1       0x31 Core/Src/tim.o
 .ARM.attributes
                0x00000000000001d2       0x21 Core/Startup/startup_stm32f072rbtx.o
 .ARM.attributes
                0x00000000000001f3       0x31 Drivers/STM32F0xx_HAL_Driver/Src/stm32f0xx_hal.o
 .ARM.attributes
                0x0000000000000224       0x31 Drivers/STM32F0xx_HAL_Driver/Src/stm32f0xx_hal_cortex.o
 .ARM.attributes
                0x0000000000000255       0x31 Drivers/STM32F0xx_HAL_Driver/Src/stm32f0xx_hal_dac.o
 .ARM.attributes
                0x0000000000000286       0x31 Drivers/STM32F0xx_HAL_Driver/Src/stm32f0xx_hal_dac_ex.o
 .ARM.attributes
                0x00000000000002b7       0x31 Drivers/STM32F0xx_HAL_Driver/Src/stm32f0xx_hal_dma.o
 .ARM.attributes
                0x00000000000002e8       0x31 Drivers/STM32F0xx_HAL_Driver/Src/stm32f0xx_hal_gpio.o
 .ARM.attributes
                0x0000000000000319       0x31 Drivers/STM32F0xx_HAL_Driver/Src/stm32f0xx_hal_rcc.o
 .ARM.attributes
                0x000000000000034a       0x31 Drivers/STM32F0xx_HAL_Driver/Src/stm32f0xx_hal_tim.o
 .ARM.attributes
                0x000000000000037b       0x31 Drivers/STM32F0xx_HAL_Driver/Src/stm32f0xx_hal_tim_ex.o
 .ARM.attributes
                0x00000000000003ac       0x2c /home/chris/st/stm32cubeide_1.2.0/plugins/com.st.stm32cube.ide.mcu.externaltools.gnu-tools-for-stm32.7-2018-q2-update.linux64_1.0.0.201904181610/tools/bin/../lib/gcc/arm-none-eabi/7.3.1/../../../../arm-none-eabi/lib/thumb/v6-m/libc_nano.a(lib_a-init.o)
 .ARM.attributes
                0x00000000000003d8       0x2c /home/chris/st/stm32cubeide_1.2.0/plugins/com.st.stm32cube.ide.mcu.externaltools.gnu-tools-for-stm32.7-2018-q2-update.linux64_1.0.0.201904181610/tools/bin/../lib/gcc/arm-none-eabi/7.3.1/../../../../arm-none-eabi/lib/thumb/v6-m/libc_nano.a(lib_a-memset.o)
 .ARM.attributes
                0x0000000000000404       0x1e /home/chris/st/stm32cubeide_1.2.0/plugins/com.st.stm32cube.ide.mcu.externaltools.gnu-tools-for-stm32.7-2018-q2-update.linux64_1.0.0.201904181610/tools/bin/../lib/gcc/arm-none-eabi/7.3.1/thumb/v6-m/libgcc.a(_udivsi3.o)
 .ARM.attributes
                0x0000000000000422       0x1e /home/chris/st/stm32cubeide_1.2.0/plugins/com.st.stm32cube.ide.mcu.externaltools.gnu-tools-for-stm32.7-2018-q2-update.linux64_1.0.0.201904181610/tools/bin/../lib/gcc/arm-none-eabi/7.3.1/thumb/v6-m/libgcc.a(_dvmd_tls.o)
 .ARM.attributes
                0x0000000000000440       0x1e /home/chris/st/stm32cubeide_1.2.0/plugins/com.st.stm32cube.ide.mcu.externaltools.gnu-tools-for-stm32.7-2018-q2-update.linux64_1.0.0.201904181610/tools/bin/../lib/gcc/arm-none-eabi/7.3.1/thumb/v6-m/crtn.o
OUTPUT(DigitalOTATremolo_SW.elf elf32-littlearm)

.debug_info     0x0000000000000000     0x94a8
 .debug_info    0x0000000000000000      0x7e3 Core/Src/dac.o
 .debug_info    0x00000000000007e3      0x32e Core/Src/dma.o
 .debug_info    0x0000000000000b11      0x242 Core/Src/gpio.o
 .debug_info    0x0000000000000d53      0x916 Core/Src/main.o
 .debug_info    0x0000000000001669      0x25e Core/Src/stm32f0xx_hal_msp.o
 .debug_info    0x00000000000018c7      0x3e4 Core/Src/stm32f0xx_it.o
 .debug_info    0x0000000000001cab      0x29e Core/Src/system_stm32f0xx.o
 .debug_info    0x0000000000001f49      0x7e2 Core/Src/tim.o
 .debug_info    0x000000000000272b       0x22 Core/Startup/startup_stm32f072rbtx.o
 .debug_info    0x000000000000274d      0x6c0 Drivers/STM32F0xx_HAL_Driver/Src/stm32f0xx_hal.o
 .debug_info    0x0000000000002e0d      0x78c Drivers/STM32F0xx_HAL_Driver/Src/stm32f0xx_hal_cortex.o
 .debug_info    0x0000000000003599      0x8ed Drivers/STM32F0xx_HAL_Driver/Src/stm32f0xx_hal_dac.o
 .debug_info    0x0000000000003e86      0x9b6 Drivers/STM32F0xx_HAL_Driver/Src/stm32f0xx_hal_dac_ex.o
 .debug_info    0x000000000000483c      0x7a9 Drivers/STM32F0xx_HAL_Driver/Src/stm32f0xx_hal_dma.o
 .debug_info    0x0000000000004fe5      0x67a Drivers/STM32F0xx_HAL_Driver/Src/stm32f0xx_hal_gpio.o
 .debug_info    0x000000000000565f      0x82d Drivers/STM32F0xx_HAL_Driver/Src/stm32f0xx_hal_rcc.o
 .debug_info    0x0000000000005e8c     0x252c Drivers/STM32F0xx_HAL_Driver/Src/stm32f0xx_hal_tim.o
 .debug_info    0x00000000000083b8     0x10f0 Drivers/STM32F0xx_HAL_Driver/Src/stm32f0xx_hal_tim_ex.o

.debug_abbrev   0x0000000000000000     0x1cc4
 .debug_abbrev  0x0000000000000000      0x1aa Core/Src/dac.o
 .debug_abbrev  0x00000000000001aa      0x107 Core/Src/dma.o
 .debug_abbrev  0x00000000000002b1       0xfe Core/Src/gpio.o
 .debug_abbrev  0x00000000000003af      0x1ae Core/Src/main.o
 .debug_abbrev  0x000000000000055d      0x109 Core/Src/stm32f0xx_hal_msp.o
 .debug_abbrev  0x0000000000000666      0x149 Core/Src/stm32f0xx_it.o
 .debug_abbrev  0x00000000000007af      0x12b Core/Src/system_stm32f0xx.o
 .debug_abbrev  0x00000000000008da      0x1b5 Core/Src/tim.o
 .debug_abbrev  0x0000000000000a8f       0x12 Core/Startup/startup_stm32f072rbtx.o
 .debug_abbrev  0x0000000000000aa1      0x1c7 Drivers/STM32F0xx_HAL_Driver/Src/stm32f0xx_hal.o
 .debug_abbrev  0x0000000000000c68      0x273 Drivers/STM32F0xx_HAL_Driver/Src/stm32f0xx_hal_cortex.o
 .debug_abbrev  0x0000000000000edb      0x1b2 Drivers/STM32F0xx_HAL_Driver/Src/stm32f0xx_hal_dac.o
 .debug_abbrev  0x000000000000108d      0x204 Drivers/STM32F0xx_HAL_Driver/Src/stm32f0xx_hal_dac_ex.o
 .debug_abbrev  0x0000000000001291      0x216 Drivers/STM32F0xx_HAL_Driver/Src/stm32f0xx_hal_dma.o
 .debug_abbrev  0x00000000000014a7      0x1c0 Drivers/STM32F0xx_HAL_Driver/Src/stm32f0xx_hal_gpio.o
 .debug_abbrev  0x0000000000001667      0x20f Drivers/STM32F0xx_HAL_Driver/Src/stm32f0xx_hal_rcc.o
 .debug_abbrev  0x0000000000001876      0x230 Drivers/STM32F0xx_HAL_Driver/Src/stm32f0xx_hal_tim.o
 .debug_abbrev  0x0000000000001aa6      0x21e Drivers/STM32F0xx_HAL_Driver/Src/stm32f0xx_hal_tim_ex.o

.debug_aranges  0x0000000000000000      0xae8
 .debug_aranges
                0x0000000000000000       0x30 Core/Src/dac.o
 .debug_aranges
                0x0000000000000030       0x20 Core/Src/dma.o
 .debug_aranges
                0x0000000000000050       0x20 Core/Src/gpio.o
 .debug_aranges
                0x0000000000000070       0x30 Core/Src/main.o
 .debug_aranges
                0x00000000000000a0       0x20 Core/Src/stm32f0xx_hal_msp.o
 .debug_aranges
                0x00000000000000c0       0x50 Core/Src/stm32f0xx_it.o
 .debug_aranges
                0x0000000000000110       0x28 Core/Src/system_stm32f0xx.o
 .debug_aranges
                0x0000000000000138       0x38 Core/Src/tim.o
 .debug_aranges
                0x0000000000000170       0x28 Core/Startup/startup_stm32f072rbtx.o
 .debug_aranges
                0x0000000000000198       0xd0 Drivers/STM32F0xx_HAL_Driver/Src/stm32f0xx_hal.o
 .debug_aranges
                0x0000000000000268       0xc0 Drivers/STM32F0xx_HAL_Driver/Src/stm32f0xx_hal_cortex.o
 .debug_aranges
                0x0000000000000328       0xa8 Drivers/STM32F0xx_HAL_Driver/Src/stm32f0xx_hal_dac.o
 .debug_aranges
                0x00000000000003d0       0xb0 Drivers/STM32F0xx_HAL_Driver/Src/stm32f0xx_hal_dac_ex.o
 .debug_aranges
                0x0000000000000480       0x88 Drivers/STM32F0xx_HAL_Driver/Src/stm32f0xx_hal_dma.o
 .debug_aranges
                0x0000000000000508       0x58 Drivers/STM32F0xx_HAL_Driver/Src/stm32f0xx_hal_gpio.o
 .debug_aranges
                0x0000000000000560       0x80 Drivers/STM32F0xx_HAL_Driver/Src/stm32f0xx_hal_rcc.o
 .debug_aranges
                0x00000000000005e0      0x3b8 Drivers/STM32F0xx_HAL_Driver/Src/stm32f0xx_hal_tim.o
 .debug_aranges
                0x0000000000000998      0x150 Drivers/STM32F0xx_HAL_Driver/Src/stm32f0xx_hal_tim_ex.o

.debug_ranges   0x0000000000000000      0x9d0
 .debug_ranges  0x0000000000000000       0x20 Core/Src/dac.o
 .debug_ranges  0x0000000000000020       0x10 Core/Src/dma.o
 .debug_ranges  0x0000000000000030       0x10 Core/Src/gpio.o
 .debug_ranges  0x0000000000000040       0x20 Core/Src/main.o
 .debug_ranges  0x0000000000000060       0x10 Core/Src/stm32f0xx_hal_msp.o
 .debug_ranges  0x0000000000000070       0x40 Core/Src/stm32f0xx_it.o
 .debug_ranges  0x00000000000000b0       0x18 Core/Src/system_stm32f0xx.o
 .debug_ranges  0x00000000000000c8       0x28 Core/Src/tim.o
 .debug_ranges  0x00000000000000f0       0x20 Core/Startup/startup_stm32f072rbtx.o
 .debug_ranges  0x0000000000000110       0xc0 Drivers/STM32F0xx_HAL_Driver/Src/stm32f0xx_hal.o
 .debug_ranges  0x00000000000001d0       0xb0 Drivers/STM32F0xx_HAL_Driver/Src/stm32f0xx_hal_cortex.o
 .debug_ranges  0x0000000000000280       0x98 Drivers/STM32F0xx_HAL_Driver/Src/stm32f0xx_hal_dac.o
 .debug_ranges  0x0000000000000318       0xa0 Drivers/STM32F0xx_HAL_Driver/Src/stm32f0xx_hal_dac_ex.o
 .debug_ranges  0x00000000000003b8       0x78 Drivers/STM32F0xx_HAL_Driver/Src/stm32f0xx_hal_dma.o
 .debug_ranges  0x0000000000000430       0x48 Drivers/STM32F0xx_HAL_Driver/Src/stm32f0xx_hal_gpio.o
 .debug_ranges  0x0000000000000478       0x70 Drivers/STM32F0xx_HAL_Driver/Src/stm32f0xx_hal_rcc.o
 .debug_ranges  0x00000000000004e8      0x3a8 Drivers/STM32F0xx_HAL_Driver/Src/stm32f0xx_hal_tim.o
 .debug_ranges  0x0000000000000890      0x140 Drivers/STM32F0xx_HAL_Driver/Src/stm32f0xx_hal_tim_ex.o

.debug_macro    0x0000000000000000    0x15d4a
 .debug_macro   0x0000000000000000      0x1cd Core/Src/dac.o
 .debug_macro   0x00000000000001cd      0xa48 Core/Src/dac.o
 .debug_macro   0x0000000000000c15      0x133 Core/Src/dac.o
 .debug_macro   0x0000000000000d48       0x2e Core/Src/dac.o
 .debug_macro   0x0000000000000d76       0x22 Core/Src/dac.o
 .debug_macro   0x0000000000000d98       0x22 Core/Src/dac.o
 .debug_macro   0x0000000000000dba       0x8e Core/Src/dac.o
 .debug_macro   0x0000000000000e48       0x51 Core/Src/dac.o
 .debug_macro   0x0000000000000e99       0xef Core/Src/dac.o
 .debug_macro   0x0000000000000f88       0x6a Core/Src/dac.o
 .debug_macro   0x0000000000000ff2      0x1df Core/Src/dac.o
 .debug_macro   0x00000000000011d1       0x1c Core/Src/dac.o
 .debug_macro   0x00000000000011ed       0x22 Core/Src/dac.o
 .debug_macro   0x000000000000120f       0xb5 Core/Src/dac.o
 .debug_macro   0x00000000000012c4      0x391 Core/Src/dac.o
 .debug_macro   0x0000000000001655     0xfe50 Core/Src/dac.o
 .debug_macro   0x00000000000114a5       0x3c Core/Src/dac.o
 .debug_macro   0x00000000000114e1      0x174 Core/Src/dac.o
 .debug_macro   0x0000000000011655       0x53 Core/Src/dac.o
 .debug_macro   0x00000000000116a8      0x946 Core/Src/dac.o
 .debug_macro   0x0000000000011fee      0x5f3 Core/Src/dac.o
 .debug_macro   0x00000000000125e1      0x12f Core/Src/dac.o
 .debug_macro   0x0000000000012710      0x1a7 Core/Src/dac.o
 .debug_macro   0x00000000000128b7      0x1a7 Core/Src/dac.o
 .debug_macro   0x0000000000012a5e      0x22c Core/Src/dac.o
 .debug_macro   0x0000000000012c8a       0x34 Core/Src/dac.o
 .debug_macro   0x0000000000012cbe       0x43 Core/Src/dac.o
 .debug_macro   0x0000000000012d01       0x28 Core/Src/dac.o
 .debug_macro   0x0000000000012d29       0xd5 Core/Src/dac.o
 .debug_macro   0x0000000000012dfe       0xed Core/Src/dac.o
 .debug_macro   0x0000000000012eeb       0xb0 Core/Src/dac.o
 .debug_macro   0x0000000000012f9b      0x217 Core/Src/dac.o
 .debug_macro   0x00000000000131b2      0x22c Core/Src/dac.o
 .debug_macro   0x00000000000133de       0x5f Core/Src/dac.o
 .debug_macro   0x000000000001343d       0xa5 Core/Src/dac.o
 .debug_macro   0x00000000000134e2       0x4c Core/Src/dac.o
 .debug_macro   0x000000000001352e      0x16d Core/Src/dac.o
 .debug_macro   0x000000000001369b      0x8ae Core/Src/dac.o
 .debug_macro   0x0000000000013f49       0x28 Core/Src/dac.o
 .debug_macro   0x0000000000013f71      0x130 Core/Src/dac.o
 .debug_macro   0x00000000000140a1      0x1cd Core/Src/dma.o
 .debug_macro   0x000000000001426e      0x1cd Core/Src/gpio.o
 .debug_macro   0x000000000001443b      0x1f8 Core/Src/main.o
 .debug_macro   0x0000000000014633       0x10 Core/Src/main.o
 .debug_macro   0x0000000000014643      0x1c3 Core/Src/stm32f0xx_hal_msp.o
 .debug_macro   0x0000000000014806      0x1cd Core/Src/stm32f0xx_it.o
 .debug_macro   0x00000000000149d3      0x1b9 Core/Src/system_stm32f0xx.o
 .debug_macro   0x0000000000014b8c      0x1cd Core/Src/tim.o
 .debug_macro   0x0000000000014d59      0x1dd Drivers/STM32F0xx_HAL_Driver/Src/stm32f0xx_hal.o
 .debug_macro   0x0000000000014f36      0x1b9 Drivers/STM32F0xx_HAL_Driver/Src/stm32f0xx_hal_cortex.o
 .debug_macro   0x00000000000150ef      0x1ba Drivers/STM32F0xx_HAL_Driver/Src/stm32f0xx_hal_dac.o
 .debug_macro   0x00000000000152a9      0x1b9 Drivers/STM32F0xx_HAL_Driver/Src/stm32f0xx_hal_dac_ex.o
 .debug_macro   0x0000000000015462      0x1b9 Drivers/STM32F0xx_HAL_Driver/Src/stm32f0xx_hal_dma.o
 .debug_macro   0x000000000001561b      0x1f1 Drivers/STM32F0xx_HAL_Driver/Src/stm32f0xx_hal_gpio.o
 .debug_macro   0x000000000001580c      0x1cb Drivers/STM32F0xx_HAL_Driver/Src/stm32f0xx_hal_rcc.o
 .debug_macro   0x00000000000159d7      0x1ba Drivers/STM32F0xx_HAL_Driver/Src/stm32f0xx_hal_tim.o
 .debug_macro   0x0000000000015b91      0x1b9 Drivers/STM32F0xx_HAL_Driver/Src/stm32f0xx_hal_tim_ex.o

.debug_line     0x0000000000000000     0x9983
 .debug_line    0x0000000000000000      0x6d8 Core/Src/dac.o
 .debug_line    0x00000000000006d8      0x68f Core/Src/dma.o
 .debug_line    0x0000000000000d67      0x68d Core/Src/gpio.o
 .debug_line    0x00000000000013f4      0x734 Core/Src/main.o
 .debug_line    0x0000000000001b28      0x692 Core/Src/stm32f0xx_hal_msp.o
 .debug_line    0x00000000000021ba      0x70a Core/Src/stm32f0xx_it.o
 .debug_line    0x00000000000028c4      0x6b5 Core/Src/system_stm32f0xx.o
 .debug_line    0x0000000000002f79      0x6e6 Core/Src/tim.o
 .debug_line    0x000000000000365f       0x89 Core/Startup/startup_stm32f072rbtx.o
 .debug_line    0x00000000000036e8      0x848 Drivers/STM32F0xx_HAL_Driver/Src/stm32f0xx_hal.o
 .debug_line    0x0000000000003f30      0x860 Drivers/STM32F0xx_HAL_Driver/Src/stm32f0xx_hal_cortex.o
 .debug_line    0x0000000000004790      0x7f8 Drivers/STM32F0xx_HAL_Driver/Src/stm32f0xx_hal_dac.o
 .debug_line    0x0000000000004f88      0x8f0 Drivers/STM32F0xx_HAL_Driver/Src/stm32f0xx_hal_dac_ex.o
 .debug_line    0x0000000000005878      0x8a6 Drivers/STM32F0xx_HAL_Driver/Src/stm32f0xx_hal_dma.o
 .debug_line    0x000000000000611e      0x822 Drivers/STM32F0xx_HAL_Driver/Src/stm32f0xx_hal_gpio.o
 .debug_line    0x0000000000006940      0x935 Drivers/STM32F0xx_HAL_Driver/Src/stm32f0xx_hal_rcc.o
 .debug_line    0x0000000000007275     0x1a7a Drivers/STM32F0xx_HAL_Driver/Src/stm32f0xx_hal_tim.o
 .debug_line    0x0000000000008cef      0xc94 Drivers/STM32F0xx_HAL_Driver/Src/stm32f0xx_hal_tim_ex.o

.debug_str      0x0000000000000000    0x788f0
 .debug_str     0x0000000000000000    0x75eee Core/Src/dac.o
                                      0x7610f (size before relaxing)
 .debug_str     0x0000000000075eee      0x181 Core/Src/dma.o
                                      0x75ed7 (size before relaxing)
 .debug_str     0x000000000007606f       0x2a Core/Src/gpio.o
                                      0x75cf7 (size before relaxing)
 .debug_str     0x0000000000076099      0x364 Core/Src/main.o
                                      0x76329 (size before relaxing)
 .debug_str     0x00000000000763fd       0x2c Core/Src/stm32f0xx_hal_msp.o
                                      0x75cf9 (size before relaxing)
 .debug_str     0x0000000000076429       0x76 Core/Src/stm32f0xx_it.o
                                      0x75f14 (size before relaxing)
 .debug_str     0x000000000007649f       0x5f Core/Src/system_stm32f0xx.o
                                      0x75d1b (size before relaxing)
 .debug_str     0x00000000000764fe       0xb1 Core/Src/tim.o
                                      0x7616b (size before relaxing)
 .debug_str     0x00000000000765af       0x36 Core/Startup/startup_stm32f072rbtx.o
                                         0x84 (size before relaxing)
 .debug_str     0x00000000000765e5      0x39c Drivers/STM32F0xx_HAL_Driver/Src/stm32f0xx_hal.o
                                      0x76289 (size before relaxing)
 .debug_str     0x0000000000076981      0x220 Drivers/STM32F0xx_HAL_Driver/Src/stm32f0xx_hal_cortex.o
                                      0x7613d (size before relaxing)
 .debug_str     0x0000000000076ba1      0x179 Drivers/STM32F0xx_HAL_Driver/Src/stm32f0xx_hal_dac.o
                                      0x76194 (size before relaxing)
 .debug_str     0x0000000000076d1a      0x1b3 Drivers/STM32F0xx_HAL_Driver/Src/stm32f0xx_hal_dac_ex.o
                                      0x76218 (size before relaxing)
 .debug_str     0x0000000000076ecd      0x25f Drivers/STM32F0xx_HAL_Driver/Src/stm32f0xx_hal_dma.o
                                      0x760f3 (size before relaxing)
 .debug_str     0x000000000007712c      0x22a Drivers/STM32F0xx_HAL_Driver/Src/stm32f0xx_hal_gpio.o
                                      0x75fb7 (size before relaxing)
 .debug_str     0x0000000000077356      0x254 Drivers/STM32F0xx_HAL_Driver/Src/stm32f0xx_hal_rcc.o
                                      0x76130 (size before relaxing)
 .debug_str     0x00000000000775aa      0xe17 Drivers/STM32F0xx_HAL_Driver/Src/stm32f0xx_hal_tim.o
                                      0x76f14 (size before relaxing)
 .debug_str     0x00000000000783c1      0x52f Drivers/STM32F0xx_HAL_Driver/Src/stm32f0xx_hal_tim_ex.o
                                      0x766c8 (size before relaxing)

.comment        0x0000000000000000       0x7b
 .comment       0x0000000000000000       0x7b Core/Src/dac.o
                                         0x7c (size before relaxing)
 .comment       0x000000000000007b       0x7c Core/Src/dma.o
 .comment       0x000000000000007b       0x7c Core/Src/gpio.o
 .comment       0x000000000000007b       0x7c Core/Src/main.o
 .comment       0x000000000000007b       0x7c Core/Src/stm32f0xx_hal_msp.o
 .comment       0x000000000000007b       0x7c Core/Src/stm32f0xx_it.o
 .comment       0x000000000000007b       0x7c Core/Src/system_stm32f0xx.o
 .comment       0x000000000000007b       0x7c Core/Src/tim.o
 .comment       0x000000000000007b       0x7c Drivers/STM32F0xx_HAL_Driver/Src/stm32f0xx_hal.o
 .comment       0x000000000000007b       0x7c Drivers/STM32F0xx_HAL_Driver/Src/stm32f0xx_hal_cortex.o
 .comment       0x000000000000007b       0x7c Drivers/STM32F0xx_HAL_Driver/Src/stm32f0xx_hal_dac.o
 .comment       0x000000000000007b       0x7c Drivers/STM32F0xx_HAL_Driver/Src/stm32f0xx_hal_dac_ex.o
 .comment       0x000000000000007b       0x7c Drivers/STM32F0xx_HAL_Driver/Src/stm32f0xx_hal_dma.o
 .comment       0x000000000000007b       0x7c Drivers/STM32F0xx_HAL_Driver/Src/stm32f0xx_hal_gpio.o
 .comment       0x000000000000007b       0x7c Drivers/STM32F0xx_HAL_Driver/Src/stm32f0xx_hal_rcc.o
 .comment       0x000000000000007b       0x7c Drivers/STM32F0xx_HAL_Driver/Src/stm32f0xx_hal_tim.o
 .comment       0x000000000000007b       0x7c Drivers/STM32F0xx_HAL_Driver/Src/stm32f0xx_hal_tim_ex.o

.debug_frame    0x0000000000000000     0x2584
 .debug_frame   0x0000000000000000       0x70 Core/Src/dac.o
 .debug_frame   0x0000000000000070       0x30 Core/Src/dma.o
 .debug_frame   0x00000000000000a0       0x30 Core/Src/gpio.o
 .debug_frame   0x00000000000000d0       0x6c Core/Src/main.o
 .debug_frame   0x000000000000013c       0x30 Core/Src/stm32f0xx_hal_msp.o
 .debug_frame   0x000000000000016c       0xd4 Core/Src/stm32f0xx_it.o
 .debug_frame   0x0000000000000240       0x4c Core/Src/system_stm32f0xx.o
 .debug_frame   0x000000000000028c       0x90 Core/Src/tim.o
 .debug_frame   0x000000000000031c      0x2a4 Drivers/STM32F0xx_HAL_Driver/Src/stm32f0xx_hal.o
 .debug_frame   0x00000000000005c0      0x2a0 Drivers/STM32F0xx_HAL_Driver/Src/stm32f0xx_hal_cortex.o
 .debug_frame   0x0000000000000860      0x250 Drivers/STM32F0xx_HAL_Driver/Src/stm32f0xx_hal_dac.o
 .debug_frame   0x0000000000000ab0      0x270 Drivers/STM32F0xx_HAL_Driver/Src/stm32f0xx_hal_dac_ex.o
 .debug_frame   0x0000000000000d20      0x1d0 Drivers/STM32F0xx_HAL_Driver/Src/stm32f0xx_hal_dma.o
 .debug_frame   0x0000000000000ef0      0x110 Drivers/STM32F0xx_HAL_Driver/Src/stm32f0xx_hal_gpio.o
 .debug_frame   0x0000000000001000      0x198 Drivers/STM32F0xx_HAL_Driver/Src/stm32f0xx_hal_rcc.o
 .debug_frame   0x0000000000001198      0xe90 Drivers/STM32F0xx_HAL_Driver/Src/stm32f0xx_hal_tim.o
 .debug_frame   0x0000000000002028      0x4f0 Drivers/STM32F0xx_HAL_Driver/Src/stm32f0xx_hal_tim_ex.o
 .debug_frame   0x0000000000002518       0x2c /home/chris/st/stm32cubeide_1.2.0/plugins/com.st.stm32cube.ide.mcu.externaltools.gnu-tools-for-stm32.7-2018-q2-update.linux64_1.0.0.201904181610/tools/bin/../lib/gcc/arm-none-eabi/7.3.1/../../../../arm-none-eabi/lib/thumb/v6-m/libc_nano.a(lib_a-init.o)
 .debug_frame   0x0000000000002544       0x20 /home/chris/st/stm32cubeide_1.2.0/plugins/com.st.stm32cube.ide.mcu.externaltools.gnu-tools-for-stm32.7-2018-q2-update.linux64_1.0.0.201904181610/tools/bin/../lib/gcc/arm-none-eabi/7.3.1/../../../../arm-none-eabi/lib/thumb/v6-m/libc_nano.a(lib_a-memset.o)
 .debug_frame   0x0000000000002564       0x20 /home/chris/st/stm32cubeide_1.2.0/plugins/com.st.stm32cube.ide.mcu.externaltools.gnu-tools-for-stm32.7-2018-q2-update.linux64_1.0.0.201904181610/tools/bin/../lib/gcc/arm-none-eabi/7.3.1/thumb/v6-m/libgcc.a(_udivsi3.o)
