stm32f0xx_it.c:57:6:update_metronome	16	static
stm32f0xx_it.c:85:6:NMI_Handler	8	static
stm32f0xx_it.c:98:6:HardFault_Handler	8	static
stm32f0xx_it.c:113:6:SVC_Handler	8	static
stm32f0xx_it.c:126:6:PendSV_Handler	8	static
stm32f0xx_it.c:139:6:SysTick_Handler	8	static
stm32f0xx_it.c:160:6:EXTI0_1_IRQHandler	8	static
stm32f0xx_it.c:174:6:EXTI2_3_IRQHandler	8	static
stm32f0xx_it.c:188:6:EXTI4_15_IRQHandler	8	static
stm32f0xx_it.c:226:6:DMA1_Channel2_3_IRQHandler	8	static
stm32f0xx_it.c:240:6:DMA1_Channel4_5_6_7_IRQHandler	8	static
stm32f0xx_it.c:254:6:TIM14_IRQHandler	56	static
