03:39:08 **** Clean-only build of configuration Debug for project DigitalOTATremolo_SW ****
make -j4 clean 
rm -rf *
 
03:39:09 **** Build of configuration Debug for project DigitalOTATremolo_SW ****
make -j4 all 
arm-none-eabi-gcc "../Drivers/STM32F0xx_HAL_Driver/Src/stm32f0xx_hal.c" -mcpu=cortex-m0 -std=gnu11 -g3 -DUSE_HAL_DRIVER -DSTM32F072xB -DDEBUG -c -I../Drivers/STM32F0xx_HAL_Driver/Inc -I../Drivers/CMSIS/Include -I../Core/Inc -I../Drivers/STM32F0xx_HAL_Driver/Inc/Legacy -I../Drivers/CMSIS/Device/ST/STM32F0xx/Include -I"/home/chris/Projects/Embedded/DigitalOTATremolo/SineWaveTable" -O0 -ffunction-sections -fdata-sections -Wall -fstack-usage -MMD -MP -MF"Drivers/STM32F0xx_HAL_Driver/Src/stm32f0xx_hal.d" -MT"Drivers/STM32F0xx_HAL_Driver/Src/stm32f0xx_hal.o" --specs=nano.specs -mfloat-abi=soft -mthumb -o "Drivers/STM32F0xx_HAL_Driver/Src/stm32f0xx_hal.o"
arm-none-eabi-gcc "../Drivers/STM32F0xx_HAL_Driver/Src/stm32f0xx_hal_cortex.c" -mcpu=cortex-m0 -std=gnu11 -g3 -DUSE_HAL_DRIVER -DSTM32F072xB -DDEBUG -c -I../Drivers/STM32F0xx_HAL_Driver/Inc -I../Drivers/CMSIS/Include -I../Core/Inc -I../Drivers/STM32F0xx_HAL_Driver/Inc/Legacy -I../Drivers/CMSIS/Device/ST/STM32F0xx/Include -I"/home/chris/Projects/Embedded/DigitalOTATremolo/SineWaveTable" -O0 -ffunction-sections -fdata-sections -Wall -fstack-usage -MMD -MP -MF"Drivers/STM32F0xx_HAL_Driver/Src/stm32f0xx_hal_cortex.d" -MT"Drivers/STM32F0xx_HAL_Driver/Src/stm32f0xx_hal_cortex.o" --specs=nano.specs -mfloat-abi=soft -mthumb -o "Drivers/STM32F0xx_HAL_Driver/Src/stm32f0xx_hal_cortex.o"
arm-none-eabi-gcc "../Drivers/STM32F0xx_HAL_Driver/Src/stm32f0xx_hal_dac.c" -mcpu=cortex-m0 -std=gnu11 -g3 -DUSE_HAL_DRIVER -DSTM32F072xB -DDEBUG -c -I../Drivers/STM32F0xx_HAL_Driver/Inc -I../Drivers/CMSIS/Include -I../Core/Inc -I../Drivers/STM32F0xx_HAL_Driver/Inc/Legacy -I../Drivers/CMSIS/Device/ST/STM32F0xx/Include -I"/home/chris/Projects/Embedded/DigitalOTATremolo/SineWaveTable" -O0 -ffunction-sections -fdata-sections -Wall -fstack-usage -MMD -MP -MF"Drivers/STM32F0xx_HAL_Driver/Src/stm32f0xx_hal_dac.d" -MT"Drivers/STM32F0xx_HAL_Driver/Src/stm32f0xx_hal_dac.o" --specs=nano.specs -mfloat-abi=soft -mthumb -o "Drivers/STM32F0xx_HAL_Driver/Src/stm32f0xx_hal_dac.o"
arm-none-eabi-gcc "../Drivers/STM32F0xx_HAL_Driver/Src/stm32f0xx_hal_dac_ex.c" -mcpu=cortex-m0 -std=gnu11 -g3 -DUSE_HAL_DRIVER -DSTM32F072xB -DDEBUG -c -I../Drivers/STM32F0xx_HAL_Driver/Inc -I../Drivers/CMSIS/Include -I../Core/Inc -I../Drivers/STM32F0xx_HAL_Driver/Inc/Legacy -I../Drivers/CMSIS/Device/ST/STM32F0xx/Include -I"/home/chris/Projects/Embedded/DigitalOTATremolo/SineWaveTable" -O0 -ffunction-sections -fdata-sections -Wall -fstack-usage -MMD -MP -MF"Drivers/STM32F0xx_HAL_Driver/Src/stm32f0xx_hal_dac_ex.d" -MT"Drivers/STM32F0xx_HAL_Driver/Src/stm32f0xx_hal_dac_ex.o" --specs=nano.specs -mfloat-abi=soft -mthumb -o "Drivers/STM32F0xx_HAL_Driver/Src/stm32f0xx_hal_dac_ex.o"
arm-none-eabi-gcc "../Drivers/STM32F0xx_HAL_Driver/Src/stm32f0xx_hal_dma.c" -mcpu=cortex-m0 -std=gnu11 -g3 -DUSE_HAL_DRIVER -DSTM32F072xB -DDEBUG -c -I../Drivers/STM32F0xx_HAL_Driver/Inc -I../Drivers/CMSIS/Include -I../Core/Inc -I../Drivers/STM32F0xx_HAL_Driver/Inc/Legacy -I../Drivers/CMSIS/Device/ST/STM32F0xx/Include -I"/home/chris/Projects/Embedded/DigitalOTATremolo/SineWaveTable" -O0 -ffunction-sections -fdata-sections -Wall -fstack-usage -MMD -MP -MF"Drivers/STM32F0xx_HAL_Driver/Src/stm32f0xx_hal_dma.d" -MT"Drivers/STM32F0xx_HAL_Driver/Src/stm32f0xx_hal_dma.o" --specs=nano.specs -mfloat-abi=soft -mthumb -o "Drivers/STM32F0xx_HAL_Driver/Src/stm32f0xx_hal_dma.o"
arm-none-eabi-gcc "../Drivers/STM32F0xx_HAL_Driver/Src/stm32f0xx_hal_exti.c" -mcpu=cortex-m0 -std=gnu11 -g3 -DUSE_HAL_DRIVER -DSTM32F072xB -DDEBUG -c -I../Drivers/STM32F0xx_HAL_Driver/Inc -I../Drivers/CMSIS/Include -I../Core/Inc -I../Drivers/STM32F0xx_HAL_Driver/Inc/Legacy -I../Drivers/CMSIS/Device/ST/STM32F0xx/Include -I"/home/chris/Projects/Embedded/DigitalOTATremolo/SineWaveTable" -O0 -ffunction-sections -fdata-sections -Wall -fstack-usage -MMD -MP -MF"Drivers/STM32F0xx_HAL_Driver/Src/stm32f0xx_hal_exti.d" -MT"Drivers/STM32F0xx_HAL_Driver/Src/stm32f0xx_hal_exti.o" --specs=nano.specs -mfloat-abi=soft -mthumb -o "Drivers/STM32F0xx_HAL_Driver/Src/stm32f0xx_hal_exti.o"
arm-none-eabi-gcc "../Drivers/STM32F0xx_HAL_Driver/Src/stm32f0xx_hal_flash.c" -mcpu=cortex-m0 -std=gnu11 -g3 -DUSE_HAL_DRIVER -DSTM32F072xB -DDEBUG -c -I../Drivers/STM32F0xx_HAL_Driver/Inc -I../Drivers/CMSIS/Include -I../Core/Inc -I../Drivers/STM32F0xx_HAL_Driver/Inc/Legacy -I../Drivers/CMSIS/Device/ST/STM32F0xx/Include -I"/home/chris/Projects/Embedded/DigitalOTATremolo/SineWaveTable" -O0 -ffunction-sections -fdata-sections -Wall -fstack-usage -MMD -MP -MF"Drivers/STM32F0xx_HAL_Driver/Src/stm32f0xx_hal_flash.d" -MT"Drivers/STM32F0xx_HAL_Driver/Src/stm32f0xx_hal_flash.o" --specs=nano.specs -mfloat-abi=soft -mthumb -o "Drivers/STM32F0xx_HAL_Driver/Src/stm32f0xx_hal_flash.o"
arm-none-eabi-gcc "../Drivers/STM32F0xx_HAL_Driver/Src/stm32f0xx_hal_flash_ex.c" -mcpu=cortex-m0 -std=gnu11 -g3 -DUSE_HAL_DRIVER -DSTM32F072xB -DDEBUG -c -I../Drivers/STM32F0xx_HAL_Driver/Inc -I../Drivers/CMSIS/Include -I../Core/Inc -I../Drivers/STM32F0xx_HAL_Driver/Inc/Legacy -I../Drivers/CMSIS/Device/ST/STM32F0xx/Include -I"/home/chris/Projects/Embedded/DigitalOTATremolo/SineWaveTable" -O0 -ffunction-sections -fdata-sections -Wall -fstack-usage -MMD -MP -MF"Drivers/STM32F0xx_HAL_Driver/Src/stm32f0xx_hal_flash_ex.d" -MT"Drivers/STM32F0xx_HAL_Driver/Src/stm32f0xx_hal_flash_ex.o" --specs=nano.specs -mfloat-abi=soft -mthumb -o "Drivers/STM32F0xx_HAL_Driver/Src/stm32f0xx_hal_flash_ex.o"
arm-none-eabi-gcc "../Drivers/STM32F0xx_HAL_Driver/Src/stm32f0xx_hal_gpio.c" -mcpu=cortex-m0 -std=gnu11 -g3 -DUSE_HAL_DRIVER -DSTM32F072xB -DDEBUG -c -I../Drivers/STM32F0xx_HAL_Driver/Inc -I../Drivers/CMSIS/Include -I../Core/Inc -I../Drivers/STM32F0xx_HAL_Driver/Inc/Legacy -I../Drivers/CMSIS/Device/ST/STM32F0xx/Include -I"/home/chris/Projects/Embedded/DigitalOTATremolo/SineWaveTable" -O0 -ffunction-sections -fdata-sections -Wall -fstack-usage -MMD -MP -MF"Drivers/STM32F0xx_HAL_Driver/Src/stm32f0xx_hal_gpio.d" -MT"Drivers/STM32F0xx_HAL_Driver/Src/stm32f0xx_hal_gpio.o" --specs=nano.specs -mfloat-abi=soft -mthumb -o "Drivers/STM32F0xx_HAL_Driver/Src/stm32f0xx_hal_gpio.o"
arm-none-eabi-gcc "../Drivers/STM32F0xx_HAL_Driver/Src/stm32f0xx_hal_i2c.c" -mcpu=cortex-m0 -std=gnu11 -g3 -DUSE_HAL_DRIVER -DSTM32F072xB -DDEBUG -c -I../Drivers/STM32F0xx_HAL_Driver/Inc -I../Drivers/CMSIS/Include -I../Core/Inc -I../Drivers/STM32F0xx_HAL_Driver/Inc/Legacy -I../Drivers/CMSIS/Device/ST/STM32F0xx/Include -I"/home/chris/Projects/Embedded/DigitalOTATremolo/SineWaveTable" -O0 -ffunction-sections -fdata-sections -Wall -fstack-usage -MMD -MP -MF"Drivers/STM32F0xx_HAL_Driver/Src/stm32f0xx_hal_i2c.d" -MT"Drivers/STM32F0xx_HAL_Driver/Src/stm32f0xx_hal_i2c.o" --specs=nano.specs -mfloat-abi=soft -mthumb -o "Drivers/STM32F0xx_HAL_Driver/Src/stm32f0xx_hal_i2c.o"
arm-none-eabi-gcc "../Drivers/STM32F0xx_HAL_Driver/Src/stm32f0xx_hal_i2c_ex.c" -mcpu=cortex-m0 -std=gnu11 -g3 -DUSE_HAL_DRIVER -DSTM32F072xB -DDEBUG -c -I../Drivers/STM32F0xx_HAL_Driver/Inc -I../Drivers/CMSIS/Include -I../Core/Inc -I../Drivers/STM32F0xx_HAL_Driver/Inc/Legacy -I../Drivers/CMSIS/Device/ST/STM32F0xx/Include -I"/home/chris/Projects/Embedded/DigitalOTATremolo/SineWaveTable" -O0 -ffunction-sections -fdata-sections -Wall -fstack-usage -MMD -MP -MF"Drivers/STM32F0xx_HAL_Driver/Src/stm32f0xx_hal_i2c_ex.d" -MT"Drivers/STM32F0xx_HAL_Driver/Src/stm32f0xx_hal_i2c_ex.o" --specs=nano.specs -mfloat-abi=soft -mthumb -o "Drivers/STM32F0xx_HAL_Driver/Src/stm32f0xx_hal_i2c_ex.o"
arm-none-eabi-gcc "../Drivers/STM32F0xx_HAL_Driver/Src/stm32f0xx_hal_pwr.c" -mcpu=cortex-m0 -std=gnu11 -g3 -DUSE_HAL_DRIVER -DSTM32F072xB -DDEBUG -c -I../Drivers/STM32F0xx_HAL_Driver/Inc -I../Drivers/CMSIS/Include -I../Core/Inc -I../Drivers/STM32F0xx_HAL_Driver/Inc/Legacy -I../Drivers/CMSIS/Device/ST/STM32F0xx/Include -I"/home/chris/Projects/Embedded/DigitalOTATremolo/SineWaveTable" -O0 -ffunction-sections -fdata-sections -Wall -fstack-usage -MMD -MP -MF"Drivers/STM32F0xx_HAL_Driver/Src/stm32f0xx_hal_pwr.d" -MT"Drivers/STM32F0xx_HAL_Driver/Src/stm32f0xx_hal_pwr.o" --specs=nano.specs -mfloat-abi=soft -mthumb -o "Drivers/STM32F0xx_HAL_Driver/Src/stm32f0xx_hal_pwr.o"
arm-none-eabi-gcc "../Drivers/STM32F0xx_HAL_Driver/Src/stm32f0xx_hal_pwr_ex.c" -mcpu=cortex-m0 -std=gnu11 -g3 -DUSE_HAL_DRIVER -DSTM32F072xB -DDEBUG -c -I../Drivers/STM32F0xx_HAL_Driver/Inc -I../Drivers/CMSIS/Include -I../Core/Inc -I../Drivers/STM32F0xx_HAL_Driver/Inc/Legacy -I../Drivers/CMSIS/Device/ST/STM32F0xx/Include -I"/home/chris/Projects/Embedded/DigitalOTATremolo/SineWaveTable" -O0 -ffunction-sections -fdata-sections -Wall -fstack-usage -MMD -MP -MF"Drivers/STM32F0xx_HAL_Driver/Src/stm32f0xx_hal_pwr_ex.d" -MT"Drivers/STM32F0xx_HAL_Driver/Src/stm32f0xx_hal_pwr_ex.o" --specs=nano.specs -mfloat-abi=soft -mthumb -o "Drivers/STM32F0xx_HAL_Driver/Src/stm32f0xx_hal_pwr_ex.o"
arm-none-eabi-gcc "../Drivers/STM32F0xx_HAL_Driver/Src/stm32f0xx_hal_rcc.c" -mcpu=cortex-m0 -std=gnu11 -g3 -DUSE_HAL_DRIVER -DSTM32F072xB -DDEBUG -c -I../Drivers/STM32F0xx_HAL_Driver/Inc -I../Drivers/CMSIS/Include -I../Core/Inc -I../Drivers/STM32F0xx_HAL_Driver/Inc/Legacy -I../Drivers/CMSIS/Device/ST/STM32F0xx/Include -I"/home/chris/Projects/Embedded/DigitalOTATremolo/SineWaveTable" -O0 -ffunction-sections -fdata-sections -Wall -fstack-usage -MMD -MP -MF"Drivers/STM32F0xx_HAL_Driver/Src/stm32f0xx_hal_rcc.d" -MT"Drivers/STM32F0xx_HAL_Driver/Src/stm32f0xx_hal_rcc.o" --specs=nano.specs -mfloat-abi=soft -mthumb -o "Drivers/STM32F0xx_HAL_Driver/Src/stm32f0xx_hal_rcc.o"
arm-none-eabi-gcc "../Drivers/STM32F0xx_HAL_Driver/Src/stm32f0xx_hal_rcc_ex.c" -mcpu=cortex-m0 -std=gnu11 -g3 -DUSE_HAL_DRIVER -DSTM32F072xB -DDEBUG -c -I../Drivers/STM32F0xx_HAL_Driver/Inc -I../Drivers/CMSIS/Include -I../Core/Inc -I../Drivers/STM32F0xx_HAL_Driver/Inc/Legacy -I../Drivers/CMSIS/Device/ST/STM32F0xx/Include -I"/home/chris/Projects/Embedded/DigitalOTATremolo/SineWaveTable" -O0 -ffunction-sections -fdata-sections -Wall -fstack-usage -MMD -MP -MF"Drivers/STM32F0xx_HAL_Driver/Src/stm32f0xx_hal_rcc_ex.d" -MT"Drivers/STM32F0xx_HAL_Driver/Src/stm32f0xx_hal_rcc_ex.o" --specs=nano.specs -mfloat-abi=soft -mthumb -o "Drivers/STM32F0xx_HAL_Driver/Src/stm32f0xx_hal_rcc_ex.o"
arm-none-eabi-gcc "../Drivers/STM32F0xx_HAL_Driver/Src/stm32f0xx_hal_tim.c" -mcpu=cortex-m0 -std=gnu11 -g3 -DUSE_HAL_DRIVER -DSTM32F072xB -DDEBUG -c -I../Drivers/STM32F0xx_HAL_Driver/Inc -I../Drivers/CMSIS/Include -I../Core/Inc -I../Drivers/STM32F0xx_HAL_Driver/Inc/Legacy -I../Drivers/CMSIS/Device/ST/STM32F0xx/Include -I"/home/chris/Projects/Embedded/DigitalOTATremolo/SineWaveTable" -O0 -ffunction-sections -fdata-sections -Wall -fstack-usage -MMD -MP -MF"Drivers/STM32F0xx_HAL_Driver/Src/stm32f0xx_hal_tim.d" -MT"Drivers/STM32F0xx_HAL_Driver/Src/stm32f0xx_hal_tim.o" --specs=nano.specs -mfloat-abi=soft -mthumb -o "Drivers/STM32F0xx_HAL_Driver/Src/stm32f0xx_hal_tim.o"
arm-none-eabi-gcc "../Drivers/STM32F0xx_HAL_Driver/Src/stm32f0xx_hal_tim_ex.c" -mcpu=cortex-m0 -std=gnu11 -g3 -DUSE_HAL_DRIVER -DSTM32F072xB -DDEBUG -c -I../Drivers/STM32F0xx_HAL_Driver/Inc -I../Drivers/CMSIS/Include -I../Core/Inc -I../Drivers/STM32F0xx_HAL_Driver/Inc/Legacy -I../Drivers/CMSIS/Device/ST/STM32F0xx/Include -I"/home/chris/Projects/Embedded/DigitalOTATremolo/SineWaveTable" -O0 -ffunction-sections -fdata-sections -Wall -fstack-usage -MMD -MP -MF"Drivers/STM32F0xx_HAL_Driver/Src/stm32f0xx_hal_tim_ex.d" -MT"Drivers/STM32F0xx_HAL_Driver/Src/stm32f0xx_hal_tim_ex.o" --specs=nano.specs -mfloat-abi=soft -mthumb -o "Drivers/STM32F0xx_HAL_Driver/Src/stm32f0xx_hal_tim_ex.o"
arm-none-eabi-gcc -mcpu=cortex-m0 -g3 -c -x assembler-with-cpp --specs=nano.specs -mfloat-abi=soft -mthumb -o "Core/Startup/startup_stm32f072rbtx.o" "../Core/Startup/startup_stm32f072rbtx.s"
arm-none-eabi-gcc "../Core/Src/dac.c" -mcpu=cortex-m0 -std=gnu11 -g3 -DUSE_HAL_DRIVER -DSTM32F072xB -DDEBUG -c -I../Drivers/STM32F0xx_HAL_Driver/Inc -I../Drivers/CMSIS/Include -I../Core/Inc -I../Drivers/STM32F0xx_HAL_Driver/Inc/Legacy -I../Drivers/CMSIS/Device/ST/STM32F0xx/Include -I"/home/chris/Projects/Embedded/DigitalOTATremolo/SineWaveTable" -O0 -ffunction-sections -fdata-sections -Wall -fstack-usage -MMD -MP -MF"Core/Src/dac.d" -MT"Core/Src/dac.o" --specs=nano.specs -mfloat-abi=soft -mthumb -o "Core/Src/dac.o"
arm-none-eabi-gcc "../Core/Src/dma.c" -mcpu=cortex-m0 -std=gnu11 -g3 -DUSE_HAL_DRIVER -DSTM32F072xB -DDEBUG -c -I../Drivers/STM32F0xx_HAL_Driver/Inc -I../Drivers/CMSIS/Include -I../Core/Inc -I../Drivers/STM32F0xx_HAL_Driver/Inc/Legacy -I../Drivers/CMSIS/Device/ST/STM32F0xx/Include -I"/home/chris/Projects/Embedded/DigitalOTATremolo/SineWaveTable" -O0 -ffunction-sections -fdata-sections -Wall -fstack-usage -MMD -MP -MF"Core/Src/dma.d" -MT"Core/Src/dma.o" --specs=nano.specs -mfloat-abi=soft -mthumb -o "Core/Src/dma.o"
arm-none-eabi-gcc "../Core/Src/gpio.c" -mcpu=cortex-m0 -std=gnu11 -g3 -DUSE_HAL_DRIVER -DSTM32F072xB -DDEBUG -c -I../Drivers/STM32F0xx_HAL_Driver/Inc -I../Drivers/CMSIS/Include -I../Core/Inc -I../Drivers/STM32F0xx_HAL_Driver/Inc/Legacy -I../Drivers/CMSIS/Device/ST/STM32F0xx/Include -I"/home/chris/Projects/Embedded/DigitalOTATremolo/SineWaveTable" -O0 -ffunction-sections -fdata-sections -Wall -fstack-usage -MMD -MP -MF"Core/Src/gpio.d" -MT"Core/Src/gpio.o" --specs=nano.specs -mfloat-abi=soft -mthumb -o "Core/Src/gpio.o"
arm-none-eabi-gcc "../Core/Src/main.c" -mcpu=cortex-m0 -std=gnu11 -g3 -DUSE_HAL_DRIVER -DSTM32F072xB -DDEBUG -c -I../Drivers/STM32F0xx_HAL_Driver/Inc -I../Drivers/CMSIS/Include -I../Core/Inc -I../Drivers/STM32F0xx_HAL_Driver/Inc/Legacy -I../Drivers/CMSIS/Device/ST/STM32F0xx/Include -I"/home/chris/Projects/Embedded/DigitalOTATremolo/SineWaveTable" -O0 -ffunction-sections -fdata-sections -Wall -fstack-usage -MMD -MP -MF"Core/Src/main.d" -MT"Core/Src/main.o" --specs=nano.specs -mfloat-abi=soft -mthumb -o "Core/Src/main.o"
arm-none-eabi-gcc "../Core/Src/stm32f0xx_hal_msp.c" -mcpu=cortex-m0 -std=gnu11 -g3 -DUSE_HAL_DRIVER -DSTM32F072xB -DDEBUG -c -I../Drivers/STM32F0xx_HAL_Driver/Inc -I../Drivers/CMSIS/Include -I../Core/Inc -I../Drivers/STM32F0xx_HAL_Driver/Inc/Legacy -I../Drivers/CMSIS/Device/ST/STM32F0xx/Include -I"/home/chris/Projects/Embedded/DigitalOTATremolo/SineWaveTable" -O0 -ffunction-sections -fdata-sections -Wall -fstack-usage -MMD -MP -MF"Core/Src/stm32f0xx_hal_msp.d" -MT"Core/Src/stm32f0xx_hal_msp.o" --specs=nano.specs -mfloat-abi=soft -mthumb -o "Core/Src/stm32f0xx_hal_msp.o"
../Core/Src/main.c:30:10: fatal error: sine.h: No such file or directory
 #include "sine.h"
          ^~~~~~~~
compilation terminated.
arm-none-eabi-gcc "../Core/Src/stm32f0xx_it.c" -mcpu=cortex-m0 -std=gnu11 -g3 -DUSE_HAL_DRIVER -DSTM32F072xB -DDEBUG -c -I../Drivers/STM32F0xx_HAL_Driver/Inc -I../Drivers/CMSIS/Include -I../Core/Inc -I../Drivers/STM32F0xx_HAL_Driver/Inc/Legacy -I../Drivers/CMSIS/Device/ST/STM32F0xx/Include -I"/home/chris/Projects/Embedded/DigitalOTATremolo/SineWaveTable" -O0 -ffunction-sections -fdata-sections -Wall -fstack-usage -MMD -MP -MF"Core/Src/stm32f0xx_it.d" -MT"Core/Src/stm32f0xx_it.o" --specs=nano.specs -mfloat-abi=soft -mthumb -o "Core/Src/stm32f0xx_it.o"
make: *** [Core/Src/subdir.mk:51: Core/Src/main.o] Error 1
make: *** Waiting for unfinished jobs....
"make -j4 all" terminated with exit code 2. Build might be incomplete.
03:40:38 **** Clean-only build of configuration Debug for project DigitalOTATremolo_SW ****
make -j4 clean 
rm -rf *
 
03:40:38 **** Incremental Build of configuration Debug for project DigitalOTATremolo_SW ****
make -j4 all 
arm-none-eabi-gcc "../Drivers/STM32F0xx_HAL_Driver/Src/stm32f0xx_hal.c" -mcpu=cortex-m0 -std=gnu11 -g3 -DUSE_HAL_DRIVER -DSTM32F072xB -DDEBUG -c -I../Drivers/STM32F0xx_HAL_Driver/Inc -I../Drivers/CMSIS/Include -I../Core/Inc -I../Drivers/STM32F0xx_HAL_Driver/Inc/Legacy -I../Drivers/CMSIS/Device/ST/STM32F0xx/Include -I"/home/chris/Projects/Embedded/DigitalOTATremolo_SW/SineWaveTable" -O0 -ffunction-sections -fdata-sections -Wall -fstack-usage -MMD -MP -MF"Drivers/STM32F0xx_HAL_Driver/Src/stm32f0xx_hal.d" -MT"Drivers/STM32F0xx_HAL_Driver/Src/stm32f0xx_hal.o" --specs=nano.specs -mfloat-abi=soft -mthumb -o "Drivers/STM32F0xx_HAL_Driver/Src/stm32f0xx_hal.o"
arm-none-eabi-gcc "../Drivers/STM32F0xx_HAL_Driver/Src/stm32f0xx_hal_cortex.c" -mcpu=cortex-m0 -std=gnu11 -g3 -DUSE_HAL_DRIVER -DSTM32F072xB -DDEBUG -c -I../Drivers/STM32F0xx_HAL_Driver/Inc -I../Drivers/CMSIS/Include -I../Core/Inc -I../Drivers/STM32F0xx_HAL_Driver/Inc/Legacy -I../Drivers/CMSIS/Device/ST/STM32F0xx/Include -I"/home/chris/Projects/Embedded/DigitalOTATremolo_SW/SineWaveTable" -O0 -ffunction-sections -fdata-sections -Wall -fstack-usage -MMD -MP -MF"Drivers/STM32F0xx_HAL_Driver/Src/stm32f0xx_hal_cortex.d" -MT"Drivers/STM32F0xx_HAL_Driver/Src/stm32f0xx_hal_cortex.o" --specs=nano.specs -mfloat-abi=soft -mthumb -o "Drivers/STM32F0xx_HAL_Driver/Src/stm32f0xx_hal_cortex.o"
arm-none-eabi-gcc "../Drivers/STM32F0xx_HAL_Driver/Src/stm32f0xx_hal_dac.c" -mcpu=cortex-m0 -std=gnu11 -g3 -DUSE_HAL_DRIVER -DSTM32F072xB -DDEBUG -c -I../Drivers/STM32F0xx_HAL_Driver/Inc -I../Drivers/CMSIS/Include -I../Core/Inc -I../Drivers/STM32F0xx_HAL_Driver/Inc/Legacy -I../Drivers/CMSIS/Device/ST/STM32F0xx/Include -I"/home/chris/Projects/Embedded/DigitalOTATremolo_SW/SineWaveTable" -O0 -ffunction-sections -fdata-sections -Wall -fstack-usage -MMD -MP -MF"Drivers/STM32F0xx_HAL_Driver/Src/stm32f0xx_hal_dac.d" -MT"Drivers/STM32F0xx_HAL_Driver/Src/stm32f0xx_hal_dac.o" --specs=nano.specs -mfloat-abi=soft -mthumb -o "Drivers/STM32F0xx_HAL_Driver/Src/stm32f0xx_hal_dac.o"
arm-none-eabi-gcc "../Drivers/STM32F0xx_HAL_Driver/Src/stm32f0xx_hal_dac_ex.c" -mcpu=cortex-m0 -std=gnu11 -g3 -DUSE_HAL_DRIVER -DSTM32F072xB -DDEBUG -c -I../Drivers/STM32F0xx_HAL_Driver/Inc -I../Drivers/CMSIS/Include -I../Core/Inc -I../Drivers/STM32F0xx_HAL_Driver/Inc/Legacy -I../Drivers/CMSIS/Device/ST/STM32F0xx/Include -I"/home/chris/Projects/Embedded/DigitalOTATremolo_SW/SineWaveTable" -O0 -ffunction-sections -fdata-sections -Wall -fstack-usage -MMD -MP -MF"Drivers/STM32F0xx_HAL_Driver/Src/stm32f0xx_hal_dac_ex.d" -MT"Drivers/STM32F0xx_HAL_Driver/Src/stm32f0xx_hal_dac_ex.o" --specs=nano.specs -mfloat-abi=soft -mthumb -o "Drivers/STM32F0xx_HAL_Driver/Src/stm32f0xx_hal_dac_ex.o"
arm-none-eabi-gcc "../Drivers/STM32F0xx_HAL_Driver/Src/stm32f0xx_hal_dma.c" -mcpu=cortex-m0 -std=gnu11 -g3 -DUSE_HAL_DRIVER -DSTM32F072xB -DDEBUG -c -I../Drivers/STM32F0xx_HAL_Driver/Inc -I../Drivers/CMSIS/Include -I../Core/Inc -I../Drivers/STM32F0xx_HAL_Driver/Inc/Legacy -I../Drivers/CMSIS/Device/ST/STM32F0xx/Include -I"/home/chris/Projects/Embedded/DigitalOTATremolo_SW/SineWaveTable" -O0 -ffunction-sections -fdata-sections -Wall -fstack-usage -MMD -MP -MF"Drivers/STM32F0xx_HAL_Driver/Src/stm32f0xx_hal_dma.d" -MT"Drivers/STM32F0xx_HAL_Driver/Src/stm32f0xx_hal_dma.o" --specs=nano.specs -mfloat-abi=soft -mthumb -o "Drivers/STM32F0xx_HAL_Driver/Src/stm32f0xx_hal_dma.o"
arm-none-eabi-gcc "../Drivers/STM32F0xx_HAL_Driver/Src/stm32f0xx_hal_exti.c" -mcpu=cortex-m0 -std=gnu11 -g3 -DUSE_HAL_DRIVER -DSTM32F072xB -DDEBUG -c -I../Drivers/STM32F0xx_HAL_Driver/Inc -I../Drivers/CMSIS/Include -I../Core/Inc -I../Drivers/STM32F0xx_HAL_Driver/Inc/Legacy -I../Drivers/CMSIS/Device/ST/STM32F0xx/Include -I"/home/chris/Projects/Embedded/DigitalOTATremolo_SW/SineWaveTable" -O0 -ffunction-sections -fdata-sections -Wall -fstack-usage -MMD -MP -MF"Drivers/STM32F0xx_HAL_Driver/Src/stm32f0xx_hal_exti.d" -MT"Drivers/STM32F0xx_HAL_Driver/Src/stm32f0xx_hal_exti.o" --specs=nano.specs -mfloat-abi=soft -mthumb -o "Drivers/STM32F0xx_HAL_Driver/Src/stm32f0xx_hal_exti.o"
arm-none-eabi-gcc "../Drivers/STM32F0xx_HAL_Driver/Src/stm32f0xx_hal_flash.c" -mcpu=cortex-m0 -std=gnu11 -g3 -DUSE_HAL_DRIVER -DSTM32F072xB -DDEBUG -c -I../Drivers/STM32F0xx_HAL_Driver/Inc -I../Drivers/CMSIS/Include -I../Core/Inc -I../Drivers/STM32F0xx_HAL_Driver/Inc/Legacy -I../Drivers/CMSIS/Device/ST/STM32F0xx/Include -I"/home/chris/Projects/Embedded/DigitalOTATremolo_SW/SineWaveTable" -O0 -ffunction-sections -fdata-sections -Wall -fstack-usage -MMD -MP -MF"Drivers/STM32F0xx_HAL_Driver/Src/stm32f0xx_hal_flash.d" -MT"Drivers/STM32F0xx_HAL_Driver/Src/stm32f0xx_hal_flash.o" --specs=nano.specs -mfloat-abi=soft -mthumb -o "Drivers/STM32F0xx_HAL_Driver/Src/stm32f0xx_hal_flash.o"
arm-none-eabi-gcc "../Drivers/STM32F0xx_HAL_Driver/Src/stm32f0xx_hal_flash_ex.c" -mcpu=cortex-m0 -std=gnu11 -g3 -DUSE_HAL_DRIVER -DSTM32F072xB -DDEBUG -c -I../Drivers/STM32F0xx_HAL_Driver/Inc -I../Drivers/CMSIS/Include -I../Core/Inc -I../Drivers/STM32F0xx_HAL_Driver/Inc/Legacy -I../Drivers/CMSIS/Device/ST/STM32F0xx/Include -I"/home/chris/Projects/Embedded/DigitalOTATremolo_SW/SineWaveTable" -O0 -ffunction-sections -fdata-sections -Wall -fstack-usage -MMD -MP -MF"Drivers/STM32F0xx_HAL_Driver/Src/stm32f0xx_hal_flash_ex.d" -MT"Drivers/STM32F0xx_HAL_Driver/Src/stm32f0xx_hal_flash_ex.o" --specs=nano.specs -mfloat-abi=soft -mthumb -o "Drivers/STM32F0xx_HAL_Driver/Src/stm32f0xx_hal_flash_ex.o"
arm-none-eabi-gcc "../Drivers/STM32F0xx_HAL_Driver/Src/stm32f0xx_hal_gpio.c" -mcpu=cortex-m0 -std=gnu11 -g3 -DUSE_HAL_DRIVER -DSTM32F072xB -DDEBUG -c -I../Drivers/STM32F0xx_HAL_Driver/Inc -I../Drivers/CMSIS/Include -I../Core/Inc -I../Drivers/STM32F0xx_HAL_Driver/Inc/Legacy -I../Drivers/CMSIS/Device/ST/STM32F0xx/Include -I"/home/chris/Projects/Embedded/DigitalOTATremolo_SW/SineWaveTable" -O0 -ffunction-sections -fdata-sections -Wall -fstack-usage -MMD -MP -MF"Drivers/STM32F0xx_HAL_Driver/Src/stm32f0xx_hal_gpio.d" -MT"Drivers/STM32F0xx_HAL_Driver/Src/stm32f0xx_hal_gpio.o" --specs=nano.specs -mfloat-abi=soft -mthumb -o "Drivers/STM32F0xx_HAL_Driver/Src/stm32f0xx_hal_gpio.o"
arm-none-eabi-gcc "../Drivers/STM32F0xx_HAL_Driver/Src/stm32f0xx_hal_i2c.c" -mcpu=cortex-m0 -std=gnu11 -g3 -DUSE_HAL_DRIVER -DSTM32F072xB -DDEBUG -c -I../Drivers/STM32F0xx_HAL_Driver/Inc -I../Drivers/CMSIS/Include -I../Core/Inc -I../Drivers/STM32F0xx_HAL_Driver/Inc/Legacy -I../Drivers/CMSIS/Device/ST/STM32F0xx/Include -I"/home/chris/Projects/Embedded/DigitalOTATremolo_SW/SineWaveTable" -O0 -ffunction-sections -fdata-sections -Wall -fstack-usage -MMD -MP -MF"Drivers/STM32F0xx_HAL_Driver/Src/stm32f0xx_hal_i2c.d" -MT"Drivers/STM32F0xx_HAL_Driver/Src/stm32f0xx_hal_i2c.o" --specs=nano.specs -mfloat-abi=soft -mthumb -o "Drivers/STM32F0xx_HAL_Driver/Src/stm32f0xx_hal_i2c.o"
arm-none-eabi-gcc "../Drivers/STM32F0xx_HAL_Driver/Src/stm32f0xx_hal_i2c_ex.c" -mcpu=cortex-m0 -std=gnu11 -g3 -DUSE_HAL_DRIVER -DSTM32F072xB -DDEBUG -c -I../Drivers/STM32F0xx_HAL_Driver/Inc -I../Drivers/CMSIS/Include -I../Core/Inc -I../Drivers/STM32F0xx_HAL_Driver/Inc/Legacy -I../Drivers/CMSIS/Device/ST/STM32F0xx/Include -I"/home/chris/Projects/Embedded/DigitalOTATremolo_SW/SineWaveTable" -O0 -ffunction-sections -fdata-sections -Wall -fstack-usage -MMD -MP -MF"Drivers/STM32F0xx_HAL_Driver/Src/stm32f0xx_hal_i2c_ex.d" -MT"Drivers/STM32F0xx_HAL_Driver/Src/stm32f0xx_hal_i2c_ex.o" --specs=nano.specs -mfloat-abi=soft -mthumb -o "Drivers/STM32F0xx_HAL_Driver/Src/stm32f0xx_hal_i2c_ex.o"
arm-none-eabi-gcc "../Drivers/STM32F0xx_HAL_Driver/Src/stm32f0xx_hal_pwr.c" -mcpu=cortex-m0 -std=gnu11 -g3 -DUSE_HAL_DRIVER -DSTM32F072xB -DDEBUG -c -I../Drivers/STM32F0xx_HAL_Driver/Inc -I../Drivers/CMSIS/Include -I../Core/Inc -I../Drivers/STM32F0xx_HAL_Driver/Inc/Legacy -I../Drivers/CMSIS/Device/ST/STM32F0xx/Include -I"/home/chris/Projects/Embedded/DigitalOTATremolo_SW/SineWaveTable" -O0 -ffunction-sections -fdata-sections -Wall -fstack-usage -MMD -MP -MF"Drivers/STM32F0xx_HAL_Driver/Src/stm32f0xx_hal_pwr.d" -MT"Drivers/STM32F0xx_HAL_Driver/Src/stm32f0xx_hal_pwr.o" --specs=nano.specs -mfloat-abi=soft -mthumb -o "Drivers/STM32F0xx_HAL_Driver/Src/stm32f0xx_hal_pwr.o"
arm-none-eabi-gcc "../Drivers/STM32F0xx_HAL_Driver/Src/stm32f0xx_hal_pwr_ex.c" -mcpu=cortex-m0 -std=gnu11 -g3 -DUSE_HAL_DRIVER -DSTM32F072xB -DDEBUG -c -I../Drivers/STM32F0xx_HAL_Driver/Inc -I../Drivers/CMSIS/Include -I../Core/Inc -I../Drivers/STM32F0xx_HAL_Driver/Inc/Legacy -I../Drivers/CMSIS/Device/ST/STM32F0xx/Include -I"/home/chris/Projects/Embedded/DigitalOTATremolo_SW/SineWaveTable" -O0 -ffunction-sections -fdata-sections -Wall -fstack-usage -MMD -MP -MF"Drivers/STM32F0xx_HAL_Driver/Src/stm32f0xx_hal_pwr_ex.d" -MT"Drivers/STM32F0xx_HAL_Driver/Src/stm32f0xx_hal_pwr_ex.o" --specs=nano.specs -mfloat-abi=soft -mthumb -o "Drivers/STM32F0xx_HAL_Driver/Src/stm32f0xx_hal_pwr_ex.o"
arm-none-eabi-gcc "../Drivers/STM32F0xx_HAL_Driver/Src/stm32f0xx_hal_rcc.c" -mcpu=cortex-m0 -std=gnu11 -g3 -DUSE_HAL_DRIVER -DSTM32F072xB -DDEBUG -c -I../Drivers/STM32F0xx_HAL_Driver/Inc -I../Drivers/CMSIS/Include -I../Core/Inc -I../Drivers/STM32F0xx_HAL_Driver/Inc/Legacy -I../Drivers/CMSIS/Device/ST/STM32F0xx/Include -I"/home/chris/Projects/Embedded/DigitalOTATremolo_SW/SineWaveTable" -O0 -ffunction-sections -fdata-sections -Wall -fstack-usage -MMD -MP -MF"Drivers/STM32F0xx_HAL_Driver/Src/stm32f0xx_hal_rcc.d" -MT"Drivers/STM32F0xx_HAL_Driver/Src/stm32f0xx_hal_rcc.o" --specs=nano.specs -mfloat-abi=soft -mthumb -o "Drivers/STM32F0xx_HAL_Driver/Src/stm32f0xx_hal_rcc.o"
arm-none-eabi-gcc "../Drivers/STM32F0xx_HAL_Driver/Src/stm32f0xx_hal_rcc_ex.c" -mcpu=cortex-m0 -std=gnu11 -g3 -DUSE_HAL_DRIVER -DSTM32F072xB -DDEBUG -c -I../Drivers/STM32F0xx_HAL_Driver/Inc -I../Drivers/CMSIS/Include -I../Core/Inc -I../Drivers/STM32F0xx_HAL_Driver/Inc/Legacy -I../Drivers/CMSIS/Device/ST/STM32F0xx/Include -I"/home/chris/Projects/Embedded/DigitalOTATremolo_SW/SineWaveTable" -O0 -ffunction-sections -fdata-sections -Wall -fstack-usage -MMD -MP -MF"Drivers/STM32F0xx_HAL_Driver/Src/stm32f0xx_hal_rcc_ex.d" -MT"Drivers/STM32F0xx_HAL_Driver/Src/stm32f0xx_hal_rcc_ex.o" --specs=nano.specs -mfloat-abi=soft -mthumb -o "Drivers/STM32F0xx_HAL_Driver/Src/stm32f0xx_hal_rcc_ex.o"
arm-none-eabi-gcc "../Drivers/STM32F0xx_HAL_Driver/Src/stm32f0xx_hal_tim.c" -mcpu=cortex-m0 -std=gnu11 -g3 -DUSE_HAL_DRIVER -DSTM32F072xB -DDEBUG -c -I../Drivers/STM32F0xx_HAL_Driver/Inc -I../Drivers/CMSIS/Include -I../Core/Inc -I../Drivers/STM32F0xx_HAL_Driver/Inc/Legacy -I../Drivers/CMSIS/Device/ST/STM32F0xx/Include -I"/home/chris/Projects/Embedded/DigitalOTATremolo_SW/SineWaveTable" -O0 -ffunction-sections -fdata-sections -Wall -fstack-usage -MMD -MP -MF"Drivers/STM32F0xx_HAL_Driver/Src/stm32f0xx_hal_tim.d" -MT"Drivers/STM32F0xx_HAL_Driver/Src/stm32f0xx_hal_tim.o" --specs=nano.specs -mfloat-abi=soft -mthumb -o "Drivers/STM32F0xx_HAL_Driver/Src/stm32f0xx_hal_tim.o"
arm-none-eabi-gcc "../Drivers/STM32F0xx_HAL_Driver/Src/stm32f0xx_hal_tim_ex.c" -mcpu=cortex-m0 -std=gnu11 -g3 -DUSE_HAL_DRIVER -DSTM32F072xB -DDEBUG -c -I../Drivers/STM32F0xx_HAL_Driver/Inc -I../Drivers/CMSIS/Include -I../Core/Inc -I../Drivers/STM32F0xx_HAL_Driver/Inc/Legacy -I../Drivers/CMSIS/Device/ST/STM32F0xx/Include -I"/home/chris/Projects/Embedded/DigitalOTATremolo_SW/SineWaveTable" -O0 -ffunction-sections -fdata-sections -Wall -fstack-usage -MMD -MP -MF"Drivers/STM32F0xx_HAL_Driver/Src/stm32f0xx_hal_tim_ex.d" -MT"Drivers/STM32F0xx_HAL_Driver/Src/stm32f0xx_hal_tim_ex.o" --specs=nano.specs -mfloat-abi=soft -mthumb -o "Drivers/STM32F0xx_HAL_Driver/Src/stm32f0xx_hal_tim_ex.o"
arm-none-eabi-gcc -mcpu=cortex-m0 -g3 -c -x assembler-with-cpp --specs=nano.specs -mfloat-abi=soft -mthumb -o "Core/Startup/startup_stm32f072rbtx.o" "../Core/Startup/startup_stm32f072rbtx.s"
arm-none-eabi-gcc "../Core/Src/dac.c" -mcpu=cortex-m0 -std=gnu11 -g3 -DUSE_HAL_DRIVER -DSTM32F072xB -DDEBUG -c -I../Drivers/STM32F0xx_HAL_Driver/Inc -I../Drivers/CMSIS/Include -I../Core/Inc -I../Drivers/STM32F0xx_HAL_Driver/Inc/Legacy -I../Drivers/CMSIS/Device/ST/STM32F0xx/Include -I"/home/chris/Projects/Embedded/DigitalOTATremolo_SW/SineWaveTable" -O0 -ffunction-sections -fdata-sections -Wall -fstack-usage -MMD -MP -MF"Core/Src/dac.d" -MT"Core/Src/dac.o" --specs=nano.specs -mfloat-abi=soft -mthumb -o "Core/Src/dac.o"
arm-none-eabi-gcc "../Core/Src/dma.c" -mcpu=cortex-m0 -std=gnu11 -g3 -DUSE_HAL_DRIVER -DSTM32F072xB -DDEBUG -c -I../Drivers/STM32F0xx_HAL_Driver/Inc -I../Drivers/CMSIS/Include -I../Core/Inc -I../Drivers/STM32F0xx_HAL_Driver/Inc/Legacy -I../Drivers/CMSIS/Device/ST/STM32F0xx/Include -I"/home/chris/Projects/Embedded/DigitalOTATremolo_SW/SineWaveTable" -O0 -ffunction-sections -fdata-sections -Wall -fstack-usage -MMD -MP -MF"Core/Src/dma.d" -MT"Core/Src/dma.o" --specs=nano.specs -mfloat-abi=soft -mthumb -o "Core/Src/dma.o"
arm-none-eabi-gcc "../Core/Src/gpio.c" -mcpu=cortex-m0 -std=gnu11 -g3 -DUSE_HAL_DRIVER -DSTM32F072xB -DDEBUG -c -I../Drivers/STM32F0xx_HAL_Driver/Inc -I../Drivers/CMSIS/Include -I../Core/Inc -I../Drivers/STM32F0xx_HAL_Driver/Inc/Legacy -I../Drivers/CMSIS/Device/ST/STM32F0xx/Include -I"/home/chris/Projects/Embedded/DigitalOTATremolo_SW/SineWaveTable" -O0 -ffunction-sections -fdata-sections -Wall -fstack-usage -MMD -MP -MF"Core/Src/gpio.d" -MT"Core/Src/gpio.o" --specs=nano.specs -mfloat-abi=soft -mthumb -o "Core/Src/gpio.o"
arm-none-eabi-gcc "../Core/Src/main.c" -mcpu=cortex-m0 -std=gnu11 -g3 -DUSE_HAL_DRIVER -DSTM32F072xB -DDEBUG -c -I../Drivers/STM32F0xx_HAL_Driver/Inc -I../Drivers/CMSIS/Include -I../Core/Inc -I../Drivers/STM32F0xx_HAL_Driver/Inc/Legacy -I../Drivers/CMSIS/Device/ST/STM32F0xx/Include -I"/home/chris/Projects/Embedded/DigitalOTATremolo_SW/SineWaveTable" -O0 -ffunction-sections -fdata-sections -Wall -fstack-usage -MMD -MP -MF"Core/Src/main.d" -MT"Core/Src/main.o" --specs=nano.specs -mfloat-abi=soft -mthumb -o "Core/Src/main.o"
arm-none-eabi-gcc "../Core/Src/stm32f0xx_hal_msp.c" -mcpu=cortex-m0 -std=gnu11 -g3 -DUSE_HAL_DRIVER -DSTM32F072xB -DDEBUG -c -I../Drivers/STM32F0xx_HAL_Driver/Inc -I../Drivers/CMSIS/Include -I../Core/Inc -I../Drivers/STM32F0xx_HAL_Driver/Inc/Legacy -I../Drivers/CMSIS/Device/ST/STM32F0xx/Include -I"/home/chris/Projects/Embedded/DigitalOTATremolo_SW/SineWaveTable" -O0 -ffunction-sections -fdata-sections -Wall -fstack-usage -MMD -MP -MF"Core/Src/stm32f0xx_hal_msp.d" -MT"Core/Src/stm32f0xx_hal_msp.o" --specs=nano.specs -mfloat-abi=soft -mthumb -o "Core/Src/stm32f0xx_hal_msp.o"
arm-none-eabi-gcc "../Core/Src/stm32f0xx_it.c" -mcpu=cortex-m0 -std=gnu11 -g3 -DUSE_HAL_DRIVER -DSTM32F072xB -DDEBUG -c -I../Drivers/STM32F0xx_HAL_Driver/Inc -I../Drivers/CMSIS/Include -I../Core/Inc -I../Drivers/STM32F0xx_HAL_Driver/Inc/Legacy -I../Drivers/CMSIS/Device/ST/STM32F0xx/Include -I"/home/chris/Projects/Embedded/DigitalOTATremolo_SW/SineWaveTable" -O0 -ffunction-sections -fdata-sections -Wall -fstack-usage -MMD -MP -MF"Core/Src/stm32f0xx_it.d" -MT"Core/Src/stm32f0xx_it.o" --specs=nano.specs -mfloat-abi=soft -mthumb -o "Core/Src/stm32f0xx_it.o"
arm-none-eabi-gcc "../Core/Src/syscalls.c" -mcpu=cortex-m0 -std=gnu11 -g3 -DUSE_HAL_DRIVER -DSTM32F072xB -DDEBUG -c -I../Drivers/STM32F0xx_HAL_Driver/Inc -I../Drivers/CMSIS/Include -I../Core/Inc -I../Drivers/STM32F0xx_HAL_Driver/Inc/Legacy -I../Drivers/CMSIS/Device/ST/STM32F0xx/Include -I"/home/chris/Projects/Embedded/DigitalOTATremolo_SW/SineWaveTable" -O0 -ffunction-sections -fdata-sections -Wall -fstack-usage -MMD -MP -MF"Core/Src/syscalls.d" -MT"Core/Src/syscalls.o" --specs=nano.specs -mfloat-abi=soft -mthumb -o "Core/Src/syscalls.o"
arm-none-eabi-gcc "../Core/Src/sysmem.c" -mcpu=cortex-m0 -std=gnu11 -g3 -DUSE_HAL_DRIVER -DSTM32F072xB -DDEBUG -c -I../Drivers/STM32F0xx_HAL_Driver/Inc -I../Drivers/CMSIS/Include -I../Core/Inc -I../Drivers/STM32F0xx_HAL_Driver/Inc/Legacy -I../Drivers/CMSIS/Device/ST/STM32F0xx/Include -I"/home/chris/Projects/Embedded/DigitalOTATremolo_SW/SineWaveTable" -O0 -ffunction-sections -fdata-sections -Wall -fstack-usage -MMD -MP -MF"Core/Src/sysmem.d" -MT"Core/Src/sysmem.o" --specs=nano.specs -mfloat-abi=soft -mthumb -o "Core/Src/sysmem.o"
arm-none-eabi-gcc "../Core/Src/system_stm32f0xx.c" -mcpu=cortex-m0 -std=gnu11 -g3 -DUSE_HAL_DRIVER -DSTM32F072xB -DDEBUG -c -I../Drivers/STM32F0xx_HAL_Driver/Inc -I../Drivers/CMSIS/Include -I../Core/Inc -I../Drivers/STM32F0xx_HAL_Driver/Inc/Legacy -I../Drivers/CMSIS/Device/ST/STM32F0xx/Include -I"/home/chris/Projects/Embedded/DigitalOTATremolo_SW/SineWaveTable" -O0 -ffunction-sections -fdata-sections -Wall -fstack-usage -MMD -MP -MF"Core/Src/system_stm32f0xx.d" -MT"Core/Src/system_stm32f0xx.o" --specs=nano.specs -mfloat-abi=soft -mthumb -o "Core/Src/system_stm32f0xx.o"
arm-none-eabi-gcc "../Core/Src/tim.c" -mcpu=cortex-m0 -std=gnu11 -g3 -DUSE_HAL_DRIVER -DSTM32F072xB -DDEBUG -c -I../Drivers/STM32F0xx_HAL_Driver/Inc -I../Drivers/CMSIS/Include -I../Core/Inc -I../Drivers/STM32F0xx_HAL_Driver/Inc/Legacy -I../Drivers/CMSIS/Device/ST/STM32F0xx/Include -I"/home/chris/Projects/Embedded/DigitalOTATremolo_SW/SineWaveTable" -O0 -ffunction-sections -fdata-sections -Wall -fstack-usage -MMD -MP -MF"Core/Src/tim.d" -MT"Core/Src/tim.o" --specs=nano.specs -mfloat-abi=soft -mthumb -o "Core/Src/tim.o"
arm-none-eabi-gcc -o "DigitalOTATremolo_SW.elf" @"objects.list"   -mcpu=cortex-m0 -T"/home/chris/Projects/Embedded/DigitalOTATremolo_SW/DigitalOTATremolo_SW/STM32F072RBTX_FLASH.ld" --specs=nosys.specs -Wl,-Map="DigitalOTATremolo_SW.map" -Wl,--gc-sections -static --specs=nano.specs -mfloat-abi=soft -mthumb -Wl,--start-group -lc -lm -Wl,--end-group
Finished building target: DigitalOTATremolo_SW.elf
 
arm-none-eabi-size   DigitalOTATremolo_SW.elf 
arm-none-eabi-objdump -h -S  DigitalOTATremolo_SW.elf  > "DigitalOTATremolo_SW.list"
   text	   data	    bss	    dec	    hex	filename
   8304	   2068	   1852	  12224	   2fc0	DigitalOTATremolo_SW.elf
arm-none-eabi-objcopy  -O binary  DigitalOTATremolo_SW.elf  "DigitalOTATremolo_SW.bin"
Finished building: default.size.stdout
 
Finished building: DigitalOTATremolo_SW.bin
 
Finished building: DigitalOTATremolo_SW.list
 
03:40:44 **** Incremental Build of configuration Debug for project DigitalOTATremolo_SW ****
make -j4 all 
arm-none-eabi-size   DigitalOTATremolo_SW.elf 
   text	   data	    bss	    dec	    hex	filename
   8304	   2068	   1852	  12224	   2fc0	DigitalOTATremolo_SW.elf
Finished building: default.size.stdout
 
