ssd1306.c:10:6:ssd1306_SetI2CAddress	16	static
ssd1306.c:18:6:ssd1306_Reset	8	static
ssd1306.c:26:6:ssd1306_WriteCommand	48	static
ssd1306.c:41:6:ssd1306_WriteData	48	static
ssd1306.c:92:6:ssd1306_Init	8	static
ssd1306.c:172:6:ssd1306_Fill	24	static
ssd1306.c:182:6:ssd1306_UpdateScreen	16	static
ssd1306.c:199:6:ssd1306_DrawPixel	24	static
ssd1306.c:224:6:ssd1306_DrawRectangle	32	static
ssd1306.c:241:6:ssd1306_WriteChar	48	static
ssd1306.c:286:6:ssd1306_WriteString	32	static
ssd1306.c:303:6:ssd1306_SetCursor	16	static
